/*---------------------------------------------------------------------------*\
  =========                 |
  \\      /  F ield         | OpenFOAM: The Open Source CFD Toolbox
   \\    /   O peration     | Website:  https://openfoam.org
    \\  /    A nd           | Version:  13
     \\/     M anipulation  |
\*---------------------------------------------------------------------------*/
Build  : 13-441953dfbb42
Exec   : checkMesh
Date   : Apr 24 2026
Time   : 09:54:46
Host   : "DESKTOP-NKIGO8J"
PID    : 26364
I/O    : uncollated
Case   : /mnt/c/Users/СЂСЃ/Desktop/bulbop2/bulbai2/projects/case-c8f6a7a7/working/night_optimization/foam_candidates/candidate-b251f7f0/working/openfoam_case
nProcs : 1
sigFpe : Enabling floating point exception trapping (FOAM_SIGFPE).
fileModificationChecking : Monitoring run-time modified files using timeStampMaster (fileModificationSkew 10)
allowSystemOperations : Allowing user-supplied system call operations

// * * * * * * * * * * * * * * * * * * * * * * * * * * * * * * * * * * * * * //
Create time

Create mesh for time = 0

Time = 0s

Mesh stats
    points:           153511
    faces:            385507
    internal faces:   355069
    cells:            118618
    faces per cell:   6.243369472
    boundary patches: 4
    point zones:      0
    face zones:       0
    cell zones:       0

Overall number of cells of each type:
    hexahedra:     91604
    prisms:        4996
    wedges:        0
    pyramids:      0
    tet wedges:    88
    tetrahedra:    0
    polyhedra:     21930
    Breakdown of polyhedra by number of faces:
        faces   number of cells
            4   4030
            5   3258
            6   5520
            7   49
            8   52
            9   4387
           10   21
           11   22
           12   3251
           14   6
           15   1237
           17   1
           18   96

Checking topology...
    Boundary definition OK.
    Cell to face addressing OK.
    Point usage OK.
    Upper triangular ordering OK.
    Face vertices OK.
    Number of regions: 1 (OK).

Checking patch topology for multiply connected surfaces...
                   Patch    Faces   Points                  Surface topology
                   inlet      673      786  ok (non-closed singly connected)
                  outlet     1092     1311  ok (non-closed singly connected)
                farField     4279     4687  ok (non-closed singly connected)
                    hull    24394    29617  ok (non-closed singly connected)

Checking geometry...
    Overall domain bounding box (-12 -6.00001616 -6.010782811) (24 6.045666285 6.011083381)
    Mesh has 3 geometric (non-empty/wedge) directions (1 1 1)
    Mesh has 3 solution (non-empty) directions (1 1 1)
    Max cell openness = 3.765489837e-16 OK.
    Max aspect ratio = 7.43002952 OK.
    Minimum face area = 0.0005494721488. Maximum face area = 0.5555404494.  Face area magnitudes OK.
    Min volume = 9.379466164e-05. Max volume = 0.3340322377.  Total volume = 3897.459522.  Cell volumes OK.
    Mesh non-orthogonality Max: 64.5276572 average: 13.46956522
    Non-orthogonality check OK.
    Face pyramids OK.
    Max skewness = 2.8159944 OK.
    Coupled point location match (average 0) OK.

Mesh OK.

End

