/*---------------------------------------------------------------------------*\
  =========                 |
  \\      /  F ield         | OpenFOAM: The Open Source CFD Toolbox
   \\    /   O peration     | Website:  https://openfoam.org
    \\  /    A nd           | Version:  13
     \\/     M anipulation  |
\*---------------------------------------------------------------------------*/
Build  : 13-441953dfbb42
Exec   : checkMesh
Date   : Apr 24 2026
Time   : 09:48:38
Host   : "DESKTOP-NKIGO8J"
PID    : 21930
I/O    : uncollated
Case   : /mnt/c/Users/СЂСЃ/Desktop/bulbop2/bulbai2/projects/case-c8f6a7a7/working/night_optimization/foam_candidates/candidate-1cbcc8e7/working/openfoam_case
nProcs : 1
sigFpe : Enabling floating point exception trapping (FOAM_SIGFPE).
fileModificationChecking : Monitoring run-time modified files using timeStampMaster (fileModificationSkew 10)
allowSystemOperations : Allowing user-supplied system call operations

// * * * * * * * * * * * * * * * * * * * * * * * * * * * * * * * * * * * * * //
Create time

Create mesh for time = 0

Time = 0s

Mesh stats
    points:           153797
    faces:            386257
    internal faces:   355803
    cells:            118845
    faces per cell:   6.243931171
    boundary patches: 4
    point zones:      0
    face zones:       0
    cell zones:       0

Overall number of cells of each type:
    hexahedra:     91808
    prisms:        4989
    wedges:        0
    pyramids:      0
    tet wedges:    92
    tetrahedra:    1
    polyhedra:     21955
    Breakdown of polyhedra by number of faces:
        faces   number of cells
            4   4040
            5   3277
            6   5505
            7   42
            8   52
            9   4391
           10   21
           11   19
           12   3246
           14   9
           15   1253
           17   1
           18   99

Checking topology...
    Boundary definition OK.
    Cell to face addressing OK.
    Point usage OK.
    Upper triangular ordering OK.
    Face vertices OK.
    Number of regions: 1 (OK).

Checking patch topology for multiply connected surfaces...
                   Patch    Faces   Points                  Surface topology
                   inlet      673      786  ok (non-closed singly connected)
                  outlet     1068     1296  ok (non-closed singly connected)
                farField     4286     4690  ok (non-closed singly connected)
                    hull    24427    29636  ok (non-closed singly connected)

Checking geometry...
    Overall domain bounding box (-12 -6.000015226 -6.010782811) (24 6.045666285 6.011083381)
    Mesh has 3 geometric (non-empty/wedge) directions (1 1 1)
    Mesh has 3 solution (non-empty) directions (1 1 1)
    Max cell openness = 3.765489837e-16 OK.
    Max aspect ratio = 7.390165724 OK.
    Minimum face area = 0.001387951351. Maximum face area = 0.5553226287.  Face area magnitudes OK.
    Min volume = 0.00010484928. Max volume = 0.3340322342.  Total volume = 3898.425661.  Cell volumes OK.
    Mesh non-orthogonality Max: 64.46201069 average: 13.46766769
    Non-orthogonality check OK.
    Face pyramids OK.
    Max skewness = 2.770166327 OK.
    Coupled point location match (average 0) OK.

Mesh OK.

End

