/*---------------------------------------------------------------------------*\
  =========                 |
  \\      /  F ield         | OpenFOAM: The Open Source CFD Toolbox
   \\    /   O peration     | Website:  https://openfoam.org
    \\  /    A nd           | Version:  13
     \\/     M anipulation  |
\*---------------------------------------------------------------------------*/
Build  : 13-441953dfbb42
Exec   : snappyHexMesh -overwrite
Date   : Apr 24 2026
Time   : 09:46:40
Host   : "DESKTOP-NKIGO8J"
PID    : 21361
I/O    : uncollated
Case   : /mnt/c/Users/СЂСЃ/Desktop/bulbop2/bulbai2/projects/case-c8f6a7a7/working/night_optimization/foam_candidates/candidate-1cbcc8e7/working/openfoam_case
nProcs : 1
sigFpe : Enabling floating point exception trapping (FOAM_SIGFPE).
fileModificationChecking : Monitoring run-time modified files using timeStampMaster (fileModificationSkew 10)
allowSystemOperations : Allowing user-supplied system call operations

// * * * * * * * * * * * * * * * * * * * * * * * * * * * * * * * * * * * * * //
Create time

Create mesh for time = 0

Read mesh in = 0.091923 s
Deprecated option 'overwrite' specified, this is now the default behaviour

Reading "snappyHexMeshDict"


Overall mesh bounding box  : (-12 -6 -6) (24 6 6)
Relative tolerance         : 1e-06
Absolute matching distance : 3.979949748e-05

Reading refinement surfaces...
Read refinement surfaces in = 0.024053 s

Reading refinement regions...
Read refinement regions in = 7.1e-05 s

Reading features...
Read features in = 4e-05 s


Determining initial surface intersections
-----------------------------------------

Edge intersection testing:
    Number of edges             : 50000
    Number of edges to retest   : 50000
    Number of intersected edges : 1903
Calculated surface intersections in = 0.20486 s

Initial mesh : cells:16000  faces:50000  points:18081
Cells per refinement level:
    0	16000

Adding patches for surface regions
----------------------------------

Patch Type                Region                        
----- ----                ------                        
hull:

3     wall                hull                          

Added patches in = 0.001795 s

Selecting distributor none
Cell selection insidePoints: 1((0 0 3))

Refinement phase
----------------

Found point (0 0 3) in cell 11573 on processor 0

Surface refinement iteration 0
------------------------------

Marked for refinement due to surface intersection          : 2149 cells.
Marked for refinement due to curvature/regions             : 0 cells.
Determined cells to refine in = 0.18197 s
Selected for refinement : 2149 cells (out of 16000)
Edge intersection testing:
    Number of edges             : 101042
    Number of edges to retest   : 65688
    Number of intersected edges : 7606
Refined mesh in = 0.234081 s
After refinement surface refinement iteration 0 : cells:31043  faces:101042  points:39127
Cells per refinement level:
    0	13851
    1	17192

Surface refinement iteration 1
------------------------------

Marked for refinement due to surface intersection          : 8661 cells.
Marked for refinement due to curvature/regions             : 0 cells.
Determined cells to refine in = 0.013687 s
Selected for refinement : 9553 cells (out of 31043)
Edge intersection testing:
    Number of edges             : 324989
    Number of edges to retest   : 289594
    Number of intersected edges : 30490
Refined mesh in = 0.886133 s
After refinement surface refinement iteration 1 : cells:97914  faces:324989  points:129524
Cells per refinement level:
    0	12931
    1	15919
    2	69064

Surface refinement iteration 2
------------------------------

Marked for refinement due to surface intersection          : 127 cells.
Marked for refinement due to curvature/regions             : 1534 cells.
Determined cells to refine in = 0.255911 s
Selected for refinement : 1847 cells (out of 97914)
Edge intersection testing:
    Number of edges             : 370112
    Number of edges to retest   : 75976
    Number of intersected edges : 36394
Refined mesh in = 0.93863 s
After refinement surface refinement iteration 2 : cells:110843  faces:370112  points:149452
Cells per refinement level:
    0	12887
    1	16002
    2	69682
    3	12272

Surface refinement iteration 3
------------------------------

Marked for refinement due to surface intersection          : 0 cells.
Marked for refinement due to curvature/regions             : 155 cells.
Determined cells to refine in = 0.212024 s
Selected for refinement : 175 cells (out of 110843)
Edge intersection testing:
    Number of edges             : 374153
    Number of edges to retest   : 12370
    Number of intersected edges : 36703
Refined mesh in = 0.741072 s
After refinement surface refinement iteration 3 : cells:112068  faces:374153  points:151021
Cells per refinement level:
    0	12883
    1	16018
    2	69655
    3	13512

Surface refinement iteration 4
------------------------------

Marked for refinement due to surface intersection          : 0 cells.
Marked for refinement due to curvature/regions             : 9 cells.
Determined cells to refine in = 0.178461 s
Selected for refinement : 13 cells (out of 112068)
Edge intersection testing:
    Number of edges             : 374444
    Number of edges to retest   : 1127
    Number of intersected edges : 36715
Refined mesh in = 0.531737 s
After refinement surface refinement iteration 4 : cells:112159  faces:374444  points:151127
Cells per refinement level:
    0	12883
    1	16014
    2	69678
    3	13584

Surface refinement iteration 5
------------------------------

Marked for refinement due to surface intersection          : 0 cells.
Marked for refinement due to curvature/regions             : 0 cells.
Determined cells to refine in = 0.170133 s
Selected for refinement : 0 cells (out of 112159)
Stopping refining since too few cells selected.


Removing mesh beyond surface intersections
------------------------------------------

Selecting all cells in regions containing any of the points in 1((0 0 3))
Selected: 96240 cells.
Edge intersection testing:
    Number of edges             : 332793
    Number of edges to retest   : 28214
    Number of intersected edges : 36715

Shell refinement iteration 0
----------------------------

Marked for refinement due to distance to explicit features : 0 cells.
Marked for refinement due to refinement shells             : 0 cells.
Determined cells to refine in = 2.965958 s
Selected for internal refinement : 9325 cells (out of 96240)
Edge intersection testing:
    Number of edges             : 535134
    Number of edges to retest   : 435011
    Number of intersected edges : 40385
Refined mesh in = 1.962922 s
After refinement shell refinement iteration 0 : cells:161515  faces:535134  points:212151
Cells per refinement level:
    0	10003
    1	12990
    2	99180
    3	39342

Shell refinement iteration 1
----------------------------

Marked for refinement due to distance to explicit features : 0 cells.
Marked for refinement due to refinement shells             : 0 cells.
Determined cells to refine in = 0.418164 s
Selected for internal refinement : 1915 cells (out of 161515)
Edge intersection testing:
    Number of edges             : 577137
    Number of edges to retest   : 133958
    Number of intersected edges : 41739
Refined mesh in = 1.541813 s
After refinement shell refinement iteration 1 : cells:174920  faces:577137  points:227353
Cells per refinement level:
    0	9479
    1	16885
    2	100462
    3	48094

Shell refinement iteration 2
----------------------------

Marked for refinement due to distance to explicit features : 0 cells.
Marked for refinement due to refinement shells             : 0 cells.
Determined cells to refine in = 0.234104 s
Selected for internal refinement : 247 cells (out of 174920)
Edge intersection testing:
    Number of edges             : 582402
    Number of edges to retest   : 20415
    Number of intersected edges : 41780
Refined mesh in = 0.975257 s
After refinement shell refinement iteration 2 : cells:176649  faces:582402  points:229163
Cells per refinement level:
    0	9420
    1	17200
    2	101687
    3	48342

Shell refinement iteration 3
----------------------------

Marked for refinement due to distance to explicit features : 0 cells.
Marked for refinement due to refinement shells             : 0 cells.
Determined cells to refine in = 0.222553 s
Selected for internal refinement : 16 cells (out of 176649)
Edge intersection testing:
    Number of edges             : 582759
    Number of edges to retest   : 1505
    Number of intersected edges : 41780
Refined mesh in = 0.994417 s
After refinement shell refinement iteration 3 : cells:176761  faces:582759  points:229297
Cells per refinement level:
    0	9405
    1	17319
    2	101695
    3	48342

Shell refinement iteration 4
----------------------------

Marked for refinement due to distance to explicit features : 0 cells.
Marked for refinement due to refinement shells             : 0 cells.
Determined cells to refine in = 0.309019 s
Selected for internal refinement : 0 cells (out of 176761)
Stopping refining since too few cells selected.


Dangling coarse cells refinement iteration 0
--------------------------------------------

Determined cells to refine in = 0.013099 s
Selected for refinement : 20 cells (out of 176761)
Edge intersection testing:
    Number of edges             : 583059
    Number of edges to retest   : 2402
    Number of intersected edges : 41780
Refined mesh in = 0.892579 s
After refinement coarse cell refinement iteration 0 : cells:176901  faces:583059  points:229337
Cells per refinement level:
    0	9405
    1	17305
    2	101801
    3	48390

Dangling coarse cells refinement iteration 1
--------------------------------------------

Determined cells to refine in = 0.01413 s
Selected for refinement : 0 cells (out of 176901)
Stopping refining since too few cells selected.


Dangling coarse cells refinement iteration 0
--------------------------------------------

Determined cells to refine in = 0.009241 s
Selected for refinement : 0 cells (out of 176901)
Stopping refining since too few cells selected.


Splitting mesh at surface intersections
---------------------------------------

Introducing baffles for 41780 faces that are intersected by the surface.

Edge intersection testing:
    Number of edges             : 624705
    Number of edges to retest   : 228742
    Number of intersected edges : 82480
Created baffles in = 1.455735 s


After introducing baffles : cells:176901  faces:624705  points:229337
Cells per refinement level:
    0	9405
    1	17305
    2	101801
    3	48390

Introducing baffles to block off problem cells
----------------------------------------------

markFacesOnProblemCells : marked 46187 additional internal faces to be converted into baffles.
Analyzed problem cells in = 0.639509 s


Introducing baffles to delete problem cells.

Edge intersection testing:
    Number of edges             : 670892
    Number of edges to retest   : 168593
    Number of intersected edges : 82553
Created baffles in = 1.033267 s


After introducing baffles : cells:176901  faces:670892  points:229337
Cells per refinement level:
    0	9405
    1	17305
    2	101801
    3	48390

Remove unreachable sections of mesh
-----------------------------------

Keeping all cells in regions containing any point in 1((0 0 3))
Selected for keeping : 118845 cells.
Edge intersection testing:
    Number of edges             : 403375
    Number of edges to retest   : 0
    Number of intersected edges : 40855
Split mesh in = 4.096988 s


After subsetting : cells:118845  faces:403375  points:166600
Cells per refinement level:
    0	8932
    1	16120
    2	65911
    3	27882

Handling cells with snap problems
---------------------------------

Introducing baffles for 40855 faces that are intersected by the surface.

Edge intersection testing:
    Number of edges             : 403375
    Number of edges to retest   : 113815
    Number of intersected edges : 40855
Created baffles in = 0.945146 s


After introducing baffles : cells:118845  faces:403375  points:166600
Cells per refinement level:
    0	8932
    1	16120
    2	65911
    3	27882

Introducing baffles to block off problem cells
----------------------------------------------

markFacesOnProblemCells : marked 0 additional internal faces to be converted into baffles.
Analyzed problem cells in = 0.409878 s


Introducing baffles to delete problem cells.

Edge intersection testing:
    Number of edges             : 403375
    Number of edges to retest   : 0
    Number of intersected edges : 40855
Created baffles in = 0.491896 s


After introducing baffles : cells:118845  faces:403375  points:166600
Cells per refinement level:
    0	8932
    1	16120
    2	65911
    3	27882

Remove unreachable sections of mesh
-----------------------------------

Split mesh in = 2.29194 s


After subsetting : cells:118845  faces:403375  points:166600
Cells per refinement level:
    0	8932
    1	16120
    2	65911
    3	27882

Merge free-standing baffles
---------------------------

freeStandingBaffles : detected 41 free-standing baffles out of 41

freeStandingBaffles : detected 15 planar (within 30 degrees) free-standing baffles out of 41

Detected free-standing baffles : 15
Edge intersection testing:
    Number of edges             : 403360
    Number of edges to retest   : 15
    Number of intersected edges : 40840

Introducing baffles to block off problem cells
----------------------------------------------

markFacesOnProblemCells : marked 0 additional internal faces to be converted into baffles.
Analyzed problem cells in = 0.965556 s


Introducing baffles to delete problem cells.

Edge intersection testing:
    Number of edges             : 403360
    Number of edges to retest   : 0
    Number of intersected edges : 40840
Created baffles in = 0.662014 s


After introducing baffles : cells:118845  faces:403360  points:166600
Cells per refinement level:
    0	8932
    1	16120
    2	65911
    3	27882
Merged free-standing baffles in = 0.001434 s


dupNonManifoldPoints : Found : 29 non-manifold points (out of 166600)
Edge intersection testing:
    Number of edges             : 403360
    Number of edges to retest   : 0
    Number of intersected edges : 40840
Detected unsplittable baffles : 1
Edge intersection testing:
    Number of edges             : 403359
    Number of edges to retest   : 1
    Number of intersected edges : 40839
Merged free-standing baffles in = 3.609371 s.

Merge refined boundary faces
----------------------------

Merging 188 sets of faces.

Edge intersection testing:
    Number of edges             : 402997
    Number of edges to retest   : 1704
    Number of intersected edges : 40491

Undo iteration 0
----------------
Checking faces in error :
    non-orthogonality > 65  degrees                        : 0
    faces with face pyramid volume < 1e-13                 : 0
    faces with face-decomposition tet quality < 1e-15      : 0
    faces with concavity > 80  degrees                     : 0
    faces with skewness > 4   (internal) or 20  (boundary) : 0
    faces with interpolation weights (0..1)  < 0.02        : 0
    faces with volume ratio of neighbour cells < 0.01      : 0
    faces with face twist < 0.02                           : 0
    faces on cells with determinant < 0.001                : 0

Merging all points on surface that
- are used by only two boundary faces and
- make an angle with a cosine of more than 0.7071067812.

Removing 285 straight edge points ...

Edge intersection testing:
    Number of edges             : 402997
    Number of edges to retest   : 2152
    Number of intersected edges : 40491

Undo iteration 0
----------------
Checking faces in error :
    non-orthogonality > 65  degrees                        : 0
    faces with face pyramid volume < 1e-13                 : 0
    faces with face-decomposition tet quality < 1e-15      : 0
    faces with concavity > 80  degrees                     : 0
    faces with skewness > 4   (internal) or 20  (boundary) : 0
    faces with interpolation weights (0..1)  < 0.02        : 0
    faces with volume ratio of neighbour cells < 0.01      : 0
    faces with face twist < 0.02                           : 0
    faces on cells with determinant < 0.001                : 0
Refined mesh : cells:118845  faces:402997  points:166257
Cells per refinement level:
    0	8932
    1	16120
    2	65911
    3	27882
Writing mesh to time constant
Wrote mesh in = 3.324904 s.
Mesh refined in = 34.824508 s.

Morphing phase
--------------


Snapping to features in 10 iterations ...
Constructing mesh displacer ...
Using mesh parameters 
{
    maxNonOrtho     65;
    maxBoundarySkewness 20;
    maxInternalSkewness 4;
    maxConcave      80;
    minVol          1e-13;
    minTetQuality   1e-15;
    minArea         -1;
    minTwist        0.02;
    minDeterminant  0.001;
    minFaceWeight   0.02;
    minVolRatio     0.01;
    minTriangleTwist -1;
    nSmoothScale    4;
    errorReduction  0.75;
}


Checking initial mesh ...
Checking faces in error :
    non-orthogonality > 65  degrees                        : 0
    faces with face pyramid volume < 1e-13                 : 0
    faces with face-decomposition tet quality < 1e-15      : 0
    faces with concavity > 80  degrees                     : 0
    faces with skewness > 4   (internal) or 20  (boundary) : 0
    faces with interpolation weights (0..1)  < 0.02        : 0
    faces with volume ratio of neighbour cells < 0.01      : 0
    faces with face twist < 0.02                           : 0
    faces on cells with determinant < 0.001                : 0
Detected 0 illegal faces (concave, zero area or negative cell pyramid volume)
Checked initial mesh in = 0.917337 s


Smoothing patch points ...
Smoothing iteration 0
Found 58 non-manifold point(s).

Scaling iteration 0
Moving mesh using displacement scaling : min:1  max:1
Checking faces in error :
    non-orthogonality > 65  degrees                        : 0
    faces with face pyramid volume < 1e-13                 : 0
    faces with face-decomposition tet quality < 1e-15      : 0
    faces with concavity > 80  degrees                     : 0
    faces with skewness > 4   (internal) or 20  (boundary) : 0
    faces with interpolation weights (0..1)  < 0.02        : 0
    faces with volume ratio of neighbour cells < 0.01      : 0
    faces with face twist < 0.02                           : 0
    faces on cells with determinant < 0.001                : 0
Successfully moved mesh

Smoothing iteration 1
Found 0 non-manifold point(s).

Scaling iteration 0
Moving mesh using displacement scaling : min:1  max:1
Checking faces in error :
    non-orthogonality > 65  degrees                        : 0
    faces with face pyramid volume < 1e-13                 : 0
    faces with face-decomposition tet quality < 1e-15      : 0
    faces with concavity > 80  degrees                     : 0
    faces with skewness > 4   (internal) or 20  (boundary) : 0
    faces with interpolation weights (0..1)  < 0.02        : 0
    faces with volume ratio of neighbour cells < 0.01      : 0
    faces with face twist < 0.02                           : 0
    faces on cells with determinant < 0.001                : 0
Successfully moved mesh

Smoothing iteration 2
Found 0 non-manifold point(s).

Scaling iteration 0
Moving mesh using displacement scaling : min:1  max:1
Checking faces in error :
    non-orthogonality > 65  degrees                        : 0
    faces with face pyramid volume < 1e-13                 : 0
    faces with face-decomposition tet quality < 1e-15      : 0
    faces with concavity > 80  degrees                     : 0
    faces with skewness > 4   (internal) or 20  (boundary) : 0
    faces with interpolation weights (0..1)  < 0.02        : 0
    faces with volume ratio of neighbour cells < 0.01      : 0
    faces with face twist < 0.02                           : 0
    faces on cells with determinant < 0.001                : 0
Successfully moved mesh

Patch points smoothed in = 3.523726 s



Morph iteration 0
-----------------
Calculating patchDisplacement as distance to nearest surface point ...
Wanted displacement : average:0.01865932933 min:1.267436366e-06 max:0.1078851184
Calculated surface displacement in = 0.103337 s


Detecting near surfaces ...
Overriding nearest with intersection of close gaps at 0 out of 42096 points.
Overriding displacement on features :
   implicit features    : false
   explicit features    : true
   multi-patch features : false

Detected 14 baffle edges out of 83262 edges.
Initially selected 2490 points out of 42096 for reverse attraction.
Selected 6657 points out of 42096 for reverse attraction.
Stringing feature edges : changed 0 points
Attraction:
     linear   : max:(-0.01182939238 0.07209640463 0.07938118602) avg:(0.0003052239647 0.006160771613 3.68791421e-05)
     feature  : max:(0 0 0) avg:(0 0 0)
Feature analysis : total master points:42096 attraction to :
    feature point   : 0
    feature edge    : 0
    nearest surface : 0
    rest            : 42096

--> FOAM Warning : Displacement (-0.0003838406214 -0.0002045244821 0.0003035448277) at mesh point 94548 coord (7.039773241 -0.6004450307 0.0551442981) points through the surrounding patch faces
Smoothing displacement ...
Iteration 0
Iteration 10
Iteration 20
Displacement smoothed in = 1.34243 s


Moving mesh ...

Iteration 0
Moving mesh using displacement scaling : min:1  max:1
Checking faces in error :
    non-orthogonality > 65  degrees                        : 0
    faces with face pyramid volume < 1e-13                 : 0
    faces with face-decomposition tet quality < 1e-15      : 0
    faces with concavity > 80  degrees                     : 0
    faces with skewness > 4   (internal) or 20  (boundary) : 0
    faces with interpolation weights (0..1)  < 0.02        : 0
    faces with volume ratio of neighbour cells < 0.01      : 0
    faces with face twist < 0.02                           : 0
    faces on cells with determinant < 0.001                : 0
Successfully moved mesh
Moved mesh in = 0.648579 s



Morph iteration 1
-----------------
Calculating patchDisplacement as distance to nearest surface point ...
Wanted displacement : average:0.0173803658 min:4.509242214e-06 max:0.1056653344
Calculated surface displacement in = 0.100219 s


Detecting near surfaces ...
Overriding nearest with intersection of close gaps at 0 out of 42096 points.
Overriding displacement on features :
   implicit features    : false
   explicit features    : true
   multi-patch features : false

Detected 14 baffle edges out of 83262 edges.
Initially selected 2486 points out of 42096 for reverse attraction.
Selected 6653 points out of 42096 for reverse attraction.
Stringing feature edges : changed 0 points
Attraction:
     linear   : max:(-0.0115859974 0.07061298918 0.07774788298) avg:(0.0002791512385 0.005557977356 3.235338201e-05)
     feature  : max:(0 0 0) avg:(0 0 0)
Feature analysis : total master points:42096 attraction to :
    feature point   : 0
    feature edge    : 0
    nearest surface : 0
    rest            : 42096

--> FOAM Warning : Displacement (-0.0008400521938 -0.0003976089603 0.0007936474929) at mesh point 94548 coord (7.039389401 -0.6006495552 0.05544784293) points through the surrounding patch faces
Smoothing displacement ...
Iteration 0
Iteration 10
Iteration 20
Displacement smoothed in = 1.415792 s


Moving mesh ...

Iteration 0
Moving mesh using displacement scaling : min:1  max:1
Checking faces in error :
    non-orthogonality > 65  degrees                        : 0
    faces with face pyramid volume < 1e-13                 : 0
    faces with face-decomposition tet quality < 1e-15      : 1
    faces with concavity > 80  degrees                     : 0
    faces with skewness > 4   (internal) or 20  (boundary) : 0
    faces with interpolation weights (0..1)  < 0.02        : 0
    faces with volume ratio of neighbour cells < 0.01      : 0
    faces with face twist < 0.02                           : 0
    faces on cells with determinant < 0.001                : 0

Iteration 1
Moving mesh using displacement scaling : min:0.75  max:1
Checking faces in error :
    non-orthogonality > 65  degrees                        : 0
    faces with face pyramid volume < 1e-13                 : 0
    faces with face-decomposition tet quality < 1e-15      : 0
    faces with concavity > 80  degrees                     : 0
    faces with skewness > 4   (internal) or 20  (boundary) : 0
    faces with interpolation weights (0..1)  < 0.02        : 0
    faces with volume ratio of neighbour cells < 0.01      : 0
    faces with face twist < 0.02                           : 0
    faces on cells with determinant < 0.001                : 0
Successfully moved mesh
Moved mesh in = 1.286834 s



Morph iteration 2
-----------------
Calculating patchDisplacement as distance to nearest surface point ...
Wanted displacement : average:0.01507261846 min:7.76921417e-07 max:0.1007154744
Calculated surface displacement in = 0.101841 s


Detecting near surfaces ...
Overriding nearest with intersection of close gaps at 0 out of 42096 points.
Overriding displacement on features :
   implicit features    : false
   explicit features    : true
   multi-patch features : false

Detected 14 baffle edges out of 83262 edges.
Initially selected 2493 points out of 42096 for reverse attraction.
Selected 6656 points out of 42096 for reverse attraction.
Stringing feature edges : changed 0 points
Attraction:
     linear   : max:(-0.01104325493 0.06730514549 0.07410580738) avg:(0.0002306393971 0.004470007398 2.607090415e-05)
     feature  : max:(0 0 0) avg:(0 0 0)
Feature analysis : total master points:42096 attraction to :
    feature point   : 0
    feature edge    : 0
    nearest surface : 0
    rest            : 42096

--> FOAM Warning : Displacement (2.201808219e-05 -0.0001302515848 -0.0001154086465) at mesh point 27094 coord (-1.874109523 1.301739378 -1.700469762) points through the surrounding patch faces
Smoothing displacement ...
Iteration 0
Iteration 10
Iteration 20
Displacement smoothed in = 1.380074 s


Moving mesh ...

Iteration 0
Moving mesh using displacement scaling : min:1  max:1
Checking faces in error :
    non-orthogonality > 65  degrees                        : 0
    faces with face pyramid volume < 1e-13                 : 0
    faces with face-decomposition tet quality < 1e-15      : 4
    faces with concavity > 80  degrees                     : 0
    faces with skewness > 4   (internal) or 20  (boundary) : 0
    faces with interpolation weights (0..1)  < 0.02        : 0
    faces with volume ratio of neighbour cells < 0.01      : 0
    faces with face twist < 0.02                           : 0
    faces on cells with determinant < 0.001                : 0

Iteration 1
Moving mesh using displacement scaling : min:0.75  max:1
Checking faces in error :
    non-orthogonality > 65  degrees                        : 0
    faces with face pyramid volume < 1e-13                 : 0
    faces with face-decomposition tet quality < 1e-15      : 2
    faces with concavity > 80  degrees                     : 0
    faces with skewness > 4   (internal) or 20  (boundary) : 0
    faces with interpolation weights (0..1)  < 0.02        : 0
    faces with volume ratio of neighbour cells < 0.01      : 0
    faces with face twist < 0.02                           : 0
    faces on cells with determinant < 0.001                : 0

Iteration 2
Moving mesh using displacement scaling : min:0.5625  max:1
Checking faces in error :
    non-orthogonality > 65  degrees                        : 0
    faces with face pyramid volume < 1e-13                 : 0
    faces with face-decomposition tet quality < 1e-15      : 2
    faces with concavity > 80  degrees                     : 0
    faces with skewness > 4   (internal) or 20  (boundary) : 0
    faces with interpolation weights (0..1)  < 0.02        : 0
    faces with volume ratio of neighbour cells < 0.01      : 0
    faces with face twist < 0.02                           : 0
    faces on cells with determinant < 0.001                : 0

Iteration 3
Moving mesh using displacement scaling : min:0.421875  max:1
Checking faces in error :
    non-orthogonality > 65  degrees                        : 0
    faces with face pyramid volume < 1e-13                 : 0
    faces with face-decomposition tet quality < 1e-15      : 2
    faces with concavity > 80  degrees                     : 0
    faces with skewness > 4   (internal) or 20  (boundary) : 0
    faces with interpolation weights (0..1)  < 0.02        : 0
    faces with volume ratio of neighbour cells < 0.01      : 0
    faces with face twist < 0.02                           : 0
    faces on cells with determinant < 0.001                : 0

Iteration 4
Moving mesh using displacement scaling : min:0.31640625  max:1
Checking faces in error :
    non-orthogonality > 65  degrees                        : 0
    faces with face pyramid volume < 1e-13                 : 0
    faces with face-decomposition tet quality < 1e-15      : 0
    faces with concavity > 80  degrees                     : 0
    faces with skewness > 4   (internal) or 20  (boundary) : 0
    faces with interpolation weights (0..1)  < 0.02        : 0
    faces with volume ratio of neighbour cells < 0.01      : 0
    faces with face twist < 0.02                           : 0
    faces on cells with determinant < 0.001                : 0
Successfully moved mesh
Moved mesh in = 3.976983 s



Morph iteration 3
-----------------
Calculating patchDisplacement as distance to nearest surface point ...
Wanted displacement : average:0.01223598913 min:7.430632321e-08 max:0.09484804467
Calculated surface displacement in = 0.099134 s


Detecting near surfaces ...
Overriding nearest with intersection of close gaps at 0 out of 42096 points.
Overriding displacement on features :
   implicit features    : false
   explicit features    : true
   multi-patch features : false

Detected 12 baffle edges out of 83262 edges.
Initially selected 2486 points out of 42096 for reverse attraction.
Selected 6651 points out of 42096 for reverse attraction.
Stringing feature edges : changed 0 points
Attraction:
     linear   : max:(-0.01325277235 0.05672872558 0.07484896322) avg:(0.0001703381263 0.003160672743 1.863179296e-05)
     feature  : max:(0 0 0) avg:(0 0 0)
Feature analysis : total master points:42096 attraction to :
    feature point   : 0
    feature edge    : 0
    nearest surface : 0
    rest            : 42096

--> FOAM Warning : Displacement (-0.0004060045365 0.0001739054891 0.001375512527) at mesh point 56801 coord (16.78591381 1.505709127 1.100982634) points through the surrounding patch faces
Smoothing displacement ...
Iteration 0
Iteration 10
Iteration 20
Displacement smoothed in = 1.039051 s


Moving mesh ...

Iteration 0
Moving mesh using displacement scaling : min:1  max:1
Checking faces in error :
    non-orthogonality > 65  degrees                        : 0
    faces with face pyramid volume < 1e-13                 : 0
    faces with face-decomposition tet quality < 1e-15      : 4
    faces with concavity > 80  degrees                     : 0
    faces with skewness > 4   (internal) or 20  (boundary) : 0
    faces with interpolation weights (0..1)  < 0.02        : 0
    faces with volume ratio of neighbour cells < 0.01      : 0
    faces with face twist < 0.02                           : 0
    faces on cells with determinant < 0.001                : 0

Iteration 1
Moving mesh using displacement scaling : min:0.75  max:1
Checking faces in error :
    non-orthogonality > 65  degrees                        : 0
    faces with face pyramid volume < 1e-13                 : 0
    faces with face-decomposition tet quality < 1e-15      : 4
    faces with concavity > 80  degrees                     : 0
    faces with skewness > 4   (internal) or 20  (boundary) : 0
    faces with interpolation weights (0..1)  < 0.02        : 0
    faces with volume ratio of neighbour cells < 0.01      : 0
    faces with face twist < 0.02                           : 0
    faces on cells with determinant < 0.001                : 0

Iteration 2
Moving mesh using displacement scaling : min:0.5625  max:1
Checking faces in error :
    non-orthogonality > 65  degrees                        : 0
    faces with face pyramid volume < 1e-13                 : 0
    faces with face-decomposition tet quality < 1e-15      : 4
    faces with concavity > 80  degrees                     : 0
    faces with skewness > 4   (internal) or 20  (boundary) : 0
    faces with interpolation weights (0..1)  < 0.02        : 0
    faces with volume ratio of neighbour cells < 0.01      : 0
    faces with face twist < 0.02                           : 0
    faces on cells with determinant < 0.001                : 0

Iteration 3
Moving mesh using displacement scaling : min:0.421875  max:1
Checking faces in error :
    non-orthogonality > 65  degrees                        : 0
    faces with face pyramid volume < 1e-13                 : 0
    faces with face-decomposition tet quality < 1e-15      : 3
    faces with concavity > 80  degrees                     : 0
    faces with skewness > 4   (internal) or 20  (boundary) : 0
    faces with interpolation weights (0..1)  < 0.02        : 0
    faces with volume ratio of neighbour cells < 0.01      : 0
    faces with face twist < 0.02                           : 0
    faces on cells with determinant < 0.001                : 0

Iteration 4
Moving mesh using displacement scaling : min:0.31640625  max:1
Checking faces in error :
    non-orthogonality > 65  degrees                        : 0
    faces with face pyramid volume < 1e-13                 : 0
    faces with face-decomposition tet quality < 1e-15      : 2
    faces with concavity > 80  degrees                     : 0
    faces with skewness > 4   (internal) or 20  (boundary) : 0
    faces with interpolation weights (0..1)  < 0.02        : 0
    faces with volume ratio of neighbour cells < 0.01      : 0
    faces with face twist < 0.02                           : 0
    faces on cells with determinant < 0.001                : 0

Iteration 5
Displacement scaling for error reduction set to 0.
Moving mesh using displacement scaling : min:0.2373046875  max:1
Checking faces in error :
    non-orthogonality > 65  degrees                        : 0
    faces with face pyramid volume < 1e-13                 : 0
    faces with face-decomposition tet quality < 1e-15      : 2
    faces with concavity > 80  degrees                     : 0
    faces with skewness > 4   (internal) or 20  (boundary) : 0
    faces with interpolation weights (0..1)  < 0.02        : 0
    faces with volume ratio of neighbour cells < 0.01      : 0
    faces with face twist < 0.02                           : 0
    faces on cells with determinant < 0.001                : 0

Iteration 6
Moving mesh using displacement scaling : min:0  max:1
Checking faces in error :
    non-orthogonality > 65  degrees                        : 0
    faces with face pyramid volume < 1e-13                 : 0
    faces with face-decomposition tet quality < 1e-15      : 0
    faces with concavity > 80  degrees                     : 0
    faces with skewness > 4   (internal) or 20  (boundary) : 0
    faces with interpolation weights (0..1)  < 0.02        : 0
    faces with volume ratio of neighbour cells < 0.01      : 0
    faces with face twist < 0.02                           : 0
    faces on cells with determinant < 0.001                : 0
Successfully moved mesh
Moved mesh in = 4.789111 s



Morph iteration 4
-----------------
Calculating patchDisplacement as distance to nearest surface point ...
Wanted displacement : average:0.009305836865 min:5.016327943e-08 max:0.08630341119
Calculated surface displacement in = 0.084642 s


Detecting near surfaces ...
Overriding nearest with intersection of close gaps at 0 out of 42096 points.
Overriding displacement on features :
   implicit features    : false
   explicit features    : true
   multi-patch features : false

Detected 10 baffle edges out of 83262 edges.
Initially selected 2481 points out of 42096 for reverse attraction.
Selected 6651 points out of 42096 for reverse attraction.
Stringing feature edges : changed 0 points
Attraction:
     linear   : max:(-0.01205886178 0.05161817039 0.06810599916) avg:(0.0001108160188 0.001931793194 1.257767278e-05)
     feature  : max:(0 0 0) avg:(0 0 0)
Feature analysis : total master points:42096 attraction to :
    feature point   : 0
    feature edge    : 0
    nearest surface : 0
    rest            : 42096

--> FOAM Warning : Displacement (-0.0001228258524 -0.0001339269414 5.94731641e-05) at mesh point 79267 coord (16.71913936 1.355955476 1.106879769) points through the surrounding patch faces
Smoothing displacement ...
Iteration 0
Iteration 10
Iteration 20
Displacement smoothed in = 0.96618 s


Moving mesh ...

Iteration 0
Moving mesh using displacement scaling : min:1  max:1
Checking faces in error :
    non-orthogonality > 65  degrees                        : 0
    faces with face pyramid volume < 1e-13                 : 0
    faces with face-decomposition tet quality < 1e-15      : 5
    faces with concavity > 80  degrees                     : 0
    faces with skewness > 4   (internal) or 20  (boundary) : 0
    faces with interpolation weights (0..1)  < 0.02        : 0
    faces with volume ratio of neighbour cells < 0.01      : 0
    faces with face twist < 0.02                           : 0
    faces on cells with determinant < 0.001                : 0

Iteration 1
Moving mesh using displacement scaling : min:0.75  max:1
Checking faces in error :
    non-orthogonality > 65  degrees                        : 0
    faces with face pyramid volume < 1e-13                 : 0
    faces with face-decomposition tet quality < 1e-15      : 5
    faces with concavity > 80  degrees                     : 0
    faces with skewness > 4   (internal) or 20  (boundary) : 0
    faces with interpolation weights (0..1)  < 0.02        : 0
    faces with volume ratio of neighbour cells < 0.01      : 0
    faces with face twist < 0.02                           : 0
    faces on cells with determinant < 0.001                : 0

Iteration 2
Moving mesh using displacement scaling : min:0.5625  max:1
Checking faces in error :
    non-orthogonality > 65  degrees                        : 0
    faces with face pyramid volume < 1e-13                 : 0
    faces with face-decomposition tet quality < 1e-15      : 5
    faces with concavity > 80  degrees                     : 0
    faces with skewness > 4   (internal) or 20  (boundary) : 0
    faces with interpolation weights (0..1)  < 0.02        : 0
    faces with volume ratio of neighbour cells < 0.01      : 0
    faces with face twist < 0.02                           : 0
    faces on cells with determinant < 0.001                : 0

Iteration 3
Moving mesh using displacement scaling : min:0.421875  max:1
Checking faces in error :
    non-orthogonality > 65  degrees                        : 0
    faces with face pyramid volume < 1e-13                 : 0
    faces with face-decomposition tet quality < 1e-15      : 5
    faces with concavity > 80  degrees                     : 0
    faces with skewness > 4   (internal) or 20  (boundary) : 0
    faces with interpolation weights (0..1)  < 0.02        : 0
    faces with volume ratio of neighbour cells < 0.01      : 0
    faces with face twist < 0.02                           : 0
    faces on cells with determinant < 0.001                : 0

Iteration 4
Moving mesh using displacement scaling : min:0.31640625  max:1
Checking faces in error :
    non-orthogonality > 65  degrees                        : 0
    faces with face pyramid volume < 1e-13                 : 0
    faces with face-decomposition tet quality < 1e-15      : 5
    faces with concavity > 80  degrees                     : 0
    faces with skewness > 4   (internal) or 20  (boundary) : 0
    faces with interpolation weights (0..1)  < 0.02        : 0
    faces with volume ratio of neighbour cells < 0.01      : 0
    faces with face twist < 0.02                           : 0
    faces on cells with determinant < 0.001                : 0

Iteration 5
Displacement scaling for error reduction set to 0.
Moving mesh using displacement scaling : min:0.2373046875  max:1
Checking faces in error :
    non-orthogonality > 65  degrees                        : 0
    faces with face pyramid volume < 1e-13                 : 0
    faces with face-decomposition tet quality < 1e-15      : 3
    faces with concavity > 80  degrees                     : 0
    faces with skewness > 4   (internal) or 20  (boundary) : 0
    faces with interpolation weights (0..1)  < 0.02        : 0
    faces with volume ratio of neighbour cells < 0.01      : 0
    faces with face twist < 0.02                           : 0
    faces on cells with determinant < 0.001                : 0

Iteration 6
Moving mesh using displacement scaling : min:0  max:1
Checking faces in error :
    non-orthogonality > 65  degrees                        : 0
    faces with face pyramid volume < 1e-13                 : 0
    faces with face-decomposition tet quality < 1e-15      : 0
    faces with concavity > 80  degrees                     : 0
    faces with skewness > 4   (internal) or 20  (boundary) : 0
    faces with interpolation weights (0..1)  < 0.02        : 0
    faces with volume ratio of neighbour cells < 0.01      : 0
    faces with face twist < 0.02                           : 0
    faces on cells with determinant < 0.001                : 0
Successfully moved mesh
Moved mesh in = 4.649862 s



Morph iteration 5
-----------------
Calculating patchDisplacement as distance to nearest surface point ...
Wanted displacement : average:0.006515996324 min:7.116297867e-07 max:0.07482928679
Calculated surface displacement in = 0.12413 s


Detecting near surfaces ...
Overriding nearest with intersection of close gaps at 0 out of 42096 points.
Overriding displacement on features :
   implicit features    : false
   explicit features    : true
   multi-patch features : false

Detected 6 baffle edges out of 83262 edges.
Initially selected 2474 points out of 42096 for reverse attraction.
Selected 6646 points out of 42096 for reverse attraction.
Stringing feature edges : changed 0 points
Attraction:
     linear   : max:(-0.01045562411 0.04475548326 0.05905123879) avg:(6.111137471e-05 0.0009994836134 6.989302782e-06)
     feature  : max:(0 0 0) avg:(0 0 0)
Feature analysis : total master points:42096 attraction to :
    feature point   : 0
    feature edge    : 0
    nearest surface : 0
    rest            : 42096

--> FOAM Warning : Displacement (-8.439535652e-05 0.0002784704507 0.0002846515237) at mesh point 94656 coord (9.704330791 -1.120077369 0.6208479051) points through the surrounding patch faces
Smoothing displacement ...
Iteration 0
Iteration 10
Iteration 20
Displacement smoothed in = 0.995242 s


Moving mesh ...

Iteration 0
Moving mesh using displacement scaling : min:1  max:1
Checking faces in error :
    non-orthogonality > 65  degrees                        : 0
    faces with face pyramid volume < 1e-13                 : 0
    faces with face-decomposition tet quality < 1e-15      : 5
    faces with concavity > 80  degrees                     : 0
    faces with skewness > 4   (internal) or 20  (boundary) : 0
    faces with interpolation weights (0..1)  < 0.02        : 0
    faces with volume ratio of neighbour cells < 0.01      : 0
    faces with face twist < 0.02                           : 0
    faces on cells with determinant < 0.001                : 0

Iteration 1
Moving mesh using displacement scaling : min:0.75  max:1
Checking faces in error :
    non-orthogonality > 65  degrees                        : 0
    faces with face pyramid volume < 1e-13                 : 0
    faces with face-decomposition tet quality < 1e-15      : 5
    faces with concavity > 80  degrees                     : 0
    faces with skewness > 4   (internal) or 20  (boundary) : 0
    faces with interpolation weights (0..1)  < 0.02        : 0
    faces with volume ratio of neighbour cells < 0.01      : 0
    faces with face twist < 0.02                           : 0
    faces on cells with determinant < 0.001                : 0

Iteration 2
Moving mesh using displacement scaling : min:0.5625  max:1
Checking faces in error :
    non-orthogonality > 65  degrees                        : 0
    faces with face pyramid volume < 1e-13                 : 0
    faces with face-decomposition tet quality < 1e-15      : 5
    faces with concavity > 80  degrees                     : 0
    faces with skewness > 4   (internal) or 20  (boundary) : 0
    faces with interpolation weights (0..1)  < 0.02        : 0
    faces with volume ratio of neighbour cells < 0.01      : 0
    faces with face twist < 0.02                           : 0
    faces on cells with determinant < 0.001                : 0

Iteration 3
Moving mesh using displacement scaling : min:0.421875  max:1
Checking faces in error :
    non-orthogonality > 65  degrees                        : 0
    faces with face pyramid volume < 1e-13                 : 0
    faces with face-decomposition tet quality < 1e-15      : 5
    faces with concavity > 80  degrees                     : 0
    faces with skewness > 4   (internal) or 20  (boundary) : 0
    faces with interpolation weights (0..1)  < 0.02        : 0
    faces with volume ratio of neighbour cells < 0.01      : 0
    faces with face twist < 0.02                           : 0
    faces on cells with determinant < 0.001                : 0

Iteration 4
Moving mesh using displacement scaling : min:0.31640625  max:1
Checking faces in error :
    non-orthogonality > 65  degrees                        : 0
    faces with face pyramid volume < 1e-13                 : 0
    faces with face-decomposition tet quality < 1e-15      : 5
    faces with concavity > 80  degrees                     : 0
    faces with skewness > 4   (internal) or 20  (boundary) : 0
    faces with interpolation weights (0..1)  < 0.02        : 0
    faces with volume ratio of neighbour cells < 0.01      : 0
    faces with face twist < 0.02                           : 0
    faces on cells with determinant < 0.001                : 0

Iteration 5
Displacement scaling for error reduction set to 0.
Moving mesh using displacement scaling : min:0.2373046875  max:1
Checking faces in error :
    non-orthogonality > 65  degrees                        : 0
    faces with face pyramid volume < 1e-13                 : 0
    faces with face-decomposition tet quality < 1e-15      : 5
    faces with concavity > 80  degrees                     : 0
    faces with skewness > 4   (internal) or 20  (boundary) : 0
    faces with interpolation weights (0..1)  < 0.02        : 0
    faces with volume ratio of neighbour cells < 0.01      : 0
    faces with face twist < 0.02                           : 0
    faces on cells with determinant < 0.001                : 0

Iteration 6
Moving mesh using displacement scaling : min:0  max:1
Checking faces in error :
    non-orthogonality > 65  degrees                        : 0
    faces with face pyramid volume < 1e-13                 : 0
    faces with face-decomposition tet quality < 1e-15      : 0
    faces with concavity > 80  degrees                     : 0
    faces with skewness > 4   (internal) or 20  (boundary) : 0
    faces with interpolation weights (0..1)  < 0.02        : 0
    faces with volume ratio of neighbour cells < 0.01      : 0
    faces with face twist < 0.02                           : 0
    faces on cells with determinant < 0.001                : 0
Successfully moved mesh
Moved mesh in = 5.490275 s



Morph iteration 6
-----------------
Calculating patchDisplacement as distance to nearest surface point ...
Wanted displacement : average:0.004022140626 min:2.296876777e-07 max:0.06086593484
Calculated surface displacement in = 0.077409 s


Detecting near surfaces ...
Overriding nearest with intersection of close gaps at 0 out of 42096 points.
Overriding displacement on features :
   implicit features    : false
   explicit features    : true
   multi-patch features : false

Detected 6 baffle edges out of 83262 edges.
Initially selected 2475 points out of 42096 for reverse attraction.
Selected 6635 points out of 42096 for reverse attraction.
Stringing feature edges : changed 0 points
Attraction:
     linear   : max:(-0.008504575723 0.03640398626 0.04803211426) avg:(2.759848951e-05 0.0004282847898 2.950168813e-06)
     feature  : max:(0 0 0) avg:(0 0 0)
Feature analysis : total master points:42096 attraction to :
    feature point   : 0
    feature edge    : 0
    nearest surface : 0
    rest            : 42096

--> FOAM Warning : Displacement (-0.0002231703501 0.0003645769658 0.0008440866104) at mesh point 94656 coord (9.704246396 -1.119798899 0.6211325567) points through the surrounding patch faces
Smoothing displacement ...
Iteration 0
Iteration 10
Iteration 20
Displacement smoothed in = 0.931363 s


Moving mesh ...

Iteration 0
Moving mesh using displacement scaling : min:1  max:1
Checking faces in error :
    non-orthogonality > 65  degrees                        : 0
    faces with face pyramid volume < 1e-13                 : 0
    faces with face-decomposition tet quality < 1e-15      : 6
    faces with concavity > 80  degrees                     : 1
    faces with skewness > 4   (internal) or 20  (boundary) : 0
    faces with interpolation weights (0..1)  < 0.02        : 0
    faces with volume ratio of neighbour cells < 0.01      : 0
    faces with face twist < 0.02                           : 2
    faces on cells with determinant < 0.001                : 0

Iteration 1
Moving mesh using displacement scaling : min:0.75  max:1
Checking faces in error :
    non-orthogonality > 65  degrees                        : 0
    faces with face pyramid volume < 1e-13                 : 0
    faces with face-decomposition tet quality < 1e-15      : 6
    faces with concavity > 80  degrees                     : 1
    faces with skewness > 4   (internal) or 20  (boundary) : 0
    faces with interpolation weights (0..1)  < 0.02        : 0
    faces with volume ratio of neighbour cells < 0.01      : 0
    faces with face twist < 0.02                           : 1
    faces on cells with determinant < 0.001                : 0

Iteration 2
Moving mesh using displacement scaling : min:0.5625  max:1
Checking faces in error :
    non-orthogonality > 65  degrees                        : 0
    faces with face pyramid volume < 1e-13                 : 0
    faces with face-decomposition tet quality < 1e-15      : 6
    faces with concavity > 80  degrees                     : 0
    faces with skewness > 4   (internal) or 20  (boundary) : 0
    faces with interpolation weights (0..1)  < 0.02        : 0
    faces with volume ratio of neighbour cells < 0.01      : 0
    faces with face twist < 0.02                           : 0
    faces on cells with determinant < 0.001                : 0

Iteration 3
Moving mesh using displacement scaling : min:0.421875  max:1
Checking faces in error :
    non-orthogonality > 65  degrees                        : 0
    faces with face pyramid volume < 1e-13                 : 0
    faces with face-decomposition tet quality < 1e-15      : 6
    faces with concavity > 80  degrees                     : 0
    faces with skewness > 4   (internal) or 20  (boundary) : 0
    faces with interpolation weights (0..1)  < 0.02        : 0
    faces with volume ratio of neighbour cells < 0.01      : 0
    faces with face twist < 0.02                           : 0
    faces on cells with determinant < 0.001                : 0

Iteration 4
Moving mesh using displacement scaling : min:0.31640625  max:1
Checking faces in error :
    non-orthogonality > 65  degrees                        : 0
    faces with face pyramid volume < 1e-13                 : 0
    faces with face-decomposition tet quality < 1e-15      : 6
    faces with concavity > 80  degrees                     : 0
    faces with skewness > 4   (internal) or 20  (boundary) : 0
    faces with interpolation weights (0..1)  < 0.02        : 0
    faces with volume ratio of neighbour cells < 0.01      : 0
    faces with face twist < 0.02                           : 0
    faces on cells with determinant < 0.001                : 0

Iteration 5
Displacement scaling for error reduction set to 0.
Moving mesh using displacement scaling : min:0.2373046875  max:1
Checking faces in error :
    non-orthogonality > 65  degrees                        : 0
    faces with face pyramid volume < 1e-13                 : 0
    faces with face-decomposition tet quality < 1e-15      : 6
    faces with concavity > 80  degrees                     : 0
    faces with skewness > 4   (internal) or 20  (boundary) : 0
    faces with interpolation weights (0..1)  < 0.02        : 0
    faces with volume ratio of neighbour cells < 0.01      : 0
    faces with face twist < 0.02                           : 0
    faces on cells with determinant < 0.001                : 0

Iteration 6
Moving mesh using displacement scaling : min:0  max:1
Checking faces in error :
    non-orthogonality > 65  degrees                        : 0
    faces with face pyramid volume < 1e-13                 : 0
    faces with face-decomposition tet quality < 1e-15      : 0
    faces with concavity > 80  degrees                     : 0
    faces with skewness > 4   (internal) or 20  (boundary) : 0
    faces with interpolation weights (0..1)  < 0.02        : 0
    faces with volume ratio of neighbour cells < 0.01      : 0
    faces with face twist < 0.02                           : 0
    faces on cells with determinant < 0.001                : 0
Successfully moved mesh
Moved mesh in = 4.731251 s



Morph iteration 7
-----------------
Calculating patchDisplacement as distance to nearest surface point ...
Wanted displacement : average:0.002044300479 min:3.757658613e-08 max:0.04571986083
Calculated surface displacement in = 0.081903 s


Detecting near surfaces ...
Overriding nearest with intersection of close gaps at 0 out of 42096 points.
Overriding displacement on features :
   implicit features    : false
   explicit features    : true
   multi-patch features : false

Detected 2 baffle edges out of 83262 edges.
Initially selected 2474 points out of 42096 for reverse attraction.
Selected 6631 points out of 42096 for reverse attraction.
Stringing feature edges : changed 0 points
Attraction:
     linear   : max:(-0.006388269883 0.02734510182 0.03607964923) avg:(8.710707443e-06 0.000151615334 9.934874982e-07)
     feature  : max:(0 0 0) avg:(0 0 0)
Feature analysis : total master points:42096 attraction to :
    feature point   : 0
    feature edge    : 0
    nearest surface : 0
    rest            : 42096

--> FOAM Warning : Displacement (-0.0002492213337 0.0002989549719 0.000979807619) at mesh point 94656 coord (9.704023226 -1.119434322 0.6219766433) points through the surrounding patch faces
Smoothing displacement ...
Iteration 0
Iteration 10
Iteration 20
Displacement smoothed in = 1.202624 s


Moving mesh ...

Iteration 0
Moving mesh using displacement scaling : min:1  max:1
Checking faces in error :
    non-orthogonality > 65  degrees                        : 0
    faces with face pyramid volume < 1e-13                 : 0
    faces with face-decomposition tet quality < 1e-15      : 36
    faces with concavity > 80  degrees                     : 1
    faces with skewness > 4   (internal) or 20  (boundary) : 0
    faces with interpolation weights (0..1)  < 0.02        : 0
    faces with volume ratio of neighbour cells < 0.01      : 0
    faces with face twist < 0.02                           : 6
    faces on cells with determinant < 0.001                : 0

Iteration 1
Moving mesh using displacement scaling : min:0.75  max:1
Checking faces in error :
    non-orthogonality > 65  degrees                        : 0
    faces with face pyramid volume < 1e-13                 : 0
    faces with face-decomposition tet quality < 1e-15      : 14
    faces with concavity > 80  degrees                     : 1
    faces with skewness > 4   (internal) or 20  (boundary) : 0
    faces with interpolation weights (0..1)  < 0.02        : 0
    faces with volume ratio of neighbour cells < 0.01      : 0
    faces with face twist < 0.02                           : 5
    faces on cells with determinant < 0.001                : 0

Iteration 2
Moving mesh using displacement scaling : min:0.5625  max:1
Checking faces in error :
    non-orthogonality > 65  degrees                        : 0
    faces with face pyramid volume < 1e-13                 : 0
    faces with face-decomposition tet quality < 1e-15      : 12
    faces with concavity > 80  degrees                     : 1
    faces with skewness > 4   (internal) or 20  (boundary) : 0
    faces with interpolation weights (0..1)  < 0.02        : 0
    faces with volume ratio of neighbour cells < 0.01      : 0
    faces with face twist < 0.02                           : 1
    faces on cells with determinant < 0.001                : 0

Iteration 3
Moving mesh using displacement scaling : min:0.421875  max:1
Checking faces in error :
    non-orthogonality > 65  degrees                        : 0
    faces with face pyramid volume < 1e-13                 : 0
    faces with face-decomposition tet quality < 1e-15      : 8
    faces with concavity > 80  degrees                     : 1
    faces with skewness > 4   (internal) or 20  (boundary) : 0
    faces with interpolation weights (0..1)  < 0.02        : 0
    faces with volume ratio of neighbour cells < 0.01      : 0
    faces with face twist < 0.02                           : 3
    faces on cells with determinant < 0.001                : 0

Iteration 4
Moving mesh using displacement scaling : min:0.31640625  max:1
Checking faces in error :
    non-orthogonality > 65  degrees                        : 0
    faces with face pyramid volume < 1e-13                 : 0
    faces with face-decomposition tet quality < 1e-15      : 8
    faces with concavity > 80  degrees                     : 1
    faces with skewness > 4   (internal) or 20  (boundary) : 0
    faces with interpolation weights (0..1)  < 0.02        : 0
    faces with volume ratio of neighbour cells < 0.01      : 0
    faces with face twist < 0.02                           : 2
    faces on cells with determinant < 0.001                : 0

Iteration 5
Displacement scaling for error reduction set to 0.
Moving mesh using displacement scaling : min:0.2373046875  max:1
Checking faces in error :
    non-orthogonality > 65  degrees                        : 0
    faces with face pyramid volume < 1e-13                 : 0
    faces with face-decomposition tet quality < 1e-15      : 7
    faces with concavity > 80  degrees                     : 1
    faces with skewness > 4   (internal) or 20  (boundary) : 0
    faces with interpolation weights (0..1)  < 0.02        : 0
    faces with volume ratio of neighbour cells < 0.01      : 0
    faces with face twist < 0.02                           : 2
    faces on cells with determinant < 0.001                : 0

Iteration 6
Moving mesh using displacement scaling : min:0  max:1
Checking faces in error :
    non-orthogonality > 65  degrees                        : 0
    faces with face pyramid volume < 1e-13                 : 0
    faces with face-decomposition tet quality < 1e-15      : 0
    faces with concavity > 80  degrees                     : 0
    faces with skewness > 4   (internal) or 20  (boundary) : 0
    faces with interpolation weights (0..1)  < 0.02        : 0
    faces with volume ratio of neighbour cells < 0.01      : 0
    faces with face twist < 0.02                           : 0
    faces on cells with determinant < 0.001                : 0
Successfully moved mesh
Moved mesh in = 5.208063 s



Morph iteration 8
-----------------
Calculating patchDisplacement as distance to nearest surface point ...
Wanted displacement : average:0.0007777060026 min:1.951732407e-08 max:0.03961241692
Calculated surface displacement in = 0.106978 s


Detecting near surfaces ...
Overriding nearest with intersection of close gaps at 1 out of 42096 points.
Overriding displacement on features :
   implicit features    : false
   explicit features    : true
   multi-patch features : false

Detected 2 baffle edges out of 83262 edges.
Initially selected 2474 points out of 42096 for reverse attraction.
Selected 6631 points out of 42096 for reverse attraction.
Stringing feature edges : changed 0 points
Attraction:
     linear   : max:(0.006871217616 0.03896555175 -0.00190150452) avg:(6.215492598e-07 4.864897888e-05 -5.000729821e-08)
     feature  : max:(0 0 0) avg:(0 0 0)
Feature analysis : total master points:42096 attraction to :
    feature point   : 0
    feature edge    : 0
    nearest surface : 0
    rest            : 42096

--> FOAM Warning : Displacement (-0.0002498749753 0.0002378650879 0.0009928313034) at mesh point 94656 coord (9.703883039 -1.11926616 0.6225277851) points through the surrounding patch faces
Smoothing displacement ...
Iteration 0
Iteration 10
Iteration 20
Displacement smoothed in = 1.002286 s


Moving mesh ...

Iteration 0
Moving mesh using displacement scaling : min:1  max:1
Checking faces in error :
    non-orthogonality > 65  degrees                        : 0
    faces with face pyramid volume < 1e-13                 : 2
    faces with face-decomposition tet quality < 1e-15      : 87
    faces with concavity > 80  degrees                     : 3
    faces with skewness > 4   (internal) or 20  (boundary) : 0
    faces with interpolation weights (0..1)  < 0.02        : 0
    faces with volume ratio of neighbour cells < 0.01      : 0
    faces with face twist < 0.02                           : 3
    faces on cells with determinant < 0.001                : 0

Iteration 1
Moving mesh using displacement scaling : min:0.75  max:1
Checking faces in error :
    non-orthogonality > 65  degrees                        : 0
    faces with face pyramid volume < 1e-13                 : 0
    faces with face-decomposition tet quality < 1e-15      : 79
    faces with concavity > 80  degrees                     : 2
    faces with skewness > 4   (internal) or 20  (boundary) : 0
    faces with interpolation weights (0..1)  < 0.02        : 0
    faces with volume ratio of neighbour cells < 0.01      : 0
    faces with face twist < 0.02                           : 4
    faces on cells with determinant < 0.001                : 0

Iteration 2
Moving mesh using displacement scaling : min:0.5625  max:1
Checking faces in error :
    non-orthogonality > 65  degrees                        : 0
    faces with face pyramid volume < 1e-13                 : 0
    faces with face-decomposition tet quality < 1e-15      : 66
    faces with concavity > 80  degrees                     : 2
    faces with skewness > 4   (internal) or 20  (boundary) : 0
    faces with interpolation weights (0..1)  < 0.02        : 0
    faces with volume ratio of neighbour cells < 0.01      : 0
    faces with face twist < 0.02                           : 9
    faces on cells with determinant < 0.001                : 0

Iteration 3
Moving mesh using displacement scaling : min:0.421875  max:1
Checking faces in error :
    non-orthogonality > 65  degrees                        : 0
    faces with face pyramid volume < 1e-13                 : 0
    faces with face-decomposition tet quality < 1e-15      : 58
    faces with concavity > 80  degrees                     : 2
    faces with skewness > 4   (internal) or 20  (boundary) : 0
    faces with interpolation weights (0..1)  < 0.02        : 0
    faces with volume ratio of neighbour cells < 0.01      : 0
    faces with face twist < 0.02                           : 7
    faces on cells with determinant < 0.001                : 0

Iteration 4
Moving mesh using displacement scaling : min:0.31640625  max:1
Checking faces in error :
    non-orthogonality > 65  degrees                        : 0
    faces with face pyramid volume < 1e-13                 : 0
    faces with face-decomposition tet quality < 1e-15      : 47
    faces with concavity > 80  degrees                     : 2
    faces with skewness > 4   (internal) or 20  (boundary) : 0
    faces with interpolation weights (0..1)  < 0.02        : 0
    faces with volume ratio of neighbour cells < 0.01      : 0
    faces with face twist < 0.02                           : 11
    faces on cells with determinant < 0.001                : 0

Iteration 5
Displacement scaling for error reduction set to 0.
Moving mesh using displacement scaling : min:0.2373046875  max:1
Checking faces in error :
    non-orthogonality > 65  degrees                        : 0
    faces with face pyramid volume < 1e-13                 : 0
    faces with face-decomposition tet quality < 1e-15      : 32
    faces with concavity > 80  degrees                     : 1
    faces with skewness > 4   (internal) or 20  (boundary) : 0
    faces with interpolation weights (0..1)  < 0.02        : 0
    faces with volume ratio of neighbour cells < 0.01      : 0
    faces with face twist < 0.02                           : 11
    faces on cells with determinant < 0.001                : 0

Iteration 6
Moving mesh using displacement scaling : min:0  max:1
Checking faces in error :
    non-orthogonality > 65  degrees                        : 0
    faces with face pyramid volume < 1e-13                 : 0
    faces with face-decomposition tet quality < 1e-15      : 0
    faces with concavity > 80  degrees                     : 0
    faces with skewness > 4   (internal) or 20  (boundary) : 0
    faces with interpolation weights (0..1)  < 0.02        : 0
    faces with volume ratio of neighbour cells < 0.01      : 0
    faces with face twist < 0.02                           : 0
    faces on cells with determinant < 0.001                : 0
Successfully moved mesh
Moved mesh in = 5.422677 s



Morph iteration 9
-----------------
Calculating patchDisplacement as distance to nearest surface point ...
Wanted displacement : average:0.0002093665749 min:2.110655544e-08 max:0.03961241692
Calculated surface displacement in = 0.138022 s


Detecting near surfaces ...
Overriding nearest with intersection of close gaps at 2 out of 42096 points.
Overriding displacement on features :
   implicit features    : false
   explicit features    : true
   multi-patch features : false

Detected 2 baffle edges out of 83262 edges.
Initially selected 2473 points out of 42096 for reverse attraction.
Selected 6630 points out of 42096 for reverse attraction.
Stringing feature edges : changed 0 points
Attraction:
     linear   : max:(0.006871217616 0.03896555175 -0.00190150452) avg:(-1.069851703e-06 1.789660603e-05 -9.30863514e-07)
     feature  : max:(0 0 0) avg:(0 0 0)
Feature analysis : total master points:42096 attraction to :
    feature point   : 0
    feature edge    : 0
    nearest surface : 0
    rest            : 42096

--> FOAM Warning : Displacement (-0.0002902086869 -0.0002902973639 0.001359283643) at mesh point 94656 coord (9.703883039 -1.11926616 0.6225277851) points through the surrounding patch faces
Smoothing displacement ...
Iteration 0
Iteration 10
Iteration 20
Displacement smoothed in = 0.851543 s


Moving mesh ...

Iteration 0
Moving mesh using displacement scaling : min:1  max:1
Checking faces in error :
    non-orthogonality > 65  degrees                        : 0
    faces with face pyramid volume < 1e-13                 : 3
    faces with face-decomposition tet quality < 1e-15      : 91
    faces with concavity > 80  degrees                     : 3
    faces with skewness > 4   (internal) or 20  (boundary) : 0
    faces with interpolation weights (0..1)  < 0.02        : 0
    faces with volume ratio of neighbour cells < 0.01      : 0
    faces with face twist < 0.02                           : 6
    faces on cells with determinant < 0.001                : 0

Iteration 1
Moving mesh using displacement scaling : min:0.75  max:1
Checking faces in error :
    non-orthogonality > 65  degrees                        : 0
    faces with face pyramid volume < 1e-13                 : 0
    faces with face-decomposition tet quality < 1e-15      : 89
    faces with concavity > 80  degrees                     : 3
    faces with skewness > 4   (internal) or 20  (boundary) : 0
    faces with interpolation weights (0..1)  < 0.02        : 0
    faces with volume ratio of neighbour cells < 0.01      : 0
    faces with face twist < 0.02                           : 8
    faces on cells with determinant < 0.001                : 0

Iteration 2
Moving mesh using displacement scaling : min:0.5625  max:1
Checking faces in error :
    non-orthogonality > 65  degrees                        : 0
    faces with face pyramid volume < 1e-13                 : 0
    faces with face-decomposition tet quality < 1e-15      : 84
    faces with concavity > 80  degrees                     : 3
    faces with skewness > 4   (internal) or 20  (boundary) : 0
    faces with interpolation weights (0..1)  < 0.02        : 0
    faces with volume ratio of neighbour cells < 0.01      : 0
    faces with face twist < 0.02                           : 9
    faces on cells with determinant < 0.001                : 0

Iteration 3
Moving mesh using displacement scaling : min:0.421875  max:1
Checking faces in error :
    non-orthogonality > 65  degrees                        : 0
    faces with face pyramid volume < 1e-13                 : 0
    faces with face-decomposition tet quality < 1e-15      : 78
    faces with concavity > 80  degrees                     : 3
    faces with skewness > 4   (internal) or 20  (boundary) : 0
    faces with interpolation weights (0..1)  < 0.02        : 0
    faces with volume ratio of neighbour cells < 0.01      : 0
    faces with face twist < 0.02                           : 10
    faces on cells with determinant < 0.001                : 0

Iteration 4
Moving mesh using displacement scaling : min:0.31640625  max:1
Checking faces in error :
    non-orthogonality > 65  degrees                        : 0
    faces with face pyramid volume < 1e-13                 : 0
    faces with face-decomposition tet quality < 1e-15      : 73
    faces with concavity > 80  degrees                     : 3
    faces with skewness > 4   (internal) or 20  (boundary) : 0
    faces with interpolation weights (0..1)  < 0.02        : 0
    faces with volume ratio of neighbour cells < 0.01      : 0
    faces with face twist < 0.02                           : 11
    faces on cells with determinant < 0.001                : 0

Iteration 5
Displacement scaling for error reduction set to 0.
Moving mesh using displacement scaling : min:0.2373046875  max:1
Checking faces in error :
    non-orthogonality > 65  degrees                        : 0
    faces with face pyramid volume < 1e-13                 : 0
    faces with face-decomposition tet quality < 1e-15      : 68
    faces with concavity > 80  degrees                     : 3
    faces with skewness > 4   (internal) or 20  (boundary) : 0
    faces with interpolation weights (0..1)  < 0.02        : 0
    faces with volume ratio of neighbour cells < 0.01      : 0
    faces with face twist < 0.02                           : 13
    faces on cells with determinant < 0.001                : 0

Iteration 6
Moving mesh using displacement scaling : min:0  max:1
Checking faces in error :
    non-orthogonality > 65  degrees                        : 0
    faces with face pyramid volume < 1e-13                 : 0
    faces with face-decomposition tet quality < 1e-15      : 0
    faces with concavity > 80  degrees                     : 0
    faces with skewness > 4   (internal) or 20  (boundary) : 0
    faces with interpolation weights (0..1)  < 0.02        : 0
    faces with volume ratio of neighbour cells < 0.01      : 0
    faces with face twist < 0.02                           : 0
    faces on cells with determinant < 0.001                : 0
Successfully moved mesh
Moved mesh in = 5.953596 s


Repatching faces according to nearest surface ...
Repatched 0 faces in = 0.220191 s


Edge intersection testing:
    Number of edges             : 402997
    Number of edges to retest   : 137342
    Number of intersected edges : 41167
Merging 12533 sets of faces.

Edge intersection testing:
    Number of edges             : 386245
    Number of edges to retest   : 50731
    Number of intersected edges : 24395

Undo iteration 0
----------------
Checking faces in error :
    non-orthogonality > 65  degrees                        : 0
    faces with face pyramid volume < 1e-13                 : 0
    faces with face-decomposition tet quality < 1e-15      : 4
    faces with concavity > 80  degrees                     : 0
    faces with skewness > 4   (internal) or 20  (boundary) : 0
    faces with interpolation weights (0..1)  < 0.02        : 0
    faces with volume ratio of neighbour cells < 0.01      : 0
    faces with face twist < 0.02                           : 0
    faces on cells with determinant < 0.001                : 0
Masters that need to be restored:5
Edge intersection testing:
    Number of edges             : 386257
    Number of edges to retest   : 37
    Number of intersected edges : 24408


Undo iteration 1
----------------
Checking faces in error :
    non-orthogonality > 65  degrees                        : 0
    faces with face pyramid volume < 1e-13                 : 0
    faces with face-decomposition tet quality < 1e-15      : 0
    faces with concavity > 80  degrees                     : 0
    faces with skewness > 4   (internal) or 20  (boundary) : 0
    faces with interpolation weights (0..1)  < 0.02        : 0
    faces with volume ratio of neighbour cells < 0.01      : 0
    faces with face twist < 0.02                           : 0
    faces on cells with determinant < 0.001                : 0

Merging all points on surface that
- are used by only two boundary faces and
- make an angle with a cosine of more than 0.8660254038.

Removing 8247 straight edge points ...

Edge intersection testing:
    Number of edges             : 386257
    Number of edges to retest   : 44751
    Number of intersected edges : 24400

Undo iteration 0
----------------
Checking faces in error :
    non-orthogonality > 65  degrees                        : 0
    faces with face pyramid volume < 1e-13                 : 0
    faces with face-decomposition tet quality < 1e-15      : 0
    faces with concavity > 80  degrees                     : 0
    faces with skewness > 4   (internal) or 20  (boundary) : 0
    faces with interpolation weights (0..1)  < 0.02        : 0
    faces with volume ratio of neighbour cells < 0.01      : 0
    faces with face twist < 0.02                           : 0
    faces on cells with determinant < 0.001                : 0
Snapped mesh : cells:118845  faces:386257  points:153797
Cells per refinement level:
    0	8932
    1	16120
    2	65911
    3	27882
Writing mesh to time constant
Wrote mesh in = 5.211811 s.
Mesh snapped in = 64.17449 s.
Checking final mesh ...
Checking faces in error :
    non-orthogonality > 65  degrees                        : 0
    faces with face pyramid volume < 1e-13                 : 0
    faces with face-decomposition tet quality < 1e-15      : 0
    faces with concavity > 80  degrees                     : 0
    faces with skewness > 4   (internal) or 20  (boundary) : 0
    faces with interpolation weights (0..1)  < 0.02        : 0
    faces with volume ratio of neighbour cells < 0.01      : 0
    faces with face twist < 0.02                           : 0
    faces on cells with determinant < 0.001                : 0
Finished meshing without any errors
Finished meshing in = 99.825199 s.
End

