/*---------------------------------------------------------------------------*\
  =========                 |
  \\      /  F ield         | OpenFOAM: The Open Source CFD Toolbox
   \\    /   O peration     | Website:  https://openfoam.org
    \\  /    A nd           | Version:  13
     \\/     M anipulation  |
\*---------------------------------------------------------------------------*/
Build  : 13-441953dfbb42
Exec   : snappyHexMesh -overwrite
Date   : Apr 24 2026
Time   : 09:58:47
Host   : "DESKTOP-NKIGO8J"
PID    : 30256
I/O    : uncollated
Case   : /mnt/c/Users/СЂСЃ/Desktop/bulbop2/bulbai2/projects/case-c8f6a7a7/working/night_optimization/foam_candidates/candidate-2e60913c/working/openfoam_case
nProcs : 1
sigFpe : Enabling floating point exception trapping (FOAM_SIGFPE).
fileModificationChecking : Monitoring run-time modified files using timeStampMaster (fileModificationSkew 10)
allowSystemOperations : Allowing user-supplied system call operations

// * * * * * * * * * * * * * * * * * * * * * * * * * * * * * * * * * * * * * //
Create time

Create mesh for time = 0

Read mesh in = 0.0955 s
Deprecated option 'overwrite' specified, this is now the default behaviour

Reading "snappyHexMeshDict"


Overall mesh bounding box  : (-12 -6 -6) (24 6 6)
Relative tolerance         : 1e-06
Absolute matching distance : 3.979949748e-05

Reading refinement surfaces...
Read refinement surfaces in = 0.020049 s

Reading refinement regions...
Read refinement regions in = 9.3e-05 s

Reading features...
Read features in = 8.9e-05 s


Determining initial surface intersections
-----------------------------------------

Edge intersection testing:
    Number of edges             : 50000
    Number of edges to retest   : 50000
    Number of intersected edges : 1918
Calculated surface intersections in = 0.158499 s

Initial mesh : cells:16000  faces:50000  points:18081
Cells per refinement level:
    0	16000

Adding patches for surface regions
----------------------------------

Patch Type                Region                        
----- ----                ------                        
hull:

3     wall                hull                          

Added patches in = 0.001828 s

Selecting distributor none
Cell selection insidePoints: 1((0 0 3))

Refinement phase
----------------

Found point (0 0 3) in cell 11573 on processor 0

Surface refinement iteration 0
------------------------------

Marked for refinement due to surface intersection          : 2159 cells.
Marked for refinement due to curvature/regions             : 0 cells.
Determined cells to refine in = 0.134688 s
Selected for refinement : 2159 cells (out of 16000)
Edge intersection testing:
    Number of edges             : 101303
    Number of edges to retest   : 66018
    Number of intersected edges : 7628
Refined mesh in = 0.21212 s
After refinement surface refinement iteration 0 : cells:31113  faces:101303  points:39252
Cells per refinement level:
    0	13841
    1	17272

Surface refinement iteration 1
------------------------------

Marked for refinement due to surface intersection          : 8698 cells.
Marked for refinement due to curvature/regions             : 0 cells.
Determined cells to refine in = 0.010858 s
Selected for refinement : 9598 cells (out of 31113)
Edge intersection testing:
    Number of edges             : 326282
    Number of edges to retest   : 290971
    Number of intersected edges : 30708
Refined mesh in = 1.083278 s
After refinement surface refinement iteration 1 : cells:98299  faces:326282  points:130050
Cells per refinement level:
    0	12912
    1	16035
    2	69352

Surface refinement iteration 2
------------------------------

Marked for refinement due to surface intersection          : 124 cells.
Marked for refinement due to curvature/regions             : 1613 cells.
Determined cells to refine in = 0.135246 s
Selected for refinement : 1929 cells (out of 98299)
Edge intersection testing:
    Number of edges             : 373460
    Number of edges to retest   : 78892
    Number of intersected edges : 36826
Refined mesh in = 0.652326 s
After refinement surface refinement iteration 2 : cells:111802  faces:373460  points:150910
Cells per refinement level:
    0	12871
    1	16088
    2	69939
    3	12904

Surface refinement iteration 3
------------------------------

Marked for refinement due to surface intersection          : 0 cells.
Marked for refinement due to curvature/regions             : 153 cells.
Determined cells to refine in = 0.261609 s
Selected for refinement : 176 cells (out of 111802)
Edge intersection testing:
    Number of edges             : 377564
    Number of edges to retest   : 12421
    Number of intersected edges : 37144
Refined mesh in = 0.8204 s
After refinement surface refinement iteration 3 : cells:113034  faces:377564  points:152543
Cells per refinement level:
    0	12866
    1	16110
    2	69930
    3	14128

Surface refinement iteration 4
------------------------------

Marked for refinement due to surface intersection          : 0 cells.
Marked for refinement due to curvature/regions             : 13 cells.
Determined cells to refine in = 0.31222 s
Selected for refinement : 17 cells (out of 113034)
Edge intersection testing:
    Number of edges             : 377957
    Number of edges to retest   : 1364
    Number of intersected edges : 37167
Refined mesh in = 0.915831 s
After refinement surface refinement iteration 4 : cells:113153  faces:377957  points:152696
Cells per refinement level:
    0	12866
    1	16106
    2	69949
    3	14232

Surface refinement iteration 5
------------------------------

Marked for refinement due to surface intersection          : 0 cells.
Marked for refinement due to curvature/regions             : 0 cells.
Determined cells to refine in = 0.160552 s
Selected for refinement : 0 cells (out of 113153)
Stopping refining since too few cells selected.


Removing mesh beyond surface intersections
------------------------------------------

Selecting all cells in regions containing any of the points in 1((0 0 3))
Selected: 97046 cells.
Edge intersection testing:
    Number of edges             : 335901
    Number of edges to retest   : 28670
    Number of intersected edges : 37167

Shell refinement iteration 0
----------------------------

Marked for refinement due to distance to explicit features : 0 cells.
Marked for refinement due to refinement shells             : 0 cells.
Determined cells to refine in = 2.803428 s
Selected for internal refinement : 9512 cells (out of 97046)
Edge intersection testing:
    Number of edges             : 542469
    Number of edges to retest   : 442586
    Number of intersected edges : 41123
Refined mesh in = 1.514093 s
After refinement shell refinement iteration 0 : cells:163630  faces:542469  points:215289
Cells per refinement level:
    0	9965
    1	13029
    2	99539
    3	41097

Shell refinement iteration 1
----------------------------

Marked for refinement due to distance to explicit features : 0 cells.
Marked for refinement due to refinement shells             : 0 cells.
Determined cells to refine in = 0.201617 s
Selected for internal refinement : 1956 cells (out of 163630)
Edge intersection testing:
    Number of edges             : 585519
    Number of edges to retest   : 137241
    Number of intersected edges : 42526
Refined mesh in = 1.710529 s
After refinement shell refinement iteration 1 : cells:177322  faces:585519  points:230977
Cells per refinement level:
    0	9436
    1	16976
    2	100677
    3	50233

Shell refinement iteration 2
----------------------------

Marked for refinement due to distance to explicit features : 0 cells.
Marked for refinement due to refinement shells             : 0 cells.
Determined cells to refine in = 0.224711 s
Selected for internal refinement : 244 cells (out of 177322)
Edge intersection testing:
    Number of edges             : 590712
    Number of edges to retest   : 20287
    Number of intersected edges : 42573
Refined mesh in = 0.829055 s
After refinement shell refinement iteration 2 : cells:179030  faces:590712  points:232749
Cells per refinement level:
    0	9388
    1	17193
    2	101984
    3	50465

Shell refinement iteration 3
----------------------------

Marked for refinement due to distance to explicit features : 0 cells.
Marked for refinement due to refinement shells             : 0 cells.
Determined cells to refine in = 0.199715 s
Selected for internal refinement : 25 cells (out of 179030)
Edge intersection testing:
    Number of edges             : 591255
    Number of edges to retest   : 2440
    Number of intersected edges : 42573
Refined mesh in = 1.062863 s
After refinement shell refinement iteration 3 : cells:179205  faces:591255  points:232943
Cells per refinement level:
    0	9365
    1	17375
    2	102000
    3	50465

Shell refinement iteration 4
----------------------------

Marked for refinement due to distance to explicit features : 0 cells.
Marked for refinement due to refinement shells             : 0 cells.
Determined cells to refine in = 0.220957 s
Selected for internal refinement : 0 cells (out of 179205)
Stopping refining since too few cells selected.


Dangling coarse cells refinement iteration 0
--------------------------------------------

Determined cells to refine in = 0.010152 s
Selected for refinement : 13 cells (out of 179205)
Edge intersection testing:
    Number of edges             : 591450
    Number of edges to retest   : 1579
    Number of intersected edges : 42573
Refined mesh in = 0.876314 s
After refinement coarse cell refinement iteration 0 : cells:179296  faces:591450  points:232969
Cells per refinement level:
    0	9365
    1	17367
    2	102059
    3	50505

Dangling coarse cells refinement iteration 1
--------------------------------------------

Determined cells to refine in = 0.010856 s
Selected for refinement : 0 cells (out of 179296)
Stopping refining since too few cells selected.


Dangling coarse cells refinement iteration 0
--------------------------------------------

Determined cells to refine in = 0.008976 s
Selected for refinement : 0 cells (out of 179296)
Stopping refining since too few cells selected.


Splitting mesh at surface intersections
---------------------------------------

Introducing baffles for 42573 faces that are intersected by the surface.

Edge intersection testing:
    Number of edges             : 633893
    Number of edges to retest   : 233262
    Number of intersected edges : 84027
Created baffles in = 1.296974 s


After introducing baffles : cells:179296  faces:633893  points:232969
Cells per refinement level:
    0	9365
    1	17367
    2	102059
    3	50505

Introducing baffles to block off problem cells
----------------------------------------------

markFacesOnProblemCells : marked 46619 additional internal faces to be converted into baffles.
Analyzed problem cells in = 0.557513 s


Introducing baffles to delete problem cells.

Edge intersection testing:
    Number of edges             : 680512
    Number of edges to retest   : 171492
    Number of intersected edges : 84110
Created baffles in = 0.987145 s


After introducing baffles : cells:179296  faces:680512  points:232969
Cells per refinement level:
    0	9365
    1	17367
    2	102059
    3	50505

Remove unreachable sections of mesh
-----------------------------------

Keeping all cells in regions containing any point in 1((0 0 3))
Selected for keeping : 119980 cells.
Edge intersection testing:
    Number of edges             : 407742
    Number of edges to retest   : 0
    Number of intersected edges : 41656
Split mesh in = 3.747674 s


After subsetting : cells:119980  faces:407742  points:168756
Cells per refinement level:
    0	8886
    1	16180
    2	66059
    3	28855

Handling cells with snap problems
---------------------------------

Introducing baffles for 41656 faces that are intersected by the surface.

Edge intersection testing:
    Number of edges             : 407742
    Number of edges to retest   : 116027
    Number of intersected edges : 41656
Created baffles in = 0.955737 s


After introducing baffles : cells:119980  faces:407742  points:168756
Cells per refinement level:
    0	8886
    1	16180
    2	66059
    3	28855

Introducing baffles to block off problem cells
----------------------------------------------

markFacesOnProblemCells : marked 0 additional internal faces to be converted into baffles.
Analyzed problem cells in = 0.549467 s


Introducing baffles to delete problem cells.

Edge intersection testing:
    Number of edges             : 407742
    Number of edges to retest   : 0
    Number of intersected edges : 41656
Created baffles in = 0.412076 s


After introducing baffles : cells:119980  faces:407742  points:168756
Cells per refinement level:
    0	8886
    1	16180
    2	66059
    3	28855

Remove unreachable sections of mesh
-----------------------------------

Split mesh in = 2.012922 s


After subsetting : cells:119980  faces:407742  points:168756
Cells per refinement level:
    0	8886
    1	16180
    2	66059
    3	28855

Merge free-standing baffles
---------------------------

freeStandingBaffles : detected 51 free-standing baffles out of 51

freeStandingBaffles : detected 22 planar (within 30 degrees) free-standing baffles out of 51

Detected free-standing baffles : 22
Edge intersection testing:
    Number of edges             : 407720
    Number of edges to retest   : 22
    Number of intersected edges : 41634

Introducing baffles to block off problem cells
----------------------------------------------

markFacesOnProblemCells : marked 0 additional internal faces to be converted into baffles.
Analyzed problem cells in = 0.933855 s


Introducing baffles to delete problem cells.

Edge intersection testing:
    Number of edges             : 407720
    Number of edges to retest   : 0
    Number of intersected edges : 41634
Created baffles in = 0.366059 s


After introducing baffles : cells:119980  faces:407720  points:168756
Cells per refinement level:
    0	8886
    1	16180
    2	66059
    3	28855
Merged free-standing baffles in = 0.001632 s


dupNonManifoldPoints : Found : 31 non-manifold points (out of 168756)
Edge intersection testing:
    Number of edges             : 407720
    Number of edges to retest   : 0
    Number of intersected edges : 41634
Detected unsplittable baffles : 1
Edge intersection testing:
    Number of edges             : 407719
    Number of edges to retest   : 1
    Number of intersected edges : 41633
Merged free-standing baffles in = 3.425636 s.

Merge refined boundary faces
----------------------------

Merging 220 sets of faces.

Edge intersection testing:
    Number of edges             : 407303
    Number of edges to retest   : 1980
    Number of intersected edges : 41228

Undo iteration 0
----------------
Checking faces in error :
    non-orthogonality > 65  degrees                        : 0
    faces with face pyramid volume < 1e-13                 : 0
    faces with face-decomposition tet quality < 1e-15      : 0
    faces with concavity > 80  degrees                     : 0
    faces with skewness > 4   (internal) or 20  (boundary) : 0
    faces with interpolation weights (0..1)  < 0.02        : 0
    faces with volume ratio of neighbour cells < 0.01      : 0
    faces with face twist < 0.02                           : 0
    faces on cells with determinant < 0.001                : 0

Merging all points on surface that
- are used by only two boundary faces and
- make an angle with a cosine of more than 0.7071067812.

Removing 331 straight edge points ...

Edge intersection testing:
    Number of edges             : 407303
    Number of edges to retest   : 2487
    Number of intersected edges : 41228

Undo iteration 0
----------------
Checking faces in error :
    non-orthogonality > 65  degrees                        : 0
    faces with face pyramid volume < 1e-13                 : 0
    faces with face-decomposition tet quality < 1e-15      : 0
    faces with concavity > 80  degrees                     : 0
    faces with skewness > 4   (internal) or 20  (boundary) : 0
    faces with interpolation weights (0..1)  < 0.02        : 0
    faces with volume ratio of neighbour cells < 0.01      : 0
    faces with face twist < 0.02                           : 0
    faces on cells with determinant < 0.001                : 0
Refined mesh : cells:119980  faces:407303  points:168358
Cells per refinement level:
    0	8886
    1	16180
    2	66059
    3	28855
Writing mesh to time constant
Wrote mesh in = 2.967175 s.
Mesh refined in = 32.586085 s.

Morphing phase
--------------


Snapping to features in 10 iterations ...
Constructing mesh displacer ...
Using mesh parameters 
{
    maxNonOrtho     65;
    maxBoundarySkewness 20;
    maxInternalSkewness 4;
    maxConcave      80;
    minVol          1e-13;
    minTetQuality   1e-15;
    minArea         -1;
    minTwist        0.02;
    minDeterminant  0.001;
    minFaceWeight   0.02;
    minVolRatio     0.01;
    minTriangleTwist -1;
    nSmoothScale    4;
    errorReduction  0.75;
}


Checking initial mesh ...
Checking faces in error :
    non-orthogonality > 65  degrees                        : 0
    faces with face pyramid volume < 1e-13                 : 0
    faces with face-decomposition tet quality < 1e-15      : 0
    faces with concavity > 80  degrees                     : 0
    faces with skewness > 4   (internal) or 20  (boundary) : 0
    faces with interpolation weights (0..1)  < 0.02        : 0
    faces with volume ratio of neighbour cells < 0.01      : 0
    faces with face twist < 0.02                           : 0
    faces on cells with determinant < 0.001                : 0
Detected 0 illegal faces (concave, zero area or negative cell pyramid volume)
Checked initial mesh in = 1.09859 s


Smoothing patch points ...
Smoothing iteration 0
Found 62 non-manifold point(s).

Scaling iteration 0
Moving mesh using displacement scaling : min:1  max:1
Checking faces in error :
    non-orthogonality > 65  degrees                        : 0
    faces with face pyramid volume < 1e-13                 : 0
    faces with face-decomposition tet quality < 1e-15      : 0
    faces with concavity > 80  degrees                     : 0
    faces with skewness > 4   (internal) or 20  (boundary) : 0
    faces with interpolation weights (0..1)  < 0.02        : 0
    faces with volume ratio of neighbour cells < 0.01      : 0
    faces with face twist < 0.02                           : 0
    faces on cells with determinant < 0.001                : 0
Successfully moved mesh

Smoothing iteration 1
Found 0 non-manifold point(s).

Scaling iteration 0
Moving mesh using displacement scaling : min:1  max:1
Checking faces in error :
    non-orthogonality > 65  degrees                        : 0
    faces with face pyramid volume < 1e-13                 : 0
    faces with face-decomposition tet quality < 1e-15      : 0
    faces with concavity > 80  degrees                     : 0
    faces with skewness > 4   (internal) or 20  (boundary) : 0
    faces with interpolation weights (0..1)  < 0.02        : 0
    faces with volume ratio of neighbour cells < 0.01      : 0
    faces with face twist < 0.02                           : 0
    faces on cells with determinant < 0.001                : 0
Successfully moved mesh

Smoothing iteration 2
Found 0 non-manifold point(s).

Scaling iteration 0
Moving mesh using displacement scaling : min:1  max:1
Checking faces in error :
    non-orthogonality > 65  degrees                        : 0
    faces with face pyramid volume < 1e-13                 : 0
    faces with face-decomposition tet quality < 1e-15      : 0
    faces with concavity > 80  degrees                     : 0
    faces with skewness > 4   (internal) or 20  (boundary) : 0
    faces with interpolation weights (0..1)  < 0.02        : 0
    faces with volume ratio of neighbour cells < 0.01      : 0
    faces with face twist < 0.02                           : 0
    faces on cells with determinant < 0.001                : 0
Successfully moved mesh

Patch points smoothed in = 2.237267 s



Morph iteration 0
-----------------
Calculating patchDisplacement as distance to nearest surface point ...
Wanted displacement : average:0.0184938669 min:2.38982126e-06 max:0.1078851184
Calculated surface displacement in = 0.086966 s


Detecting near surfaces ...
Overriding nearest with intersection of close gaps at 0 out of 42898 points.
Overriding displacement on features :
   implicit features    : false
   explicit features    : true
   multi-patch features : false

Detected 16 baffle edges out of 84807 edges.
Initially selected 2556 points out of 42898 for reverse attraction.
Selected 6902 points out of 42898 for reverse attraction.
Stringing feature edges : changed 0 points
Attraction:
     linear   : max:(-0.01182939238 0.07209640463 0.07938118602) avg:(0.0003301286903 0.006137197674 5.245392803e-05)
     feature  : max:(0 0 0) avg:(0 0 0)
Feature analysis : total master points:42898 attraction to :
    feature point   : 0
    feature edge    : 0
    nearest surface : 0
    rest            : 42898

--> FOAM Warning : Displacement (-1.759370898e-05 -8.437134686e-05 -2.66538192e-05) at mesh point 162033 coord (13.31041873 -1.726757828 -1.636423626) points through the surrounding patch faces
Smoothing displacement ...
Iteration 0
Iteration 10
Iteration 20
Displacement smoothed in = 0.938523 s


Moving mesh ...

Iteration 0
Moving mesh using displacement scaling : min:1  max:1
Checking faces in error :
    non-orthogonality > 65  degrees                        : 0
    faces with face pyramid volume < 1e-13                 : 0
    faces with face-decomposition tet quality < 1e-15      : 0
    faces with concavity > 80  degrees                     : 0
    faces with skewness > 4   (internal) or 20  (boundary) : 0
    faces with interpolation weights (0..1)  < 0.02        : 0
    faces with volume ratio of neighbour cells < 0.01      : 0
    faces with face twist < 0.02                           : 0
    faces on cells with determinant < 0.001                : 0
Successfully moved mesh
Moved mesh in = 0.622005 s



Morph iteration 1
-----------------
Calculating patchDisplacement as distance to nearest surface point ...
Wanted displacement : average:0.01722337343 min:8.533882598e-07 max:0.1056653344
Calculated surface displacement in = 0.084424 s


Detecting near surfaces ...
Overriding nearest with intersection of close gaps at 0 out of 42898 points.
Overriding displacement on features :
   implicit features    : false
   explicit features    : true
   multi-patch features : false

Detected 16 baffle edges out of 84807 edges.
Initially selected 2550 points out of 42898 for reverse attraction.
Selected 6890 points out of 42898 for reverse attraction.
Stringing feature edges : changed 0 points
Attraction:
     linear   : max:(-0.0115859974 0.07061298918 0.07774788298) avg:(0.0003016729232 0.005536898446 4.614244924e-05)
     feature  : max:(0 0 0) avg:(0 0 0)
Feature analysis : total master points:42898 attraction to :
    feature point   : 0
    feature edge    : 0
    nearest surface : 0
    rest            : 42898

--> FOAM Warning : Displacement (-2.419223656e-05 0.0001606098645 -6.779640393e-05) at mesh point 34039 coord (20.39386353 -0.5961189253 -4.034382096) points through the surrounding patch faces
Smoothing displacement ...
Iteration 0
Iteration 10
Iteration 20
Displacement smoothed in = 1.257361 s


Moving mesh ...

Iteration 0
Moving mesh using displacement scaling : min:1  max:1
Checking faces in error :
    non-orthogonality > 65  degrees                        : 0
    faces with face pyramid volume < 1e-13                 : 0
    faces with face-decomposition tet quality < 1e-15      : 0
    faces with concavity > 80  degrees                     : 0
    faces with skewness > 4   (internal) or 20  (boundary) : 0
    faces with interpolation weights (0..1)  < 0.02        : 0
    faces with volume ratio of neighbour cells < 0.01      : 0
    faces with face twist < 0.02                           : 0
    faces on cells with determinant < 0.001                : 0
Successfully moved mesh
Moved mesh in = 0.652917 s



Morph iteration 2
-----------------
Calculating patchDisplacement as distance to nearest surface point ...
Wanted displacement : average:0.0149330603 min:2.255265418e-07 max:0.1007154744
Calculated surface displacement in = 0.088246 s


Detecting near surfaces ...
Overriding nearest with intersection of close gaps at 0 out of 42898 points.
Overriding displacement on features :
   implicit features    : false
   explicit features    : true
   multi-patch features : false

Detected 16 baffle edges out of 84807 edges.
Initially selected 2558 points out of 42898 for reverse attraction.
Selected 6903 points out of 42898 for reverse attraction.
Stringing feature edges : changed 0 points
Attraction:
     linear   : max:(-0.01104325493 0.06730514549 0.07410580738) avg:(0.0002490205765 0.004453786698 3.61331553e-05)
     feature  : max:(0 0 0) avg:(0 0 0)
Feature analysis : total master points:42898 attraction to :
    feature point   : 0
    feature edge    : 0
    nearest surface : 0
    rest            : 42898

--> FOAM Warning : Displacement (-0.0001161148132 0.0003254143348 -0.0003460742385) at mesh point 34039 coord (20.39383934 -0.5959583154 -4.034449892) points through the surrounding patch faces
Smoothing displacement ...
Iteration 0
Iteration 10
Iteration 20
Displacement smoothed in = 1.01982 s


Moving mesh ...

Iteration 0
Moving mesh using displacement scaling : min:1  max:1
Checking faces in error :
    non-orthogonality > 65  degrees                        : 0
    faces with face pyramid volume < 1e-13                 : 0
    faces with face-decomposition tet quality < 1e-15      : 2
    faces with concavity > 80  degrees                     : 0
    faces with skewness > 4   (internal) or 20  (boundary) : 0
    faces with interpolation weights (0..1)  < 0.02        : 0
    faces with volume ratio of neighbour cells < 0.01      : 0
    faces with face twist < 0.02                           : 0
    faces on cells with determinant < 0.001                : 0

Iteration 1
Moving mesh using displacement scaling : min:0.75  max:1
Checking faces in error :
    non-orthogonality > 65  degrees                        : 0
    faces with face pyramid volume < 1e-13                 : 0
    faces with face-decomposition tet quality < 1e-15      : 0
    faces with concavity > 80  degrees                     : 0
    faces with skewness > 4   (internal) or 20  (boundary) : 0
    faces with interpolation weights (0..1)  < 0.02        : 0
    faces with volume ratio of neighbour cells < 0.01      : 0
    faces with face twist < 0.02                           : 0
    faces on cells with determinant < 0.001                : 0
Successfully moved mesh
Moved mesh in = 1.115659 s



Morph iteration 3
-----------------
Calculating patchDisplacement as distance to nearest surface point ...
Wanted displacement : average:0.01212067893 min:6.082411488e-08 max:0.09485692325
Calculated surface displacement in = 0.087477 s


Detecting near surfaces ...
Overriding nearest with intersection of close gaps at 0 out of 42898 points.
Overriding displacement on features :
   implicit features    : false
   explicit features    : true
   multi-patch features : false

Detected 14 baffle edges out of 84807 edges.
Initially selected 2550 points out of 42898 for reverse attraction.
Selected 6885 points out of 42898 for reverse attraction.
Stringing feature edges : changed 0 points
Attraction:
     linear   : max:(-0.01325401292 0.05673403588 0.07485596972) avg:(0.0001832583761 0.003148597208 2.611677001e-05)
     feature  : max:(0 0 0) avg:(0 0 0)
Feature analysis : total master points:42898 attraction to :
    feature point   : 0
    feature edge    : 0
    nearest surface : 0
    rest            : 42898

--> FOAM Warning : Displacement (1.735451263e-05 1.276405003e-06 -2.51969941e-05) at mesh point 93746 coord (9.823996412 -0.9008895206 -0.5432583218) points through the surrounding patch faces
Smoothing displacement ...
Iteration 0
Iteration 10
Iteration 20
Displacement smoothed in = 1.234574 s


Moving mesh ...

Iteration 0
Moving mesh using displacement scaling : min:1  max:1
Checking faces in error :
    non-orthogonality > 65  degrees                        : 0
    faces with face pyramid volume < 1e-13                 : 0
    faces with face-decomposition tet quality < 1e-15      : 2
    faces with concavity > 80  degrees                     : 0
    faces with skewness > 4   (internal) or 20  (boundary) : 0
    faces with interpolation weights (0..1)  < 0.02        : 0
    faces with volume ratio of neighbour cells < 0.01      : 0
    faces with face twist < 0.02                           : 0
    faces on cells with determinant < 0.001                : 0

Iteration 1
Moving mesh using displacement scaling : min:0.75  max:1
Checking faces in error :
    non-orthogonality > 65  degrees                        : 0
    faces with face pyramid volume < 1e-13                 : 0
    faces with face-decomposition tet quality < 1e-15      : 2
    faces with concavity > 80  degrees                     : 0
    faces with skewness > 4   (internal) or 20  (boundary) : 0
    faces with interpolation weights (0..1)  < 0.02        : 0
    faces with volume ratio of neighbour cells < 0.01      : 0
    faces with face twist < 0.02                           : 0
    faces on cells with determinant < 0.001                : 0

Iteration 2
Moving mesh using displacement scaling : min:0.5625  max:1
Checking faces in error :
    non-orthogonality > 65  degrees                        : 0
    faces with face pyramid volume < 1e-13                 : 0
    faces with face-decomposition tet quality < 1e-15      : 2
    faces with concavity > 80  degrees                     : 0
    faces with skewness > 4   (internal) or 20  (boundary) : 0
    faces with interpolation weights (0..1)  < 0.02        : 0
    faces with volume ratio of neighbour cells < 0.01      : 0
    faces with face twist < 0.02                           : 0
    faces on cells with determinant < 0.001                : 0

Iteration 3
Moving mesh using displacement scaling : min:0.421875  max:1
Checking faces in error :
    non-orthogonality > 65  degrees                        : 0
    faces with face pyramid volume < 1e-13                 : 0
    faces with face-decomposition tet quality < 1e-15      : 1
    faces with concavity > 80  degrees                     : 0
    faces with skewness > 4   (internal) or 20  (boundary) : 0
    faces with interpolation weights (0..1)  < 0.02        : 0
    faces with volume ratio of neighbour cells < 0.01      : 0
    faces with face twist < 0.02                           : 0
    faces on cells with determinant < 0.001                : 0

Iteration 4
Moving mesh using displacement scaling : min:0.31640625  max:1
Checking faces in error :
    non-orthogonality > 65  degrees                        : 0
    faces with face pyramid volume < 1e-13                 : 0
    faces with face-decomposition tet quality < 1e-15      : 0
    faces with concavity > 80  degrees                     : 0
    faces with skewness > 4   (internal) or 20  (boundary) : 0
    faces with interpolation weights (0..1)  < 0.02        : 0
    faces with volume ratio of neighbour cells < 0.01      : 0
    faces with face twist < 0.02                           : 0
    faces on cells with determinant < 0.001                : 0
Successfully moved mesh
Moved mesh in = 3.16445 s



Morph iteration 4
-----------------
Calculating patchDisplacement as distance to nearest surface point ...
Wanted displacement : average:0.009211095606 min:1.326426946e-07 max:0.08631261866
Calculated surface displacement in = 0.089701 s


Detecting near surfaces ...
Overriding nearest with intersection of close gaps at 0 out of 42898 points.
Overriding displacement on features :
   implicit features    : false
   explicit features    : true
   multi-patch features : false

Detected 10 baffle edges out of 84807 edges.
Initially selected 2550 points out of 42898 for reverse attraction.
Selected 6898 points out of 42898 for reverse attraction.
Stringing feature edges : changed 0 points
Attraction:
     linear   : max:(-0.01206014831 0.05162367738 0.0681132652) avg:(0.0001185126357 0.001921924944 1.640169775e-05)
     feature  : max:(0 0 0) avg:(0 0 0)
Feature analysis : total master points:42898 attraction to :
    feature point   : 0
    feature edge    : 0
    nearest surface : 0
    rest            : 42898

--> FOAM Warning : Displacement (-0.0003763513602 -8.492022353e-05 0.0003520500472) at mesh point 56214 coord (15.14054345 1.198963161 0.9501588692) points through the surrounding patch faces
Smoothing displacement ...
Iteration 0
Iteration 10
Iteration 20
Displacement smoothed in = 1.063869 s


Moving mesh ...

Iteration 0
Moving mesh using displacement scaling : min:1  max:1
Checking faces in error :
    non-orthogonality > 65  degrees                        : 0
    faces with face pyramid volume < 1e-13                 : 0
    faces with face-decomposition tet quality < 1e-15      : 2
    faces with concavity > 80  degrees                     : 0
    faces with skewness > 4   (internal) or 20  (boundary) : 0
    faces with interpolation weights (0..1)  < 0.02        : 0
    faces with volume ratio of neighbour cells < 0.01      : 0
    faces with face twist < 0.02                           : 0
    faces on cells with determinant < 0.001                : 0

Iteration 1
Moving mesh using displacement scaling : min:0.75  max:1
Checking faces in error :
    non-orthogonality > 65  degrees                        : 0
    faces with face pyramid volume < 1e-13                 : 0
    faces with face-decomposition tet quality < 1e-15      : 2
    faces with concavity > 80  degrees                     : 0
    faces with skewness > 4   (internal) or 20  (boundary) : 0
    faces with interpolation weights (0..1)  < 0.02        : 0
    faces with volume ratio of neighbour cells < 0.01      : 0
    faces with face twist < 0.02                           : 0
    faces on cells with determinant < 0.001                : 0

Iteration 2
Moving mesh using displacement scaling : min:0.5625  max:1
Checking faces in error :
    non-orthogonality > 65  degrees                        : 0
    faces with face pyramid volume < 1e-13                 : 0
    faces with face-decomposition tet quality < 1e-15      : 2
    faces with concavity > 80  degrees                     : 0
    faces with skewness > 4   (internal) or 20  (boundary) : 0
    faces with interpolation weights (0..1)  < 0.02        : 0
    faces with volume ratio of neighbour cells < 0.01      : 0
    faces with face twist < 0.02                           : 0
    faces on cells with determinant < 0.001                : 0

Iteration 3
Moving mesh using displacement scaling : min:0.421875  max:1
Checking faces in error :
    non-orthogonality > 65  degrees                        : 0
    faces with face pyramid volume < 1e-13                 : 0
    faces with face-decomposition tet quality < 1e-15      : 2
    faces with concavity > 80  degrees                     : 0
    faces with skewness > 4   (internal) or 20  (boundary) : 0
    faces with interpolation weights (0..1)  < 0.02        : 0
    faces with volume ratio of neighbour cells < 0.01      : 0
    faces with face twist < 0.02                           : 0
    faces on cells with determinant < 0.001                : 0

Iteration 4
Moving mesh using displacement scaling : min:0.31640625  max:1
Checking faces in error :
    non-orthogonality > 65  degrees                        : 0
    faces with face pyramid volume < 1e-13                 : 0
    faces with face-decomposition tet quality < 1e-15      : 2
    faces with concavity > 80  degrees                     : 0
    faces with skewness > 4   (internal) or 20  (boundary) : 0
    faces with interpolation weights (0..1)  < 0.02        : 0
    faces with volume ratio of neighbour cells < 0.01      : 0
    faces with face twist < 0.02                           : 0
    faces on cells with determinant < 0.001                : 0

Iteration 5
Displacement scaling for error reduction set to 0.
Moving mesh using displacement scaling : min:0.2373046875  max:1
Checking faces in error :
    non-orthogonality > 65  degrees                        : 0
    faces with face pyramid volume < 1e-13                 : 0
    faces with face-decomposition tet quality < 1e-15      : 1
    faces with concavity > 80  degrees                     : 0
    faces with skewness > 4   (internal) or 20  (boundary) : 0
    faces with interpolation weights (0..1)  < 0.02        : 0
    faces with volume ratio of neighbour cells < 0.01      : 0
    faces with face twist < 0.02                           : 0
    faces on cells with determinant < 0.001                : 0

Iteration 6
Moving mesh using displacement scaling : min:0  max:1
Checking faces in error :
    non-orthogonality > 65  degrees                        : 0
    faces with face pyramid volume < 1e-13                 : 0
    faces with face-decomposition tet quality < 1e-15      : 0
    faces with concavity > 80  degrees                     : 0
    faces with skewness > 4   (internal) or 20  (boundary) : 0
    faces with interpolation weights (0..1)  < 0.02        : 0
    faces with volume ratio of neighbour cells < 0.01      : 0
    faces with face twist < 0.02                           : 0
    faces on cells with determinant < 0.001                : 0
Successfully moved mesh
Moved mesh in = 4.768892 s



Morph iteration 5
-----------------
Calculating patchDisplacement as distance to nearest surface point ...
Wanted displacement : average:0.006444173113 min:8.907103734e-08 max:0.07483873494
Calculated surface displacement in = 0.138554 s


Detecting near surfaces ...
Overriding nearest with intersection of close gaps at 0 out of 42898 points.
Overriding displacement on features :
   implicit features    : false
   explicit features    : true
   multi-patch features : false

Detected 6 baffle edges out of 84807 edges.
Initially selected 2541 points out of 42898 for reverse attraction.
Selected 6893 points out of 42898 for reverse attraction.
Stringing feature edges : changed 0 points
Attraction:
     linear   : max:(-0.01045694427 0.04476113422 0.05905869477) avg:(6.476981358e-05 0.000992653887 8.821767049e-06)
     feature  : max:(0 0 0) avg:(0 0 0)
Feature analysis : total master points:42898 attraction to :
    feature point   : 0
    feature edge    : 0
    nearest surface : 0
    rest            : 42898

--> FOAM Warning : Displacement (-8.48518883e-05 0.0002784871995 0.0002869024553) at mesh point 95289 coord (9.704329272 -1.120076613 0.6208567142) points through the surrounding patch faces
Smoothing displacement ...
Iteration 0
Iteration 10
Iteration 20
Displacement smoothed in = 1.045213 s


Moving mesh ...

Iteration 0
Moving mesh using displacement scaling : min:1  max:1
Checking faces in error :
    non-orthogonality > 65  degrees                        : 0
    faces with face pyramid volume < 1e-13                 : 0
    faces with face-decomposition tet quality < 1e-15      : 3
    faces with concavity > 80  degrees                     : 0
    faces with skewness > 4   (internal) or 20  (boundary) : 0
    faces with interpolation weights (0..1)  < 0.02        : 0
    faces with volume ratio of neighbour cells < 0.01      : 0
    faces with face twist < 0.02                           : 0
    faces on cells with determinant < 0.001                : 0

Iteration 1
Moving mesh using displacement scaling : min:0.75  max:1
Checking faces in error :
    non-orthogonality > 65  degrees                        : 0
    faces with face pyramid volume < 1e-13                 : 0
    faces with face-decomposition tet quality < 1e-15      : 2
    faces with concavity > 80  degrees                     : 0
    faces with skewness > 4   (internal) or 20  (boundary) : 0
    faces with interpolation weights (0..1)  < 0.02        : 0
    faces with volume ratio of neighbour cells < 0.01      : 0
    faces with face twist < 0.02                           : 0
    faces on cells with determinant < 0.001                : 0

Iteration 2
Moving mesh using displacement scaling : min:0.5625  max:1
Checking faces in error :
    non-orthogonality > 65  degrees                        : 0
    faces with face pyramid volume < 1e-13                 : 0
    faces with face-decomposition tet quality < 1e-15      : 2
    faces with concavity > 80  degrees                     : 0
    faces with skewness > 4   (internal) or 20  (boundary) : 0
    faces with interpolation weights (0..1)  < 0.02        : 0
    faces with volume ratio of neighbour cells < 0.01      : 0
    faces with face twist < 0.02                           : 0
    faces on cells with determinant < 0.001                : 0

Iteration 3
Moving mesh using displacement scaling : min:0.421875  max:1
Checking faces in error :
    non-orthogonality > 65  degrees                        : 0
    faces with face pyramid volume < 1e-13                 : 0
    faces with face-decomposition tet quality < 1e-15      : 2
    faces with concavity > 80  degrees                     : 0
    faces with skewness > 4   (internal) or 20  (boundary) : 0
    faces with interpolation weights (0..1)  < 0.02        : 0
    faces with volume ratio of neighbour cells < 0.01      : 0
    faces with face twist < 0.02                           : 0
    faces on cells with determinant < 0.001                : 0

Iteration 4
Moving mesh using displacement scaling : min:0.31640625  max:1
Checking faces in error :
    non-orthogonality > 65  degrees                        : 0
    faces with face pyramid volume < 1e-13                 : 0
    faces with face-decomposition tet quality < 1e-15      : 2
    faces with concavity > 80  degrees                     : 0
    faces with skewness > 4   (internal) or 20  (boundary) : 0
    faces with interpolation weights (0..1)  < 0.02        : 0
    faces with volume ratio of neighbour cells < 0.01      : 0
    faces with face twist < 0.02                           : 0
    faces on cells with determinant < 0.001                : 0

Iteration 5
Displacement scaling for error reduction set to 0.
Moving mesh using displacement scaling : min:0.2373046875  max:1
Checking faces in error :
    non-orthogonality > 65  degrees                        : 0
    faces with face pyramid volume < 1e-13                 : 0
    faces with face-decomposition tet quality < 1e-15      : 2
    faces with concavity > 80  degrees                     : 0
    faces with skewness > 4   (internal) or 20  (boundary) : 0
    faces with interpolation weights (0..1)  < 0.02        : 0
    faces with volume ratio of neighbour cells < 0.01      : 0
    faces with face twist < 0.02                           : 0
    faces on cells with determinant < 0.001                : 0

Iteration 6
Moving mesh using displacement scaling : min:0  max:1
Checking faces in error :
    non-orthogonality > 65  degrees                        : 0
    faces with face pyramid volume < 1e-13                 : 0
    faces with face-decomposition tet quality < 1e-15      : 0
    faces with concavity > 80  degrees                     : 0
    faces with skewness > 4   (internal) or 20  (boundary) : 0
    faces with interpolation weights (0..1)  < 0.02        : 0
    faces with volume ratio of neighbour cells < 0.01      : 0
    faces with face twist < 0.02                           : 0
    faces on cells with determinant < 0.001                : 0
Successfully moved mesh
Moved mesh in = 5.003414 s



Morph iteration 6
-----------------
Calculating patchDisplacement as distance to nearest surface point ...
Wanted displacement : average:0.003972874853 min:2.296876778e-07 max:0.06087536892
Calculated surface displacement in = 0.10144 s


Detecting near surfaces ...
Overriding nearest with intersection of close gaps at 0 out of 42898 points.
Overriding displacement on features :
   implicit features    : false
   explicit features    : true
   multi-patch features : false

Detected 6 baffle edges out of 84807 edges.
Initially selected 2544 points out of 42898 for reverse attraction.
Selected 6888 points out of 42898 for reverse attraction.
Stringing feature edges : changed 0 points
Attraction:
     linear   : max:(-0.008505893913 0.0364096288 0.04803955913) avg:(2.855402164e-05 0.0004237092821 4.492462309e-06)
     feature  : max:(0 0 0) avg:(0 0 0)
Feature analysis : total master points:42898 attraction to :
    feature point   : 0
    feature edge    : 0
    nearest surface : 0
    rest            : 42898

--> FOAM Warning : Displacement (-0.0002235340115 0.0003644755641 0.0008458409802) at mesh point 95289 coord (9.70424442 -1.119798126 0.6211436167) points through the surrounding patch faces
Smoothing displacement ...
Iteration 0
Iteration 10
Iteration 20
Displacement smoothed in = 1.394402 s


Moving mesh ...

Iteration 0
Moving mesh using displacement scaling : min:1  max:1
Checking faces in error :
    non-orthogonality > 65  degrees                        : 0
    faces with face pyramid volume < 1e-13                 : 0
    faces with face-decomposition tet quality < 1e-15      : 4
    faces with concavity > 80  degrees                     : 1
    faces with skewness > 4   (internal) or 20  (boundary) : 0
    faces with interpolation weights (0..1)  < 0.02        : 0
    faces with volume ratio of neighbour cells < 0.01      : 0
    faces with face twist < 0.02                           : 1
    faces on cells with determinant < 0.001                : 0

Iteration 1
Moving mesh using displacement scaling : min:0.75  max:1
Checking faces in error :
    non-orthogonality > 65  degrees                        : 0
    faces with face pyramid volume < 1e-13                 : 0
    faces with face-decomposition tet quality < 1e-15      : 4
    faces with concavity > 80  degrees                     : 1
    faces with skewness > 4   (internal) or 20  (boundary) : 0
    faces with interpolation weights (0..1)  < 0.02        : 0
    faces with volume ratio of neighbour cells < 0.01      : 0
    faces with face twist < 0.02                           : 1
    faces on cells with determinant < 0.001                : 0

Iteration 2
Moving mesh using displacement scaling : min:0.5625  max:1
Checking faces in error :
    non-orthogonality > 65  degrees                        : 0
    faces with face pyramid volume < 1e-13                 : 0
    faces with face-decomposition tet quality < 1e-15      : 4
    faces with concavity > 80  degrees                     : 0
    faces with skewness > 4   (internal) or 20  (boundary) : 0
    faces with interpolation weights (0..1)  < 0.02        : 0
    faces with volume ratio of neighbour cells < 0.01      : 0
    faces with face twist < 0.02                           : 0
    faces on cells with determinant < 0.001                : 0

Iteration 3
Moving mesh using displacement scaling : min:0.421875  max:1
Checking faces in error :
    non-orthogonality > 65  degrees                        : 0
    faces with face pyramid volume < 1e-13                 : 0
    faces with face-decomposition tet quality < 1e-15      : 3
    faces with concavity > 80  degrees                     : 0
    faces with skewness > 4   (internal) or 20  (boundary) : 0
    faces with interpolation weights (0..1)  < 0.02        : 0
    faces with volume ratio of neighbour cells < 0.01      : 0
    faces with face twist < 0.02                           : 0
    faces on cells with determinant < 0.001                : 0

Iteration 4
Moving mesh using displacement scaling : min:0.31640625  max:1
Checking faces in error :
    non-orthogonality > 65  degrees                        : 0
    faces with face pyramid volume < 1e-13                 : 0
    faces with face-decomposition tet quality < 1e-15      : 3
    faces with concavity > 80  degrees                     : 0
    faces with skewness > 4   (internal) or 20  (boundary) : 0
    faces with interpolation weights (0..1)  < 0.02        : 0
    faces with volume ratio of neighbour cells < 0.01      : 0
    faces with face twist < 0.02                           : 0
    faces on cells with determinant < 0.001                : 0

Iteration 5
Displacement scaling for error reduction set to 0.
Moving mesh using displacement scaling : min:0.2373046875  max:1
Checking faces in error :
    non-orthogonality > 65  degrees                        : 0
    faces with face pyramid volume < 1e-13                 : 0
    faces with face-decomposition tet quality < 1e-15      : 3
    faces with concavity > 80  degrees                     : 0
    faces with skewness > 4   (internal) or 20  (boundary) : 0
    faces with interpolation weights (0..1)  < 0.02        : 0
    faces with volume ratio of neighbour cells < 0.01      : 0
    faces with face twist < 0.02                           : 0
    faces on cells with determinant < 0.001                : 0

Iteration 6
Moving mesh using displacement scaling : min:0  max:1
Checking faces in error :
    non-orthogonality > 65  degrees                        : 0
    faces with face pyramid volume < 1e-13                 : 0
    faces with face-decomposition tet quality < 1e-15      : 0
    faces with concavity > 80  degrees                     : 0
    faces with skewness > 4   (internal) or 20  (boundary) : 0
    faces with interpolation weights (0..1)  < 0.02        : 0
    faces with volume ratio of neighbour cells < 0.01      : 0
    faces with face twist < 0.02                           : 0
    faces on cells with determinant < 0.001                : 0
Successfully moved mesh
Moved mesh in = 4.74041 s



Morph iteration 7
-----------------
Calculating patchDisplacement as distance to nearest surface point ...
Wanted displacement : average:0.002014527751 min:1.052705452e-07 max:0.04572884091
Calculated surface displacement in = 0.090196 s


Detecting near surfaces ...
Overriding nearest with intersection of close gaps at 0 out of 42898 points.
Overriding displacement on features :
   implicit features    : false
   explicit features    : true
   multi-patch features : false

Detected 2 baffle edges out of 84807 edges.
Initially selected 2543 points out of 42898 for reverse attraction.
Selected 6885 points out of 42898 for reverse attraction.
Stringing feature edges : changed 0 points
Attraction:
     linear   : max:(-0.006389524638 0.02735047282 0.03608673583) avg:(8.485936256e-06 0.0001481119053 2.574634117e-06)
     feature  : max:(0 0 0) avg:(0 0 0)
Feature analysis : total master points:42898 attraction to :
    feature point   : 0
    feature edge    : 0
    nearest surface : 0
    rest            : 42898

--> FOAM Warning : Displacement (-0.0002494384418 0.000298821021 0.0009808596582) at mesh point 95289 coord (9.704020886 -1.11943365 0.6219894577) points through the surrounding patch faces
Smoothing displacement ...
Iteration 0
Iteration 10
Iteration 20
Displacement smoothed in = 1.127947 s


Moving mesh ...

Iteration 0
Moving mesh using displacement scaling : min:1  max:1
Checking faces in error :
    non-orthogonality > 65  degrees                        : 0
    faces with face pyramid volume < 1e-13                 : 0
    faces with face-decomposition tet quality < 1e-15      : 30
    faces with concavity > 80  degrees                     : 1
    faces with skewness > 4   (internal) or 20  (boundary) : 0
    faces with interpolation weights (0..1)  < 0.02        : 0
    faces with volume ratio of neighbour cells < 0.01      : 0
    faces with face twist < 0.02                           : 8
    faces on cells with determinant < 0.001                : 0

Iteration 1
Moving mesh using displacement scaling : min:0.75  max:1
Checking faces in error :
    non-orthogonality > 65  degrees                        : 0
    faces with face pyramid volume < 1e-13                 : 0
    faces with face-decomposition tet quality < 1e-15      : 14
    faces with concavity > 80  degrees                     : 1
    faces with skewness > 4   (internal) or 20  (boundary) : 0
    faces with interpolation weights (0..1)  < 0.02        : 0
    faces with volume ratio of neighbour cells < 0.01      : 0
    faces with face twist < 0.02                           : 6
    faces on cells with determinant < 0.001                : 0

Iteration 2
Moving mesh using displacement scaling : min:0.5625  max:1
Checking faces in error :
    non-orthogonality > 65  degrees                        : 0
    faces with face pyramid volume < 1e-13                 : 0
    faces with face-decomposition tet quality < 1e-15      : 12
    faces with concavity > 80  degrees                     : 1
    faces with skewness > 4   (internal) or 20  (boundary) : 0
    faces with interpolation weights (0..1)  < 0.02        : 0
    faces with volume ratio of neighbour cells < 0.01      : 0
    faces with face twist < 0.02                           : 1
    faces on cells with determinant < 0.001                : 0

Iteration 3
Moving mesh using displacement scaling : min:0.421875  max:1
Checking faces in error :
    non-orthogonality > 65  degrees                        : 0
    faces with face pyramid volume < 1e-13                 : 0
    faces with face-decomposition tet quality < 1e-15      : 9
    faces with concavity > 80  degrees                     : 1
    faces with skewness > 4   (internal) or 20  (boundary) : 0
    faces with interpolation weights (0..1)  < 0.02        : 0
    faces with volume ratio of neighbour cells < 0.01      : 0
    faces with face twist < 0.02                           : 3
    faces on cells with determinant < 0.001                : 0

Iteration 4
Moving mesh using displacement scaling : min:0.31640625  max:1
Checking faces in error :
    non-orthogonality > 65  degrees                        : 0
    faces with face pyramid volume < 1e-13                 : 0
    faces with face-decomposition tet quality < 1e-15      : 9
    faces with concavity > 80  degrees                     : 1
    faces with skewness > 4   (internal) or 20  (boundary) : 0
    faces with interpolation weights (0..1)  < 0.02        : 0
    faces with volume ratio of neighbour cells < 0.01      : 0
    faces with face twist < 0.02                           : 2
    faces on cells with determinant < 0.001                : 0

Iteration 5
Displacement scaling for error reduction set to 0.
Moving mesh using displacement scaling : min:0.2373046875  max:1
Checking faces in error :
    non-orthogonality > 65  degrees                        : 0
    faces with face pyramid volume < 1e-13                 : 0
    faces with face-decomposition tet quality < 1e-15      : 7
    faces with concavity > 80  degrees                     : 1
    faces with skewness > 4   (internal) or 20  (boundary) : 0
    faces with interpolation weights (0..1)  < 0.02        : 0
    faces with volume ratio of neighbour cells < 0.01      : 0
    faces with face twist < 0.02                           : 2
    faces on cells with determinant < 0.001                : 0

Iteration 6
Moving mesh using displacement scaling : min:0  max:1
Checking faces in error :
    non-orthogonality > 65  degrees                        : 0
    faces with face pyramid volume < 1e-13                 : 0
    faces with face-decomposition tet quality < 1e-15      : 0
    faces with concavity > 80  degrees                     : 0
    faces with skewness > 4   (internal) or 20  (boundary) : 0
    faces with interpolation weights (0..1)  < 0.02        : 0
    faces with volume ratio of neighbour cells < 0.01      : 0
    faces with face twist < 0.02                           : 0
    faces on cells with determinant < 0.001                : 0
Successfully moved mesh
Moved mesh in = 5.315906 s



Morph iteration 8
-----------------
Calculating patchDisplacement as distance to nearest surface point ...
Wanted displacement : average:0.0007619771875 min:2.715641288e-08 max:0.03129009457
Calculated surface displacement in = 0.090292 s


Detecting near surfaces ...
Overriding nearest with intersection of close gaps at 1 out of 42898 points.
Overriding displacement on features :
   implicit features    : false
   explicit features    : true
   multi-patch features : false

Detected 2 baffle edges out of 84807 edges.
Initially selected 2543 points out of 42898 for reverse attraction.
Selected 6883 points out of 42898 for reverse attraction.
Stringing feature edges : changed 0 points
Attraction:
     linear   : max:(-0.00437205112 0.01871464187 0.02469245566) avg:(1.647739515e-08 4.545480922e-05 1.508129439e-06)
     feature  : max:(0 0 0) avg:(0 0 0)
Feature analysis : total master points:42898 attraction to :
    feature point   : 0
    feature edge    : 0
    nearest surface : 0
    rest            : 42898

--> FOAM Warning : Displacement (-0.0002500338247 0.0002377726491 0.0009935846709) at mesh point 95289 coord (9.703880577 -1.119265564 0.6225411912) points through the surrounding patch faces
Smoothing displacement ...
Iteration 0
Iteration 10
Iteration 20
Displacement smoothed in = 1.333393 s


Moving mesh ...

Iteration 0
Moving mesh using displacement scaling : min:1  max:1
Checking faces in error :
    non-orthogonality > 65  degrees                        : 0
    faces with face pyramid volume < 1e-13                 : 1
    faces with face-decomposition tet quality < 1e-15      : 92
    faces with concavity > 80  degrees                     : 3
    faces with skewness > 4   (internal) or 20  (boundary) : 0
    faces with interpolation weights (0..1)  < 0.02        : 0
    faces with volume ratio of neighbour cells < 0.01      : 0
    faces with face twist < 0.02                           : 6
    faces on cells with determinant < 0.001                : 0

Iteration 1
Moving mesh using displacement scaling : min:0.75  max:1
Checking faces in error :
    non-orthogonality > 65  degrees                        : 0
    faces with face pyramid volume < 1e-13                 : 0
    faces with face-decomposition tet quality < 1e-15      : 78
    faces with concavity > 80  degrees                     : 2
    faces with skewness > 4   (internal) or 20  (boundary) : 0
    faces with interpolation weights (0..1)  < 0.02        : 0
    faces with volume ratio of neighbour cells < 0.01      : 0
    faces with face twist < 0.02                           : 7
    faces on cells with determinant < 0.001                : 0

Iteration 2
Moving mesh using displacement scaling : min:0.5625  max:1
Checking faces in error :
    non-orthogonality > 65  degrees                        : 0
    faces with face pyramid volume < 1e-13                 : 0
    faces with face-decomposition tet quality < 1e-15      : 67
    faces with concavity > 80  degrees                     : 2
    faces with skewness > 4   (internal) or 20  (boundary) : 0
    faces with interpolation weights (0..1)  < 0.02        : 0
    faces with volume ratio of neighbour cells < 0.01      : 0
    faces with face twist < 0.02                           : 11
    faces on cells with determinant < 0.001                : 0

Iteration 3
Moving mesh using displacement scaling : min:0.421875  max:1
Checking faces in error :
    non-orthogonality > 65  degrees                        : 0
    faces with face pyramid volume < 1e-13                 : 0
    faces with face-decomposition tet quality < 1e-15      : 56
    faces with concavity > 80  degrees                     : 2
    faces with skewness > 4   (internal) or 20  (boundary) : 0
    faces with interpolation weights (0..1)  < 0.02        : 0
    faces with volume ratio of neighbour cells < 0.01      : 0
    faces with face twist < 0.02                           : 12
    faces on cells with determinant < 0.001                : 0

Iteration 4
Moving mesh using displacement scaling : min:0.31640625  max:1
Checking faces in error :
    non-orthogonality > 65  degrees                        : 0
    faces with face pyramid volume < 1e-13                 : 0
    faces with face-decomposition tet quality < 1e-15      : 45
    faces with concavity > 80  degrees                     : 2
    faces with skewness > 4   (internal) or 20  (boundary) : 0
    faces with interpolation weights (0..1)  < 0.02        : 0
    faces with volume ratio of neighbour cells < 0.01      : 0
    faces with face twist < 0.02                           : 13
    faces on cells with determinant < 0.001                : 0

Iteration 5
Displacement scaling for error reduction set to 0.
Moving mesh using displacement scaling : min:0.2373046875  max:1
Checking faces in error :
    non-orthogonality > 65  degrees                        : 0
    faces with face pyramid volume < 1e-13                 : 0
    faces with face-decomposition tet quality < 1e-15      : 35
    faces with concavity > 80  degrees                     : 1
    faces with skewness > 4   (internal) or 20  (boundary) : 0
    faces with interpolation weights (0..1)  < 0.02        : 0
    faces with volume ratio of neighbour cells < 0.01      : 0
    faces with face twist < 0.02                           : 12
    faces on cells with determinant < 0.001                : 0

Iteration 6
Moving mesh using displacement scaling : min:0  max:1
Checking faces in error :
    non-orthogonality > 65  degrees                        : 0
    faces with face pyramid volume < 1e-13                 : 0
    faces with face-decomposition tet quality < 1e-15      : 0
    faces with concavity > 80  degrees                     : 0
    faces with skewness > 4   (internal) or 20  (boundary) : 0
    faces with interpolation weights (0..1)  < 0.02        : 0
    faces with volume ratio of neighbour cells < 0.01      : 0
    faces with face twist < 0.02                           : 0
    faces on cells with determinant < 0.001                : 0
Successfully moved mesh
Moved mesh in = 6.198709 s



Morph iteration 9
-----------------
Calculating patchDisplacement as distance to nearest surface point ...
Wanted displacement : average:0.0002007418464 min:2.286486058e-08 max:0.0288473432
Calculated surface displacement in = 0.090128 s


Detecting near surfaces ...
Overriding nearest with intersection of close gaps at 2 out of 42898 points.
Overriding displacement on features :
   implicit features    : false
   explicit features    : true
   multi-patch features : false

Detected 2 baffle edges out of 84807 edges.
Initially selected 2542 points out of 42898 for reverse attraction.
Selected 6873 points out of 42898 for reverse attraction.
Stringing feature edges : changed 0 points
Attraction:
     linear   : max:(-0.001199724677 0.02873782376 0.002206208494) avg:(-1.805030335e-06 1.466348128e-05 9.823944092e-07)
     feature  : max:(0 0 0) avg:(0 0 0)
Feature analysis : total master points:42898 attraction to :
    feature point   : 0
    feature edge    : 0
    nearest surface : 0
    rest            : 42898

--> FOAM Warning : Displacement (-0.0002904175976 -0.0002904523008 0.001360121042) at mesh point 95289 coord (9.703880577 -1.119265564 0.6225411912) points through the surrounding patch faces
Smoothing displacement ...
Iteration 0
Iteration 10
Iteration 20
Displacement smoothed in = 0.981666 s


Moving mesh ...

Iteration 0
Moving mesh using displacement scaling : min:1  max:1
Checking faces in error :
    non-orthogonality > 65  degrees                        : 0
    faces with face pyramid volume < 1e-13                 : 2
    faces with face-decomposition tet quality < 1e-15      : 97
    faces with concavity > 80  degrees                     : 3
    faces with skewness > 4   (internal) or 20  (boundary) : 0
    faces with interpolation weights (0..1)  < 0.02        : 0
    faces with volume ratio of neighbour cells < 0.01      : 0
    faces with face twist < 0.02                           : 9
    faces on cells with determinant < 0.001                : 0

Iteration 1
Moving mesh using displacement scaling : min:0.75  max:1
Checking faces in error :
    non-orthogonality > 65  degrees                        : 0
    faces with face pyramid volume < 1e-13                 : 0
    faces with face-decomposition tet quality < 1e-15      : 94
    faces with concavity > 80  degrees                     : 3
    faces with skewness > 4   (internal) or 20  (boundary) : 0
    faces with interpolation weights (0..1)  < 0.02        : 0
    faces with volume ratio of neighbour cells < 0.01      : 0
    faces with face twist < 0.02                           : 11
    faces on cells with determinant < 0.001                : 0

Iteration 2
Moving mesh using displacement scaling : min:0.5625  max:1
Checking faces in error :
    non-orthogonality > 65  degrees                        : 0
    faces with face pyramid volume < 1e-13                 : 0
    faces with face-decomposition tet quality < 1e-15      : 88
    faces with concavity > 80  degrees                     : 3
    faces with skewness > 4   (internal) or 20  (boundary) : 0
    faces with interpolation weights (0..1)  < 0.02        : 0
    faces with volume ratio of neighbour cells < 0.01      : 0
    faces with face twist < 0.02                           : 11
    faces on cells with determinant < 0.001                : 0

Iteration 3
Moving mesh using displacement scaling : min:0.421875  max:1
Checking faces in error :
    non-orthogonality > 65  degrees                        : 0
    faces with face pyramid volume < 1e-13                 : 0
    faces with face-decomposition tet quality < 1e-15      : 78
    faces with concavity > 80  degrees                     : 3
    faces with skewness > 4   (internal) or 20  (boundary) : 0
    faces with interpolation weights (0..1)  < 0.02        : 0
    faces with volume ratio of neighbour cells < 0.01      : 0
    faces with face twist < 0.02                           : 17
    faces on cells with determinant < 0.001                : 0

Iteration 4
Moving mesh using displacement scaling : min:0.31640625  max:1
Checking faces in error :
    non-orthogonality > 65  degrees                        : 0
    faces with face pyramid volume < 1e-13                 : 0
    faces with face-decomposition tet quality < 1e-15      : 75
    faces with concavity > 80  degrees                     : 3
    faces with skewness > 4   (internal) or 20  (boundary) : 0
    faces with interpolation weights (0..1)  < 0.02        : 0
    faces with volume ratio of neighbour cells < 0.01      : 0
    faces with face twist < 0.02                           : 16
    faces on cells with determinant < 0.001                : 0

Iteration 5
Displacement scaling for error reduction set to 0.
Moving mesh using displacement scaling : min:0.2373046875  max:1
Checking faces in error :
    non-orthogonality > 65  degrees                        : 0
    faces with face pyramid volume < 1e-13                 : 0
    faces with face-decomposition tet quality < 1e-15      : 68
    faces with concavity > 80  degrees                     : 3
    faces with skewness > 4   (internal) or 20  (boundary) : 0
    faces with interpolation weights (0..1)  < 0.02        : 0
    faces with volume ratio of neighbour cells < 0.01      : 0
    faces with face twist < 0.02                           : 20
    faces on cells with determinant < 0.001                : 0

Iteration 6
Moving mesh using displacement scaling : min:0  max:1
Checking faces in error :
    non-orthogonality > 65  degrees                        : 0
    faces with face pyramid volume < 1e-13                 : 0
    faces with face-decomposition tet quality < 1e-15      : 0
    faces with concavity > 80  degrees                     : 0
    faces with skewness > 4   (internal) or 20  (boundary) : 0
    faces with interpolation weights (0..1)  < 0.02        : 0
    faces with volume ratio of neighbour cells < 0.01      : 0
    faces with face twist < 0.02                           : 0
    faces on cells with determinant < 0.001                : 0
Successfully moved mesh
Moved mesh in = 6.634753 s


Repatching faces according to nearest surface ...
Repatched 0 faces in = 0.242326 s


Edge intersection testing:
    Number of edges             : 407303
    Number of edges to retest   : 139707
    Number of intersected edges : 41912
Merging 12712 sets of faces.

Edge intersection testing:
    Number of edges             : 390240
    Number of edges to retest   : 51519
    Number of intersected edges : 24831

Undo iteration 0
----------------
Checking faces in error :
    non-orthogonality > 65  degrees                        : 0
    faces with face pyramid volume < 1e-13                 : 0
    faces with face-decomposition tet quality < 1e-15      : 4
    faces with concavity > 80  degrees                     : 0
    faces with skewness > 4   (internal) or 20  (boundary) : 0
    faces with interpolation weights (0..1)  < 0.02        : 0
    faces with volume ratio of neighbour cells < 0.01      : 0
    faces with face twist < 0.02                           : 0
    faces on cells with determinant < 0.001                : 0
Masters that need to be restored:6
Edge intersection testing:
    Number of edges             : 390252
    Number of edges to retest   : 48
    Number of intersected edges : 24843


Undo iteration 1
----------------
Checking faces in error :
    non-orthogonality > 65  degrees                        : 0
    faces with face pyramid volume < 1e-13                 : 0
    faces with face-decomposition tet quality < 1e-15      : 0
    faces with concavity > 80  degrees                     : 0
    faces with skewness > 4   (internal) or 20  (boundary) : 0
    faces with interpolation weights (0..1)  < 0.02        : 0
    faces with volume ratio of neighbour cells < 0.01      : 0
    faces with face twist < 0.02                           : 0
    faces on cells with determinant < 0.001                : 0

Merging all points on surface that
- are used by only two boundary faces and
- make an angle with a cosine of more than 0.8660254038.

Removing 8315 straight edge points ...

Edge intersection testing:
    Number of edges             : 390252
    Number of edges to retest   : 45208
    Number of intersected edges : 24833

Undo iteration 0
----------------
Checking faces in error :
    non-orthogonality > 65  degrees                        : 0
    faces with face pyramid volume < 1e-13                 : 0
    faces with face-decomposition tet quality < 1e-15      : 1
    faces with concavity > 80  degrees                     : 0
    faces with skewness > 4   (internal) or 20  (boundary) : 0
    faces with interpolation weights (0..1)  < 0.02        : 0
    faces with volume ratio of neighbour cells < 0.01      : 0
    faces with face twist < 0.02                           : 0
    faces on cells with determinant < 0.001                : 0
Detected 1 error faces on boundaries that have been merged. These will be restored to their original faces.

Edge intersection testing:
    Number of edges             : 390252
    Number of edges to retest   : 13
    Number of intersected edges : 24833

Undo iteration 1
----------------
Checking faces in error :
    non-orthogonality > 65  degrees                        : 0
    faces with face pyramid volume < 1e-13                 : 0
    faces with face-decomposition tet quality < 1e-15      : 0
    faces with concavity > 80  degrees                     : 0
    faces with skewness > 4   (internal) or 20  (boundary) : 0
    faces with interpolation weights (0..1)  < 0.02        : 0
    faces with volume ratio of neighbour cells < 0.01      : 0
    faces with face twist < 0.02                           : 0
    faces on cells with determinant < 0.001                : 0
Snapped mesh : cells:119980  faces:390252  points:155698
Cells per refinement level:
    0	8886
    1	16180
    2	66059
    3	28855
Writing mesh to time constant
Wrote mesh in = 6.930233 s.
Mesh snapped in = 61.069704 s.
Checking final mesh ...
Checking faces in error :
    non-orthogonality > 65  degrees                        : 0
    faces with face pyramid volume < 1e-13                 : 0
    faces with face-decomposition tet quality < 1e-15      : 0
    faces with concavity > 80  degrees                     : 0
    faces with skewness > 4   (internal) or 20  (boundary) : 0
    faces with interpolation weights (0..1)  < 0.02        : 0
    faces with volume ratio of neighbour cells < 0.01      : 0
    faces with face twist < 0.02                           : 0
    faces on cells with determinant < 0.001                : 0
Finished meshing without any errors
Finished meshing in = 94.601182 s.
End

