/*---------------------------------------------------------------------------*\
  =========                 |
  \\      /  F ield         | OpenFOAM: The Open Source CFD Toolbox
   \\    /   O peration     | Website:  https://openfoam.org
    \\  /    A nd           | Version:  13
     \\/     M anipulation  |
\*---------------------------------------------------------------------------*/
Build  : 13-441953dfbb42
Exec   : snappyHexMesh -overwrite
Date   : Apr 24 2026
Time   : 10:17:24
Host   : "DESKTOP-NKIGO8J"
PID    : 43505
I/O    : uncollated
Case   : /mnt/c/Users/СЂСЃ/Desktop/bulbop2/bulbai2/projects/case-c8f6a7a7/working/night_optimization/foam_candidates/candidate-f36fa41e/working/openfoam_case
nProcs : 1
sigFpe : Enabling floating point exception trapping (FOAM_SIGFPE).
fileModificationChecking : Monitoring run-time modified files using timeStampMaster (fileModificationSkew 10)
allowSystemOperations : Allowing user-supplied system call operations

// * * * * * * * * * * * * * * * * * * * * * * * * * * * * * * * * * * * * * //
Create time

Create mesh for time = 0

Read mesh in = 0.105159 s
Deprecated option 'overwrite' specified, this is now the default behaviour

Reading "snappyHexMeshDict"


Overall mesh bounding box  : (-12 -6 -6) (24 6 6)
Relative tolerance         : 1e-06
Absolute matching distance : 3.979949748e-05

Reading refinement surfaces...
Read refinement surfaces in = 0.021956 s

Reading refinement regions...
Read refinement regions in = 6.9e-05 s

Reading features...
Read features in = 3.8e-05 s


Determining initial surface intersections
-----------------------------------------

Edge intersection testing:
    Number of edges             : 50000
    Number of edges to retest   : 50000
    Number of intersected edges : 1902
Calculated surface intersections in = 0.226761 s

Initial mesh : cells:16000  faces:50000  points:18081
Cells per refinement level:
    0	16000

Adding patches for surface regions
----------------------------------

Patch Type                Region                        
----- ----                ------                        
hull:

3     wall                hull                          

Added patches in = 0.002052 s

Selecting distributor none
Cell selection insidePoints: 1((0 0 3))

Refinement phase
----------------

Found point (0 0 3) in cell 11573 on processor 0

Surface refinement iteration 0
------------------------------

Marked for refinement due to surface intersection          : 2157 cells.
Marked for refinement due to curvature/regions             : 0 cells.
Determined cells to refine in = 0.243698 s
Selected for refinement : 2157 cells (out of 16000)
Edge intersection testing:
    Number of edges             : 101219
    Number of edges to retest   : 65904
    Number of intersected edges : 7621
Refined mesh in = 0.291216 s
After refinement surface refinement iteration 0 : cells:31099  faces:101219  points:39192
Cells per refinement level:
    0	13843
    1	17256

Surface refinement iteration 1
------------------------------

Marked for refinement due to surface intersection          : 8662 cells.
Marked for refinement due to curvature/regions             : 0 cells.
Determined cells to refine in = 0.009388 s
Selected for refinement : 9535 cells (out of 31099)
Edge intersection testing:
    Number of edges             : 324848
    Number of edges to retest   : 289456
    Number of intersected edges : 30545
Refined mesh in = 1.022911 s
After refinement surface refinement iteration 1 : cells:97844  faces:324848  points:129522
Cells per refinement level:
    0	12948
    1	15776
    2	69120

Surface refinement iteration 2
------------------------------

Marked for refinement due to surface intersection          : 128 cells.
Marked for refinement due to curvature/regions             : 1579 cells.
Determined cells to refine in = 0.297303 s
Selected for refinement : 1913 cells (out of 97844)
Edge intersection testing:
    Number of edges             : 371540
    Number of edges to retest   : 78650
    Number of intersected edges : 36629
Refined mesh in = 1.032451 s
After refinement surface refinement iteration 2 : cells:111235  faces:371540  points:150119
Cells per refinement level:
    0	12895
    1	15919
    2	69789
    3	12632

Surface refinement iteration 3
------------------------------

Marked for refinement due to surface intersection          : 0 cells.
Marked for refinement due to curvature/regions             : 174 cells.
Determined cells to refine in = 0.176077 s
Selected for refinement : 199 cells (out of 111235)
Edge intersection testing:
    Number of edges             : 376136
    Number of edges to retest   : 14052
    Number of intersected edges : 37001
Refined mesh in = 0.585821 s
After refinement surface refinement iteration 3 : cells:112628  faces:376136  points:151918
Cells per refinement level:
    0	12890
    1	15939
    2	69775
    3	14024

Surface refinement iteration 4
------------------------------

Marked for refinement due to surface intersection          : 0 cells.
Marked for refinement due to curvature/regions             : 12 cells.
Determined cells to refine in = 0.264786 s
Selected for refinement : 15 cells (out of 112628)
Edge intersection testing:
    Number of edges             : 376460
    Number of edges to retest   : 1311
    Number of intersected edges : 37007
Refined mesh in = 0.674273 s
After refinement surface refinement iteration 4 : cells:112733  faces:376460  points:152028
Cells per refinement level:
    0	12890
    1	15936
    2	69787
    3	14120

Surface refinement iteration 5
------------------------------

Marked for refinement due to surface intersection          : 0 cells.
Marked for refinement due to curvature/regions             : 0 cells.
Determined cells to refine in = 0.161923 s
Selected for refinement : 0 cells (out of 112733)
Stopping refining since too few cells selected.


Removing mesh beyond surface intersections
------------------------------------------

Selecting all cells in regions containing any of the points in 1((0 0 3))
Selected: 96674 cells.
Edge intersection testing:
    Number of edges             : 334422
    Number of edges to retest   : 28388
    Number of intersected edges : 37007

Shell refinement iteration 0
----------------------------

Marked for refinement due to distance to explicit features : 0 cells.
Marked for refinement due to refinement shells             : 0 cells.
Determined cells to refine in = 2.809753 s
Selected for internal refinement : 9495 cells (out of 96674)
Edge intersection testing:
    Number of edges             : 540729
    Number of edges to retest   : 441828
    Number of intersected edges : 40852
Refined mesh in = 1.485822 s
After refinement shell refinement iteration 0 : cells:163139  faces:540729  points:214537
Cells per refinement level:
    0	9988
    1	13045
    2	99028
    3	41078

Shell refinement iteration 1
----------------------------

Marked for refinement due to distance to explicit features : 0 cells.
Marked for refinement due to refinement shells             : 0 cells.
Determined cells to refine in = 0.351876 s
Selected for internal refinement : 2031 cells (out of 163139)
Edge intersection testing:
    Number of edges             : 585501
    Number of edges to retest   : 140423
    Number of intersected edges : 42422
Refined mesh in = 1.151293 s
After refinement shell refinement iteration 1 : cells:177356  faces:585501  points:230893
Cells per refinement level:
    0	9470
    1	16882
    2	100278
    3	50726

Shell refinement iteration 2
----------------------------

Marked for refinement due to distance to explicit features : 0 cells.
Marked for refinement due to refinement shells             : 0 cells.
Determined cells to refine in = 0.212685 s
Selected for internal refinement : 249 cells (out of 177356)
Edge intersection testing:
    Number of edges             : 590802
    Number of edges to retest   : 20803
    Number of intersected edges : 42441
Refined mesh in = 0.931947 s
After refinement shell refinement iteration 2 : cells:179099  faces:590802  points:232712
Cells per refinement level:
    0	9418
    1	17118
    2	101701
    3	50862

Shell refinement iteration 3
----------------------------

Marked for refinement due to distance to explicit features : 0 cells.
Marked for refinement due to refinement shells             : 0 cells.
Determined cells to refine in = 0.392841 s
Selected for internal refinement : 25 cells (out of 179099)
Edge intersection testing:
    Number of edges             : 591357
    Number of edges to retest   : 2241
    Number of intersected edges : 42441
Refined mesh in = 1.287354 s
After refinement shell refinement iteration 3 : cells:179274  faces:591357  points:232918
Cells per refinement level:
    0	9394
    1	17309
    2	101709
    3	50862

Shell refinement iteration 4
----------------------------

Marked for refinement due to distance to explicit features : 0 cells.
Marked for refinement due to refinement shells             : 0 cells.
Determined cells to refine in = 0.318436 s
Selected for internal refinement : 1 cells (out of 179274)
Edge intersection testing:
    Number of edges             : 591378
    Number of edges to retest   : 105
    Number of intersected edges : 42441
Refined mesh in = 0.907481 s
After refinement shell refinement iteration 4 : cells:179281  faces:591378  points:232925
Cells per refinement level:
    0	9393
    1	17317
    2	101709
    3	50862

Shell refinement iteration 5
----------------------------

Marked for refinement due to distance to explicit features : 0 cells.
Marked for refinement due to refinement shells             : 0 cells.
Determined cells to refine in = 0.218836 s
Selected for internal refinement : 0 cells (out of 179281)
Stopping refining since too few cells selected.


Dangling coarse cells refinement iteration 0
--------------------------------------------

Determined cells to refine in = 0.010271 s
Selected for refinement : 13 cells (out of 179281)
Edge intersection testing:
    Number of edges             : 591573
    Number of edges to retest   : 1551
    Number of intersected edges : 42441
Refined mesh in = 0.883716 s
After refinement coarse cell refinement iteration 0 : cells:179372  faces:591573  points:232951
Cells per refinement level:
    0	9393
    1	17307
    2	101786
    3	50886

Dangling coarse cells refinement iteration 1
--------------------------------------------

Determined cells to refine in = 0.011713 s
Selected for refinement : 0 cells (out of 179372)
Stopping refining since too few cells selected.


Dangling coarse cells refinement iteration 0
--------------------------------------------

Determined cells to refine in = 0.011 s
Selected for refinement : 0 cells (out of 179372)
Stopping refining since too few cells selected.


Splitting mesh at surface intersections
---------------------------------------

Introducing baffles for 42441 faces that are intersected by the surface.

Edge intersection testing:
    Number of edges             : 633887
    Number of edges to retest   : 232697
    Number of intersected edges : 83755
Created baffles in = 1.546977 s


After introducing baffles : cells:179372  faces:633887  points:232951
Cells per refinement level:
    0	9393
    1	17307
    2	101786
    3	50886

Introducing baffles to block off problem cells
----------------------------------------------

markFacesOnProblemCells : marked 46313 additional internal faces to be converted into baffles.
Analyzed problem cells in = 0.772074 s


Introducing baffles to delete problem cells.

Edge intersection testing:
    Number of edges             : 680200
    Number of edges to retest   : 169641
    Number of intersected edges : 83833
Created baffles in = 1.201421 s


After introducing baffles : cells:179372  faces:680200  points:232951
Cells per refinement level:
    0	9393
    1	17307
    2	101786
    3	50886

Remove unreachable sections of mesh
-----------------------------------

Keeping all cells in regions containing any point in 1((0 0 3))
Selected for keeping : 120120 cells.
Edge intersection testing:
    Number of edges             : 408099
    Number of edges to retest   : 0
    Number of intersected edges : 41482
Split mesh in = 4.21147 s


After subsetting : cells:120120  faces:408099  points:168850
Cells per refinement level:
    0	8918
    1	16117
    2	66013
    3	29072

Handling cells with snap problems
---------------------------------

Introducing baffles for 41482 faces that are intersected by the surface.

Edge intersection testing:
    Number of edges             : 408099
    Number of edges to retest   : 115726
    Number of intersected edges : 41482
Created baffles in = 0.738633 s


After introducing baffles : cells:120120  faces:408099  points:168850
Cells per refinement level:
    0	8918
    1	16117
    2	66013
    3	29072

Introducing baffles to block off problem cells
----------------------------------------------

markFacesOnProblemCells : marked 0 additional internal faces to be converted into baffles.
Analyzed problem cells in = 0.395562 s


Introducing baffles to delete problem cells.

Edge intersection testing:
    Number of edges             : 408099
    Number of edges to retest   : 0
    Number of intersected edges : 41482
Created baffles in = 0.436247 s


After introducing baffles : cells:120120  faces:408099  points:168850
Cells per refinement level:
    0	8918
    1	16117
    2	66013
    3	29072

Remove unreachable sections of mesh
-----------------------------------

Split mesh in = 2.889405 s


After subsetting : cells:120120  faces:408099  points:168850
Cells per refinement level:
    0	8918
    1	16117
    2	66013
    3	29072

Merge free-standing baffles
---------------------------

freeStandingBaffles : detected 39 free-standing baffles out of 39

freeStandingBaffles : detected 14 planar (within 30 degrees) free-standing baffles out of 39

Detected free-standing baffles : 14
Edge intersection testing:
    Number of edges             : 408085
    Number of edges to retest   : 14
    Number of intersected edges : 41468

Introducing baffles to block off problem cells
----------------------------------------------

markFacesOnProblemCells : marked 0 additional internal faces to be converted into baffles.
Analyzed problem cells in = 1.594042 s


Introducing baffles to delete problem cells.

Edge intersection testing:
    Number of edges             : 408085
    Number of edges to retest   : 0
    Number of intersected edges : 41468
Created baffles in = 0.571191 s


After introducing baffles : cells:120120  faces:408085  points:168850
Cells per refinement level:
    0	8918
    1	16117
    2	66013
    3	29072
Merged free-standing baffles in = 0.001813 s


dupNonManifoldPoints : Found : 29 non-manifold points (out of 168850)
Edge intersection testing:
    Number of edges             : 408085
    Number of edges to retest   : 0
    Number of intersected edges : 41468
Detected unsplittable baffles : 0

Merge refined boundary faces
----------------------------

Merging 191 sets of faces.

Edge intersection testing:
    Number of edges             : 407704
    Number of edges to retest   : 1756
    Number of intersected edges : 41104

Undo iteration 0
----------------
Checking faces in error :
    non-orthogonality > 65  degrees                        : 0
    faces with face pyramid volume < 1e-13                 : 0
    faces with face-decomposition tet quality < 1e-15      : 0
    faces with concavity > 80  degrees                     : 0
    faces with skewness > 4   (internal) or 20  (boundary) : 0
    faces with interpolation weights (0..1)  < 0.02        : 0
    faces with volume ratio of neighbour cells < 0.01      : 0
    faces with face twist < 0.02                           : 0
    faces on cells with determinant < 0.001                : 0

Merging all points on surface that
- are used by only two boundary faces and
- make an angle with a cosine of more than 0.7071067812.

Removing 298 straight edge points ...

Edge intersection testing:
    Number of edges             : 407704
    Number of edges to retest   : 2214
    Number of intersected edges : 41104

Undo iteration 0
----------------
Checking faces in error :
    non-orthogonality > 65  degrees                        : 0
    faces with face pyramid volume < 1e-13                 : 0
    faces with face-decomposition tet quality < 1e-15      : 0
    faces with concavity > 80  degrees                     : 0
    faces with skewness > 4   (internal) or 20  (boundary) : 0
    faces with interpolation weights (0..1)  < 0.02        : 0
    faces with volume ratio of neighbour cells < 0.01      : 0
    faces with face twist < 0.02                           : 0
    faces on cells with determinant < 0.001                : 0
Refined mesh : cells:120120  faces:407704  points:168486
Cells per refinement level:
    0	8918
    1	16117
    2	66013
    3	29072
Writing mesh to time constant
Wrote mesh in = 4.825012 s.
Mesh refined in = 34.928379 s.

Morphing phase
--------------


Snapping to features in 10 iterations ...
Constructing mesh displacer ...
Using mesh parameters 
{
    maxNonOrtho     65;
    maxBoundarySkewness 20;
    maxInternalSkewness 4;
    maxConcave      80;
    minVol          1e-13;
    minTetQuality   1e-15;
    minArea         -1;
    minTwist        0.02;
    minDeterminant  0.001;
    minFaceWeight   0.02;
    minVolRatio     0.01;
    minTriangleTwist -1;
    nSmoothScale    4;
    errorReduction  0.75;
}


Checking initial mesh ...
Checking faces in error :
    non-orthogonality > 65  degrees                        : 0
    faces with face pyramid volume < 1e-13                 : 0
    faces with face-decomposition tet quality < 1e-15      : 0
    faces with concavity > 80  degrees                     : 0
    faces with skewness > 4   (internal) or 20  (boundary) : 0
    faces with interpolation weights (0..1)  < 0.02        : 0
    faces with volume ratio of neighbour cells < 0.01      : 0
    faces with face twist < 0.02                           : 0
    faces on cells with determinant < 0.001                : 0
Detected 0 illegal faces (concave, zero area or negative cell pyramid volume)
Checked initial mesh in = 1.641464 s


Smoothing patch points ...
Smoothing iteration 0
Found 58 non-manifold point(s).

Scaling iteration 0
Moving mesh using displacement scaling : min:1  max:1
Checking faces in error :
    non-orthogonality > 65  degrees                        : 0
    faces with face pyramid volume < 1e-13                 : 0
    faces with face-decomposition tet quality < 1e-15      : 0
    faces with concavity > 80  degrees                     : 0
    faces with skewness > 4   (internal) or 20  (boundary) : 0
    faces with interpolation weights (0..1)  < 0.02        : 0
    faces with volume ratio of neighbour cells < 0.01      : 0
    faces with face twist < 0.02                           : 0
    faces on cells with determinant < 0.001                : 0
Successfully moved mesh

Smoothing iteration 1
Found 0 non-manifold point(s).

Scaling iteration 0
Moving mesh using displacement scaling : min:1  max:1
Checking faces in error :
    non-orthogonality > 65  degrees                        : 0
    faces with face pyramid volume < 1e-13                 : 0
    faces with face-decomposition tet quality < 1e-15      : 0
    faces with concavity > 80  degrees                     : 0
    faces with skewness > 4   (internal) or 20  (boundary) : 0
    faces with interpolation weights (0..1)  < 0.02        : 0
    faces with volume ratio of neighbour cells < 0.01      : 0
    faces with face twist < 0.02                           : 0
    faces on cells with determinant < 0.001                : 0
Successfully moved mesh

Smoothing iteration 2
Found 0 non-manifold point(s).

Scaling iteration 0
Moving mesh using displacement scaling : min:1  max:1
Checking faces in error :
    non-orthogonality > 65  degrees                        : 0
    faces with face pyramid volume < 1e-13                 : 0
    faces with face-decomposition tet quality < 1e-15      : 0
    faces with concavity > 80  degrees                     : 0
    faces with skewness > 4   (internal) or 20  (boundary) : 0
    faces with interpolation weights (0..1)  < 0.02        : 0
    faces with volume ratio of neighbour cells < 0.01      : 0
    faces with face twist < 0.02                           : 0
    faces on cells with determinant < 0.001                : 0
Successfully moved mesh

Patch points smoothed in = 2.740322 s



Morph iteration 0
-----------------
Calculating patchDisplacement as distance to nearest surface point ...
Wanted displacement : average:0.01864093694 min:3.538029979e-07 max:0.1078851184
Calculated surface displacement in = 0.107788 s


Detecting near surfaces ...
Overriding nearest with intersection of close gaps at 0 out of 42795 points.
Overriding displacement on features :
   implicit features    : false
   explicit features    : true
   multi-patch features : false

Detected 16 baffle edges out of 84599 edges.
Initially selected 2541 points out of 42795 for reverse attraction.
Selected 6741 points out of 42795 for reverse attraction.
Stringing feature edges : changed 0 points
Attraction:
     linear   : max:(-0.01182939238 0.07209640463 0.07938118602) avg:(0.0002916459287 0.006176812686 9.883013194e-05)
     feature  : max:(0 0 0) avg:(0 0 0)
Feature analysis : total master points:42795 attraction to :
    feature point   : 0
    feature edge    : 0
    nearest surface : 0
    rest            : 42795

--> FOAM Warning : Displacement (-0.0003838406151 -0.0002045244733 0.0003035448176) at mesh point 94668 coord (7.039773241 -0.6004450307 0.0551442981) points through the surrounding patch faces
Smoothing displacement ...
Iteration 0
Iteration 10
Iteration 20
Displacement smoothed in = 1.20303 s


Moving mesh ...

Iteration 0
Moving mesh using displacement scaling : min:1  max:1
Checking faces in error :
    non-orthogonality > 65  degrees                        : 0
    faces with face pyramid volume < 1e-13                 : 0
    faces with face-decomposition tet quality < 1e-15      : 0
    faces with concavity > 80  degrees                     : 0
    faces with skewness > 4   (internal) or 20  (boundary) : 0
    faces with interpolation weights (0..1)  < 0.02        : 0
    faces with volume ratio of neighbour cells < 0.01      : 0
    faces with face twist < 0.02                           : 0
    faces on cells with determinant < 0.001                : 0
Successfully moved mesh
Moved mesh in = 0.763011 s



Morph iteration 1
-----------------
Calculating patchDisplacement as distance to nearest surface point ...
Wanted displacement : average:0.0173551285 min:1.110212938e-06 max:0.1056653344
Calculated surface displacement in = 0.171183 s


Detecting near surfaces ...
Overriding nearest with intersection of close gaps at 0 out of 42795 points.
Overriding displacement on features :
   implicit features    : false
   explicit features    : true
   multi-patch features : false

Detected 16 baffle edges out of 84599 edges.
Initially selected 2541 points out of 42795 for reverse attraction.
Selected 6749 points out of 42795 for reverse attraction.
Stringing feature edges : changed 0 points
Attraction:
     linear   : max:(-0.0115859974 0.07061298918 0.07774788298) avg:(0.0002669155018 0.005570745912 8.880124339e-05)
     feature  : max:(0 0 0) avg:(0 0 0)
Feature analysis : total master points:42795 attraction to :
    feature point   : 0
    feature edge    : 0
    nearest surface : 0
    rest            : 42795

--> FOAM Warning : Displacement (-0.000840052196 -0.0003976089596 0.0007936475434) at mesh point 94668 coord (7.039389401 -0.6006495552 0.05544784292) points through the surrounding patch faces
Smoothing displacement ...
Iteration 0
Iteration 10
Iteration 20
Displacement smoothed in = 1.209451 s


Moving mesh ...

Iteration 0
Moving mesh using displacement scaling : min:1  max:1
Checking faces in error :
    non-orthogonality > 65  degrees                        : 0
    faces with face pyramid volume < 1e-13                 : 0
    faces with face-decomposition tet quality < 1e-15      : 0
    faces with concavity > 80  degrees                     : 0
    faces with skewness > 4   (internal) or 20  (boundary) : 0
    faces with interpolation weights (0..1)  < 0.02        : 0
    faces with volume ratio of neighbour cells < 0.01      : 0
    faces with face twist < 0.02                           : 0
    faces on cells with determinant < 0.001                : 0
Successfully moved mesh
Moved mesh in = 0.831253 s



Morph iteration 2
-----------------
Calculating patchDisplacement as distance to nearest surface point ...
Wanted displacement : average:0.01503870544 min:1.810466412e-06 max:0.1007154744
Calculated surface displacement in = 0.18598 s


Detecting near surfaces ...
Overriding nearest with intersection of close gaps at 0 out of 42795 points.
Overriding displacement on features :
   implicit features    : false
   explicit features    : true
   multi-patch features : false

Detected 16 baffle edges out of 84599 edges.
Initially selected 2531 points out of 42795 for reverse attraction.
Selected 6733 points out of 42795 for reverse attraction.
Stringing feature edges : changed 0 points
Attraction:
     linear   : max:(-0.01104325493 0.06730514549 0.07410580738) avg:(0.0002211432531 0.004478194338 7.29390198e-05)
     feature  : max:(0 0 0) avg:(0 0 0)
Feature analysis : total master points:42795 attraction to :
    feature point   : 0
    feature edge    : 0
    nearest surface : 0
    rest            : 42795

--> FOAM Warning : Displacement (2.201808219e-05 -0.0001302515848 -0.0001154086465) at mesh point 27075 coord (-1.874109523 1.301739378 -1.700469762) points through the surrounding patch faces
Smoothing displacement ...
Iteration 0
Iteration 10
Iteration 20
Displacement smoothed in = 1.233594 s


Moving mesh ...

Iteration 0
Moving mesh using displacement scaling : min:1  max:1
Checking faces in error :
    non-orthogonality > 65  degrees                        : 0
    faces with face pyramid volume < 1e-13                 : 0
    faces with face-decomposition tet quality < 1e-15      : 0
    faces with concavity > 80  degrees                     : 0
    faces with skewness > 4   (internal) or 20  (boundary) : 0
    faces with interpolation weights (0..1)  < 0.02        : 0
    faces with volume ratio of neighbour cells < 0.01      : 0
    faces with face twist < 0.02                           : 0
    faces on cells with determinant < 0.001                : 0
Successfully moved mesh
Moved mesh in = 0.629641 s



Morph iteration 3
-----------------
Calculating patchDisplacement as distance to nearest surface point ...
Wanted displacement : average:0.01219839509 min:1.413015131e-06 max:0.09487647141
Calculated surface displacement in = 0.094059 s


Detecting near surfaces ...
Overriding nearest with intersection of close gaps at 0 out of 42795 points.
Overriding displacement on features :
   implicit features    : false
   explicit features    : true
   multi-patch features : false

Detected 14 baffle edges out of 84599 edges.
Initially selected 2529 points out of 42795 for reverse attraction.
Selected 6726 points out of 42795 for reverse attraction.
Stringing feature edges : changed 0 points
Attraction:
     linear   : max:(-0.01325674431 0.05674572765 0.07487139607) avg:(0.0001644750852 0.003163156065 5.391846625e-05)
     feature  : max:(0 0 0) avg:(0 0 0)
Feature analysis : total master points:42795 attraction to :
    feature point   : 0
    feature edge    : 0
    nearest surface : 0
    rest            : 42795

--> FOAM Warning : Displacement (0.000133951722 -0.0006643984177 -0.000531454241) at mesh point 26753 coord (-8.161520741 3.093881089 -4.107417655) points through the surrounding patch faces
Smoothing displacement ...
Iteration 0
Iteration 10
Iteration 20
Displacement smoothed in = 1.491143 s


Moving mesh ...

Iteration 0
Moving mesh using displacement scaling : min:1  max:1
Checking faces in error :
    non-orthogonality > 65  degrees                        : 0
    faces with face pyramid volume < 1e-13                 : 0
    faces with face-decomposition tet quality < 1e-15      : 2
    faces with concavity > 80  degrees                     : 0
    faces with skewness > 4   (internal) or 20  (boundary) : 0
    faces with interpolation weights (0..1)  < 0.02        : 0
    faces with volume ratio of neighbour cells < 0.01      : 0
    faces with face twist < 0.02                           : 0
    faces on cells with determinant < 0.001                : 0

Iteration 1
Moving mesh using displacement scaling : min:0.75  max:1
Checking faces in error :
    non-orthogonality > 65  degrees                        : 0
    faces with face pyramid volume < 1e-13                 : 0
    faces with face-decomposition tet quality < 1e-15      : 2
    faces with concavity > 80  degrees                     : 0
    faces with skewness > 4   (internal) or 20  (boundary) : 0
    faces with interpolation weights (0..1)  < 0.02        : 0
    faces with volume ratio of neighbour cells < 0.01      : 0
    faces with face twist < 0.02                           : 0
    faces on cells with determinant < 0.001                : 0

Iteration 2
Moving mesh using displacement scaling : min:0.5625  max:1
Checking faces in error :
    non-orthogonality > 65  degrees                        : 0
    faces with face pyramid volume < 1e-13                 : 0
    faces with face-decomposition tet quality < 1e-15      : 1
    faces with concavity > 80  degrees                     : 0
    faces with skewness > 4   (internal) or 20  (boundary) : 0
    faces with interpolation weights (0..1)  < 0.02        : 0
    faces with volume ratio of neighbour cells < 0.01      : 0
    faces with face twist < 0.02                           : 0
    faces on cells with determinant < 0.001                : 0

Iteration 3
Moving mesh using displacement scaling : min:0.421875  max:1
Checking faces in error :
    non-orthogonality > 65  degrees                        : 0
    faces with face pyramid volume < 1e-13                 : 0
    faces with face-decomposition tet quality < 1e-15      : 1
    faces with concavity > 80  degrees                     : 0
    faces with skewness > 4   (internal) or 20  (boundary) : 0
    faces with interpolation weights (0..1)  < 0.02        : 0
    faces with volume ratio of neighbour cells < 0.01      : 0
    faces with face twist < 0.02                           : 0
    faces on cells with determinant < 0.001                : 0

Iteration 4
Moving mesh using displacement scaling : min:0.31640625  max:1
Checking faces in error :
    non-orthogonality > 65  degrees                        : 0
    faces with face pyramid volume < 1e-13                 : 0
    faces with face-decomposition tet quality < 1e-15      : 1
    faces with concavity > 80  degrees                     : 0
    faces with skewness > 4   (internal) or 20  (boundary) : 0
    faces with interpolation weights (0..1)  < 0.02        : 0
    faces with volume ratio of neighbour cells < 0.01      : 0
    faces with face twist < 0.02                           : 0
    faces on cells with determinant < 0.001                : 0

Iteration 5
Displacement scaling for error reduction set to 0.
Moving mesh using displacement scaling : min:0.2373046875  max:1
Checking faces in error :
    non-orthogonality > 65  degrees                        : 0
    faces with face pyramid volume < 1e-13                 : 0
    faces with face-decomposition tet quality < 1e-15      : 1
    faces with concavity > 80  degrees                     : 0
    faces with skewness > 4   (internal) or 20  (boundary) : 0
    faces with interpolation weights (0..1)  < 0.02        : 0
    faces with volume ratio of neighbour cells < 0.01      : 0
    faces with face twist < 0.02                           : 0
    faces on cells with determinant < 0.001                : 0

Iteration 6
Moving mesh using displacement scaling : min:0  max:1
Checking faces in error :
    non-orthogonality > 65  degrees                        : 0
    faces with face pyramid volume < 1e-13                 : 0
    faces with face-decomposition tet quality < 1e-15      : 0
    faces with concavity > 80  degrees                     : 0
    faces with skewness > 4   (internal) or 20  (boundary) : 0
    faces with interpolation weights (0..1)  < 0.02        : 0
    faces with volume ratio of neighbour cells < 0.01      : 0
    faces with face twist < 0.02                           : 0
    faces on cells with determinant < 0.001                : 0
Successfully moved mesh
Moved mesh in = 5.572834 s



Morph iteration 4
-----------------
Calculating patchDisplacement as distance to nearest surface point ...
Wanted displacement : average:0.00926525702 min:7.838354572e-07 max:0.08633259625
Calculated surface displacement in = 0.091334 s


Detecting near surfaces ...
Overriding nearest with intersection of close gaps at 0 out of 42795 points.
Overriding displacement on features :
   implicit features    : false
   explicit features    : true
   multi-patch features : false

Detected 10 baffle edges out of 84599 edges.
Initially selected 2524 points out of 42795 for reverse attraction.
Selected 6722 points out of 42795 for reverse attraction.
Stringing feature edges : changed 0 points
Attraction:
     linear   : max:(-0.01206293971 0.051635626 0.06812903043) avg:(0.0001070365758 0.001928084859 3.458363848e-05)
     feature  : max:(0 0 0) avg:(0 0 0)
Feature analysis : total master points:42795 attraction to :
    feature point   : 0
    feature edge    : 0
    nearest surface : 0
    rest            : 42795

--> FOAM Warning : Displacement (-0.0002075895339 -0.0008503299214 0.001318644791) at mesh point 79209 coord (15.89818954 1.893400223 1.101135346) points through the surrounding patch faces
Smoothing displacement ...
Iteration 0
Iteration 10
Iteration 20
Displacement smoothed in = 1.232856 s


Moving mesh ...

Iteration 0
Moving mesh using displacement scaling : min:1  max:1
Checking faces in error :
    non-orthogonality > 65  degrees                        : 0
    faces with face pyramid volume < 1e-13                 : 0
    faces with face-decomposition tet quality < 1e-15      : 2
    faces with concavity > 80  degrees                     : 0
    faces with skewness > 4   (internal) or 20  (boundary) : 0
    faces with interpolation weights (0..1)  < 0.02        : 0
    faces with volume ratio of neighbour cells < 0.01      : 0
    faces with face twist < 0.02                           : 0
    faces on cells with determinant < 0.001                : 0

Iteration 1
Moving mesh using displacement scaling : min:0.75  max:1
Checking faces in error :
    non-orthogonality > 65  degrees                        : 0
    faces with face pyramid volume < 1e-13                 : 0
    faces with face-decomposition tet quality < 1e-15      : 2
    faces with concavity > 80  degrees                     : 0
    faces with skewness > 4   (internal) or 20  (boundary) : 0
    faces with interpolation weights (0..1)  < 0.02        : 0
    faces with volume ratio of neighbour cells < 0.01      : 0
    faces with face twist < 0.02                           : 0
    faces on cells with determinant < 0.001                : 0

Iteration 2
Moving mesh using displacement scaling : min:0.5625  max:1
Checking faces in error :
    non-orthogonality > 65  degrees                        : 0
    faces with face pyramid volume < 1e-13                 : 0
    faces with face-decomposition tet quality < 1e-15      : 2
    faces with concavity > 80  degrees                     : 0
    faces with skewness > 4   (internal) or 20  (boundary) : 0
    faces with interpolation weights (0..1)  < 0.02        : 0
    faces with volume ratio of neighbour cells < 0.01      : 0
    faces with face twist < 0.02                           : 0
    faces on cells with determinant < 0.001                : 0

Iteration 3
Moving mesh using displacement scaling : min:0.421875  max:1
Checking faces in error :
    non-orthogonality > 65  degrees                        : 0
    faces with face pyramid volume < 1e-13                 : 0
    faces with face-decomposition tet quality < 1e-15      : 2
    faces with concavity > 80  degrees                     : 0
    faces with skewness > 4   (internal) or 20  (boundary) : 0
    faces with interpolation weights (0..1)  < 0.02        : 0
    faces with volume ratio of neighbour cells < 0.01      : 0
    faces with face twist < 0.02                           : 0
    faces on cells with determinant < 0.001                : 0

Iteration 4
Moving mesh using displacement scaling : min:0.31640625  max:1
Checking faces in error :
    non-orthogonality > 65  degrees                        : 0
    faces with face pyramid volume < 1e-13                 : 0
    faces with face-decomposition tet quality < 1e-15      : 2
    faces with concavity > 80  degrees                     : 0
    faces with skewness > 4   (internal) or 20  (boundary) : 0
    faces with interpolation weights (0..1)  < 0.02        : 0
    faces with volume ratio of neighbour cells < 0.01      : 0
    faces with face twist < 0.02                           : 0
    faces on cells with determinant < 0.001                : 0

Iteration 5
Displacement scaling for error reduction set to 0.
Moving mesh using displacement scaling : min:0.2373046875  max:1
Checking faces in error :
    non-orthogonality > 65  degrees                        : 0
    faces with face pyramid volume < 1e-13                 : 0
    faces with face-decomposition tet quality < 1e-15      : 2
    faces with concavity > 80  degrees                     : 0
    faces with skewness > 4   (internal) or 20  (boundary) : 0
    faces with interpolation weights (0..1)  < 0.02        : 0
    faces with volume ratio of neighbour cells < 0.01      : 0
    faces with face twist < 0.02                           : 0
    faces on cells with determinant < 0.001                : 0

Iteration 6
Moving mesh using displacement scaling : min:0  max:1
Checking faces in error :
    non-orthogonality > 65  degrees                        : 0
    faces with face pyramid volume < 1e-13                 : 0
    faces with face-decomposition tet quality < 1e-15      : 0
    faces with concavity > 80  degrees                     : 0
    faces with skewness > 4   (internal) or 20  (boundary) : 0
    faces with interpolation weights (0..1)  < 0.02        : 0
    faces with volume ratio of neighbour cells < 0.01      : 0
    faces with face twist < 0.02                           : 0
    faces on cells with determinant < 0.001                : 0
Successfully moved mesh
Moved mesh in = 6.110994 s



Morph iteration 5
-----------------
Calculating patchDisplacement as distance to nearest surface point ...
Wanted displacement : average:0.006479186359 min:1.371571659e-07 max:0.0748589002
Calculated surface displacement in = 0.205356 s


Detecting near surfaces ...
Overriding nearest with intersection of close gaps at 0 out of 42795 points.
Overriding displacement on features :
   implicit features    : false
   explicit features    : true
   multi-patch features : false

Detected 6 baffle edges out of 84599 edges.
Initially selected 2514 points out of 42795 for reverse attraction.
Selected 6715 points out of 42795 for reverse attraction.
Stringing feature edges : changed 0 points
Attraction:
     linear   : max:(-0.01045976188 0.04477319508 0.0590746081) avg:(5.904003179e-05 0.0009928408224 1.884915534e-05)
     feature  : max:(0 0 0) avg:(0 0 0)
Feature analysis : total master points:42795 attraction to :
    feature point   : 0
    feature edge    : 0
    nearest surface : 0
    rest            : 42795

--> FOAM Warning : Displacement (-5.53585605e-05 0.0003050767953 0.0001243412329) at mesh point 94774 coord (9.704337952 -1.119814675 0.6206131127) points through the surrounding patch faces
Smoothing displacement ...
Iteration 0
Iteration 10
Iteration 20
Displacement smoothed in = 1.447796 s


Moving mesh ...

Iteration 0
Moving mesh using displacement scaling : min:1  max:1
Checking faces in error :
    non-orthogonality > 65  degrees                        : 0
    faces with face pyramid volume < 1e-13                 : 0
    faces with face-decomposition tet quality < 1e-15      : 2
    faces with concavity > 80  degrees                     : 0
    faces with skewness > 4   (internal) or 20  (boundary) : 0
    faces with interpolation weights (0..1)  < 0.02        : 0
    faces with volume ratio of neighbour cells < 0.01      : 0
    faces with face twist < 0.02                           : 0
    faces on cells with determinant < 0.001                : 0

Iteration 1
Moving mesh using displacement scaling : min:0.75  max:1
Checking faces in error :
    non-orthogonality > 65  degrees                        : 0
    faces with face pyramid volume < 1e-13                 : 0
    faces with face-decomposition tet quality < 1e-15      : 2
    faces with concavity > 80  degrees                     : 0
    faces with skewness > 4   (internal) or 20  (boundary) : 0
    faces with interpolation weights (0..1)  < 0.02        : 0
    faces with volume ratio of neighbour cells < 0.01      : 0
    faces with face twist < 0.02                           : 0
    faces on cells with determinant < 0.001                : 0

Iteration 2
Moving mesh using displacement scaling : min:0.5625  max:1
Checking faces in error :
    non-orthogonality > 65  degrees                        : 0
    faces with face pyramid volume < 1e-13                 : 0
    faces with face-decomposition tet quality < 1e-15      : 2
    faces with concavity > 80  degrees                     : 0
    faces with skewness > 4   (internal) or 20  (boundary) : 0
    faces with interpolation weights (0..1)  < 0.02        : 0
    faces with volume ratio of neighbour cells < 0.01      : 0
    faces with face twist < 0.02                           : 0
    faces on cells with determinant < 0.001                : 0

Iteration 3
Moving mesh using displacement scaling : min:0.421875  max:1
Checking faces in error :
    non-orthogonality > 65  degrees                        : 0
    faces with face pyramid volume < 1e-13                 : 0
    faces with face-decomposition tet quality < 1e-15      : 2
    faces with concavity > 80  degrees                     : 0
    faces with skewness > 4   (internal) or 20  (boundary) : 0
    faces with interpolation weights (0..1)  < 0.02        : 0
    faces with volume ratio of neighbour cells < 0.01      : 0
    faces with face twist < 0.02                           : 0
    faces on cells with determinant < 0.001                : 0

Iteration 4
Moving mesh using displacement scaling : min:0.31640625  max:1
Checking faces in error :
    non-orthogonality > 65  degrees                        : 0
    faces with face pyramid volume < 1e-13                 : 0
    faces with face-decomposition tet quality < 1e-15      : 2
    faces with concavity > 80  degrees                     : 0
    faces with skewness > 4   (internal) or 20  (boundary) : 0
    faces with interpolation weights (0..1)  < 0.02        : 0
    faces with volume ratio of neighbour cells < 0.01      : 0
    faces with face twist < 0.02                           : 0
    faces on cells with determinant < 0.001                : 0

Iteration 5
Displacement scaling for error reduction set to 0.
Moving mesh using displacement scaling : min:0.2373046875  max:1
Checking faces in error :
    non-orthogonality > 65  degrees                        : 0
    faces with face pyramid volume < 1e-13                 : 0
    faces with face-decomposition tet quality < 1e-15      : 2
    faces with concavity > 80  degrees                     : 0
    faces with skewness > 4   (internal) or 20  (boundary) : 0
    faces with interpolation weights (0..1)  < 0.02        : 0
    faces with volume ratio of neighbour cells < 0.01      : 0
    faces with face twist < 0.02                           : 0
    faces on cells with determinant < 0.001                : 0

Iteration 6
Moving mesh using displacement scaling : min:0  max:1
Checking faces in error :
    non-orthogonality > 65  degrees                        : 0
    faces with face pyramid volume < 1e-13                 : 0
    faces with face-decomposition tet quality < 1e-15      : 0
    faces with concavity > 80  degrees                     : 0
    faces with skewness > 4   (internal) or 20  (boundary) : 0
    faces with interpolation weights (0..1)  < 0.02        : 0
    faces with volume ratio of neighbour cells < 0.01      : 0
    faces with face twist < 0.02                           : 0
    faces on cells with determinant < 0.001                : 0
Successfully moved mesh
Moved mesh in = 5.477192 s



Morph iteration 6
-----------------
Calculating patchDisplacement as distance to nearest surface point ...
Wanted displacement : average:0.003991873268 min:1.569507298e-07 max:0.06089515551
Calculated surface displacement in = 0.101138 s


Detecting near surfaces ...
Overriding nearest with intersection of close gaps at 0 out of 42795 points.
Overriding displacement on features :
   implicit features    : false
   explicit features    : true
   multi-patch features : false

Detected 6 baffle edges out of 84599 edges.
Initially selected 2520 points out of 42795 for reverse attraction.
Selected 6717 points out of 42795 for reverse attraction.
Stringing feature edges : changed 0 points
Attraction:
     linear   : max:(-0.008508658621 0.03642146318 0.04805517363) avg:(2.650552373e-05 0.0004213388273 9.393796588e-06)
     feature  : max:(0 0 0) avg:(0 0 0)
Feature analysis : total master points:42795 attraction to :
    feature point   : 0
    feature edge    : 0
    nearest surface : 0
    rest            : 42795

--> FOAM Warning : Displacement (-0.000195600709 0.0003846132869 0.0006969862424) at mesh point 94774 coord (9.704282593 -1.119509598 0.620737454) points through the surrounding patch faces
Smoothing displacement ...
Iteration 0
Iteration 10
Iteration 20
Displacement smoothed in = 1.43471 s


Moving mesh ...

Iteration 0
Moving mesh using displacement scaling : min:1  max:1
Checking faces in error :
    non-orthogonality > 65  degrees                        : 0
    faces with face pyramid volume < 1e-13                 : 0
    faces with face-decomposition tet quality < 1e-15      : 5
    faces with concavity > 80  degrees                     : 0
    faces with skewness > 4   (internal) or 20  (boundary) : 0
    faces with interpolation weights (0..1)  < 0.02        : 0
    faces with volume ratio of neighbour cells < 0.01      : 0
    faces with face twist < 0.02                           : 0
    faces on cells with determinant < 0.001                : 0

Iteration 1
Moving mesh using displacement scaling : min:0.75  max:1
Checking faces in error :
    non-orthogonality > 65  degrees                        : 0
    faces with face pyramid volume < 1e-13                 : 0
    faces with face-decomposition tet quality < 1e-15      : 3
    faces with concavity > 80  degrees                     : 0
    faces with skewness > 4   (internal) or 20  (boundary) : 0
    faces with interpolation weights (0..1)  < 0.02        : 0
    faces with volume ratio of neighbour cells < 0.01      : 0
    faces with face twist < 0.02                           : 1
    faces on cells with determinant < 0.001                : 0

Iteration 2
Moving mesh using displacement scaling : min:0.5625  max:1
Checking faces in error :
    non-orthogonality > 65  degrees                        : 0
    faces with face pyramid volume < 1e-13                 : 0
    faces with face-decomposition tet quality < 1e-15      : 3
    faces with concavity > 80  degrees                     : 0
    faces with skewness > 4   (internal) or 20  (boundary) : 0
    faces with interpolation weights (0..1)  < 0.02        : 0
    faces with volume ratio of neighbour cells < 0.01      : 0
    faces with face twist < 0.02                           : 0
    faces on cells with determinant < 0.001                : 0

Iteration 3
Moving mesh using displacement scaling : min:0.421875  max:1
Checking faces in error :
    non-orthogonality > 65  degrees                        : 0
    faces with face pyramid volume < 1e-13                 : 0
    faces with face-decomposition tet quality < 1e-15      : 3
    faces with concavity > 80  degrees                     : 0
    faces with skewness > 4   (internal) or 20  (boundary) : 0
    faces with interpolation weights (0..1)  < 0.02        : 0
    faces with volume ratio of neighbour cells < 0.01      : 0
    faces with face twist < 0.02                           : 0
    faces on cells with determinant < 0.001                : 0

Iteration 4
Moving mesh using displacement scaling : min:0.31640625  max:1
Checking faces in error :
    non-orthogonality > 65  degrees                        : 0
    faces with face pyramid volume < 1e-13                 : 0
    faces with face-decomposition tet quality < 1e-15      : 3
    faces with concavity > 80  degrees                     : 0
    faces with skewness > 4   (internal) or 20  (boundary) : 0
    faces with interpolation weights (0..1)  < 0.02        : 0
    faces with volume ratio of neighbour cells < 0.01      : 0
    faces with face twist < 0.02                           : 0
    faces on cells with determinant < 0.001                : 0

Iteration 5
Displacement scaling for error reduction set to 0.
Moving mesh using displacement scaling : min:0.2373046875  max:1
Checking faces in error :
    non-orthogonality > 65  degrees                        : 0
    faces with face pyramid volume < 1e-13                 : 0
    faces with face-decomposition tet quality < 1e-15      : 2
    faces with concavity > 80  degrees                     : 0
    faces with skewness > 4   (internal) or 20  (boundary) : 0
    faces with interpolation weights (0..1)  < 0.02        : 0
    faces with volume ratio of neighbour cells < 0.01      : 0
    faces with face twist < 0.02                           : 1
    faces on cells with determinant < 0.001                : 0

Iteration 6
Moving mesh using displacement scaling : min:0  max:1
Checking faces in error :
    non-orthogonality > 65  degrees                        : 0
    faces with face pyramid volume < 1e-13                 : 0
    faces with face-decomposition tet quality < 1e-15      : 0
    faces with concavity > 80  degrees                     : 0
    faces with skewness > 4   (internal) or 20  (boundary) : 0
    faces with interpolation weights (0..1)  < 0.02        : 0
    faces with volume ratio of neighbour cells < 0.01      : 0
    faces with face twist < 0.02                           : 0
    faces on cells with determinant < 0.001                : 0
Successfully moved mesh
Moved mesh in = 5.431052 s



Morph iteration 7
-----------------
Calculating patchDisplacement as distance to nearest surface point ...
Wanted displacement : average:0.002021918131 min:1.047307191e-07 max:0.04574735057
Calculated surface displacement in = 0.090005 s


Detecting near surfaces ...
Overriding nearest with intersection of close gaps at 0 out of 42795 points.
Overriding displacement on features :
   implicit features    : false
   explicit features    : true
   multi-patch features : false

Detected 2 baffle edges out of 84599 edges.
Initially selected 2518 points out of 42795 for reverse attraction.
Selected 6709 points out of 42795 for reverse attraction.
Stringing feature edges : changed 0 points
Attraction:
     linear   : max:(-0.006392110925 0.02736154346 0.03610134265) avg:(7.92031185e-06 0.000146061481 4.961780216e-06)
     feature  : max:(0 0 0) avg:(0 0 0)
Feature analysis : total master points:42795 attraction to :
    feature point   : 0
    feature edge    : 0
    nearest surface : 0
    rest            : 42795

--> FOAM Warning : Displacement (-0.0002318179218 0.0003161069759 0.0008836243845) at mesh point 94774 coord (9.704086993 -1.119124985 0.6214344402) points through the surrounding patch faces
Smoothing displacement ...
Iteration 0
Iteration 10
Iteration 20
Displacement smoothed in = 1.489571 s


Moving mesh ...

Iteration 0
Moving mesh using displacement scaling : min:1  max:1
Checking faces in error :
    non-orthogonality > 65  degrees                        : 0
    faces with face pyramid volume < 1e-13                 : 2
    faces with face-decomposition tet quality < 1e-15      : 38
    faces with concavity > 80  degrees                     : 0
    faces with skewness > 4   (internal) or 20  (boundary) : 0
    faces with interpolation weights (0..1)  < 0.02        : 0
    faces with volume ratio of neighbour cells < 0.01      : 0
    faces with face twist < 0.02                           : 4
    faces on cells with determinant < 0.001                : 0

Iteration 1
Moving mesh using displacement scaling : min:0.75  max:1
Checking faces in error :
    non-orthogonality > 65  degrees                        : 0
    faces with face pyramid volume < 1e-13                 : 0
    faces with face-decomposition tet quality < 1e-15      : 19
    faces with concavity > 80  degrees                     : 0
    faces with skewness > 4   (internal) or 20  (boundary) : 0
    faces with interpolation weights (0..1)  < 0.02        : 0
    faces with volume ratio of neighbour cells < 0.01      : 0
    faces with face twist < 0.02                           : 6
    faces on cells with determinant < 0.001                : 0

Iteration 2
Moving mesh using displacement scaling : min:0.5625  max:1
Checking faces in error :
    non-orthogonality > 65  degrees                        : 0
    faces with face pyramid volume < 1e-13                 : 0
    faces with face-decomposition tet quality < 1e-15      : 14
    faces with concavity > 80  degrees                     : 0
    faces with skewness > 4   (internal) or 20  (boundary) : 0
    faces with interpolation weights (0..1)  < 0.02        : 0
    faces with volume ratio of neighbour cells < 0.01      : 0
    faces with face twist < 0.02                           : 4
    faces on cells with determinant < 0.001                : 0

Iteration 3
Moving mesh using displacement scaling : min:0.421875  max:1
Checking faces in error :
    non-orthogonality > 65  degrees                        : 0
    faces with face pyramid volume < 1e-13                 : 0
    faces with face-decomposition tet quality < 1e-15      : 10
    faces with concavity > 80  degrees                     : 0
    faces with skewness > 4   (internal) or 20  (boundary) : 0
    faces with interpolation weights (0..1)  < 0.02        : 0
    faces with volume ratio of neighbour cells < 0.01      : 0
    faces with face twist < 0.02                           : 3
    faces on cells with determinant < 0.001                : 0

Iteration 4
Moving mesh using displacement scaling : min:0.31640625  max:1
Checking faces in error :
    non-orthogonality > 65  degrees                        : 0
    faces with face pyramid volume < 1e-13                 : 0
    faces with face-decomposition tet quality < 1e-15      : 9
    faces with concavity > 80  degrees                     : 0
    faces with skewness > 4   (internal) or 20  (boundary) : 0
    faces with interpolation weights (0..1)  < 0.02        : 0
    faces with volume ratio of neighbour cells < 0.01      : 0
    faces with face twist < 0.02                           : 4
    faces on cells with determinant < 0.001                : 0

Iteration 5
Displacement scaling for error reduction set to 0.
Moving mesh using displacement scaling : min:0.2373046875  max:1
Checking faces in error :
    non-orthogonality > 65  degrees                        : 0
    faces with face pyramid volume < 1e-13                 : 0
    faces with face-decomposition tet quality < 1e-15      : 6
    faces with concavity > 80  degrees                     : 0
    faces with skewness > 4   (internal) or 20  (boundary) : 0
    faces with interpolation weights (0..1)  < 0.02        : 0
    faces with volume ratio of neighbour cells < 0.01      : 0
    faces with face twist < 0.02                           : 3
    faces on cells with determinant < 0.001                : 0

Iteration 6
Moving mesh using displacement scaling : min:0  max:1
Checking faces in error :
    non-orthogonality > 65  degrees                        : 0
    faces with face pyramid volume < 1e-13                 : 0
    faces with face-decomposition tet quality < 1e-15      : 0
    faces with concavity > 80  degrees                     : 0
    faces with skewness > 4   (internal) or 20  (boundary) : 0
    faces with interpolation weights (0..1)  < 0.02        : 0
    faces with volume ratio of neighbour cells < 0.01      : 0
    faces with face twist < 0.02                           : 0
    faces on cells with determinant < 0.001                : 0
Successfully moved mesh
Moved mesh in = 6.819412 s



Morph iteration 8
-----------------
Calculating patchDisplacement as distance to nearest surface point ...
Wanted displacement : average:0.0007638039397 min:7.490686981e-09 max:0.0313062806
Calculated surface displacement in = 0.119261 s


Detecting near surfaces ...
Overriding nearest with intersection of close gaps at 3 out of 42795 points.
Overriding displacement on features :
   implicit features    : false
   explicit features    : true
   multi-patch features : false

Detected 2 baffle edges out of 84599 edges.
Initially selected 2519 points out of 42795 for reverse attraction.
Selected 6709 points out of 42795 for reverse attraction.
Stringing feature edges : changed 0 points
Attraction:
     linear   : max:(-0.004374312736 0.01872432276 0.0247052288) avg:(-4.185337122e-08 4.482826032e-05 3.085669013e-06)
     feature  : max:(0 0 0) avg:(0 0 0)
Feature analysis : total master points:42795 attraction to :
    feature point   : 0
    feature edge    : 0
    nearest surface : 0
    rest            : 42795

--> FOAM Warning : Displacement (-0.0002371291249 0.0002489275275 0.0009223261792) at mesh point 94774 coord (9.703956595 -1.118947174 0.6219314789) points through the surrounding patch faces
Smoothing displacement ...
Iteration 0
Iteration 10
Iteration 20
Displacement smoothed in = 1.143145 s


Moving mesh ...

Iteration 0
Moving mesh using displacement scaling : min:1  max:1
Checking faces in error :
    non-orthogonality > 65  degrees                        : 0
    faces with face pyramid volume < 1e-13                 : 3
    faces with face-decomposition tet quality < 1e-15      : 85
    faces with concavity > 80  degrees                     : 1
    faces with skewness > 4   (internal) or 20  (boundary) : 0
    faces with interpolation weights (0..1)  < 0.02        : 0
    faces with volume ratio of neighbour cells < 0.01      : 0
    faces with face twist < 0.02                           : 4
    faces on cells with determinant < 0.001                : 0

Iteration 1
Moving mesh using displacement scaling : min:0.75  max:1
Checking faces in error :
    non-orthogonality > 65  degrees                        : 0
    faces with face pyramid volume < 1e-13                 : 2
    faces with face-decomposition tet quality < 1e-15      : 80
    faces with concavity > 80  degrees                     : 0
    faces with skewness > 4   (internal) or 20  (boundary) : 0
    faces with interpolation weights (0..1)  < 0.02        : 0
    faces with volume ratio of neighbour cells < 0.01      : 0
    faces with face twist < 0.02                           : 2
    faces on cells with determinant < 0.001                : 0

Iteration 2
Moving mesh using displacement scaling : min:0.5625  max:1
Checking faces in error :
    non-orthogonality > 65  degrees                        : 0
    faces with face pyramid volume < 1e-13                 : 0
    faces with face-decomposition tet quality < 1e-15      : 71
    faces with concavity > 80  degrees                     : 0
    faces with skewness > 4   (internal) or 20  (boundary) : 0
    faces with interpolation weights (0..1)  < 0.02        : 0
    faces with volume ratio of neighbour cells < 0.01      : 0
    faces with face twist < 0.02                           : 6
    faces on cells with determinant < 0.001                : 0

Iteration 3
Moving mesh using displacement scaling : min:0.421875  max:1
Checking faces in error :
    non-orthogonality > 65  degrees                        : 0
    faces with face pyramid volume < 1e-13                 : 0
    faces with face-decomposition tet quality < 1e-15      : 61
    faces with concavity > 80  degrees                     : 0
    faces with skewness > 4   (internal) or 20  (boundary) : 0
    faces with interpolation weights (0..1)  < 0.02        : 0
    faces with volume ratio of neighbour cells < 0.01      : 0
    faces with face twist < 0.02                           : 10
    faces on cells with determinant < 0.001                : 0

Iteration 4
Moving mesh using displacement scaling : min:0.31640625  max:1
Checking faces in error :
    non-orthogonality > 65  degrees                        : 0
    faces with face pyramid volume < 1e-13                 : 0
    faces with face-decomposition tet quality < 1e-15      : 49
    faces with concavity > 80  degrees                     : 0
    faces with skewness > 4   (internal) or 20  (boundary) : 0
    faces with interpolation weights (0..1)  < 0.02        : 0
    faces with volume ratio of neighbour cells < 0.01      : 0
    faces with face twist < 0.02                           : 15
    faces on cells with determinant < 0.001                : 0

Iteration 5
Displacement scaling for error reduction set to 0.
Moving mesh using displacement scaling : min:0.2373046875  max:1
Checking faces in error :
    non-orthogonality > 65  degrees                        : 0
    faces with face pyramid volume < 1e-13                 : 0
    faces with face-decomposition tet quality < 1e-15      : 38
    faces with concavity > 80  degrees                     : 0
    faces with skewness > 4   (internal) or 20  (boundary) : 0
    faces with interpolation weights (0..1)  < 0.02        : 0
    faces with volume ratio of neighbour cells < 0.01      : 0
    faces with face twist < 0.02                           : 14
    faces on cells with determinant < 0.001                : 0

Iteration 6
Moving mesh using displacement scaling : min:0  max:1
Checking faces in error :
    non-orthogonality > 65  degrees                        : 0
    faces with face pyramid volume < 1e-13                 : 0
    faces with face-decomposition tet quality < 1e-15      : 0
    faces with concavity > 80  degrees                     : 0
    faces with skewness > 4   (internal) or 20  (boundary) : 0
    faces with interpolation weights (0..1)  < 0.02        : 0
    faces with volume ratio of neighbour cells < 0.01      : 0
    faces with face twist < 0.02                           : 0
    faces on cells with determinant < 0.001                : 0
Successfully moved mesh
Moved mesh in = 6.993226 s



Morph iteration 9
-----------------
Calculating patchDisplacement as distance to nearest surface point ...
Wanted displacement : average:0.0002007626203 min:6.28934499e-09 max:0.02539938783
Calculated surface displacement in = 0.130443 s


Detecting near surfaces ...
Overriding nearest with intersection of close gaps at 4 out of 42795 points.
Overriding displacement on features :
   implicit features    : false
   explicit features    : true
   multi-patch features : false

Detected 2 baffle edges out of 84599 edges.
Initially selected 2519 points out of 42795 for reverse attraction.
Selected 6702 points out of 42795 for reverse attraction.
Stringing feature edges : changed 0 points
Attraction:
     linear   : max:(0.004570938417 -0.003480735727 -0.02474105703) avg:(-1.908660776e-06 1.466193364e-05 1.738750922e-06)
     feature  : max:(0 0 0) avg:(0 0 0)
Feature analysis : total master points:42795 attraction to :
    feature point   : 0
    feature edge    : 0
    nearest surface : 0
    rest            : 42795

--> FOAM Warning : Displacement (-0.0002728803275 -0.0002759167491 0.00128240332) at mesh point 94774 coord (9.703956595 -1.118947174 0.6219314789) points through the surrounding patch faces
Smoothing displacement ...
Iteration 0
Iteration 10
Iteration 20
Displacement smoothed in = 1.150755 s


Moving mesh ...

Iteration 0
Moving mesh using displacement scaling : min:1  max:1
Checking faces in error :
    non-orthogonality > 65  degrees                        : 0
    faces with face pyramid volume < 1e-13                 : 4
    faces with face-decomposition tet quality < 1e-15      : 91
    faces with concavity > 80  degrees                     : 1
    faces with skewness > 4   (internal) or 20  (boundary) : 0
    faces with interpolation weights (0..1)  < 0.02        : 0
    faces with volume ratio of neighbour cells < 0.01      : 0
    faces with face twist < 0.02                           : 6
    faces on cells with determinant < 0.001                : 0

Iteration 1
Moving mesh using displacement scaling : min:0.75  max:1
Checking faces in error :
    non-orthogonality > 65  degrees                        : 0
    faces with face pyramid volume < 1e-13                 : 2
    faces with face-decomposition tet quality < 1e-15      : 89
    faces with concavity > 80  degrees                     : 1
    faces with skewness > 4   (internal) or 20  (boundary) : 0
    faces with interpolation weights (0..1)  < 0.02        : 0
    faces with volume ratio of neighbour cells < 0.01      : 0
    faces with face twist < 0.02                           : 5
    faces on cells with determinant < 0.001                : 0

Iteration 2
Moving mesh using displacement scaling : min:0.5625  max:1
Checking faces in error :
    non-orthogonality > 65  degrees                        : 0
    faces with face pyramid volume < 1e-13                 : 2
    faces with face-decomposition tet quality < 1e-15      : 84
    faces with concavity > 80  degrees                     : 1
    faces with skewness > 4   (internal) or 20  (boundary) : 0
    faces with interpolation weights (0..1)  < 0.02        : 0
    faces with volume ratio of neighbour cells < 0.01      : 0
    faces with face twist < 0.02                           : 8
    faces on cells with determinant < 0.001                : 0

Iteration 3
Moving mesh using displacement scaling : min:0.421875  max:1
Checking faces in error :
    non-orthogonality > 65  degrees                        : 0
    faces with face pyramid volume < 1e-13                 : 1
    faces with face-decomposition tet quality < 1e-15      : 80
    faces with concavity > 80  degrees                     : 1
    faces with skewness > 4   (internal) or 20  (boundary) : 0
    faces with interpolation weights (0..1)  < 0.02        : 0
    faces with volume ratio of neighbour cells < 0.01      : 0
    faces with face twist < 0.02                           : 8
    faces on cells with determinant < 0.001                : 0

Iteration 4
Moving mesh using displacement scaling : min:0.31640625  max:1
Checking faces in error :
    non-orthogonality > 65  degrees                        : 0
    faces with face pyramid volume < 1e-13                 : 0
    faces with face-decomposition tet quality < 1e-15      : 74
    faces with concavity > 80  degrees                     : 0
    faces with skewness > 4   (internal) or 20  (boundary) : 0
    faces with interpolation weights (0..1)  < 0.02        : 0
    faces with volume ratio of neighbour cells < 0.01      : 0
    faces with face twist < 0.02                           : 13
    faces on cells with determinant < 0.001                : 0

Iteration 5
Displacement scaling for error reduction set to 0.
Moving mesh using displacement scaling : min:0.2373046875  max:1
Checking faces in error :
    non-orthogonality > 65  degrees                        : 0
    faces with face pyramid volume < 1e-13                 : 0
    faces with face-decomposition tet quality < 1e-15      : 70
    faces with concavity > 80  degrees                     : 0
    faces with skewness > 4   (internal) or 20  (boundary) : 0
    faces with interpolation weights (0..1)  < 0.02        : 0
    faces with volume ratio of neighbour cells < 0.01      : 0
    faces with face twist < 0.02                           : 16
    faces on cells with determinant < 0.001                : 0

Iteration 6
Moving mesh using displacement scaling : min:0  max:1
Checking faces in error :
    non-orthogonality > 65  degrees                        : 0
    faces with face pyramid volume < 1e-13                 : 0
    faces with face-decomposition tet quality < 1e-15      : 0
    faces with concavity > 80  degrees                     : 0
    faces with skewness > 4   (internal) or 20  (boundary) : 0
    faces with interpolation weights (0..1)  < 0.02        : 0
    faces with volume ratio of neighbour cells < 0.01      : 0
    faces with face twist < 0.02                           : 0
    faces on cells with determinant < 0.001                : 0
Successfully moved mesh
Moved mesh in = 6.212993 s


Repatching faces according to nearest surface ...
Repatched 0 faces in = 0.265204 s


Edge intersection testing:
    Number of edges             : 407704
    Number of edges to retest   : 139405
    Number of intersected edges : 41806
Merging 12650 sets of faces.

Edge intersection testing:
    Number of edges             : 390773
    Number of edges to retest   : 51238
    Number of intersected edges : 24859

Undo iteration 0
----------------
Checking faces in error :
    non-orthogonality > 65  degrees                        : 0
    faces with face pyramid volume < 1e-13                 : 0
    faces with face-decomposition tet quality < 1e-15      : 0
    faces with concavity > 80  degrees                     : 0
    faces with skewness > 4   (internal) or 20  (boundary) : 0
    faces with interpolation weights (0..1)  < 0.02        : 0
    faces with volume ratio of neighbour cells < 0.01      : 0
    faces with face twist < 0.02                           : 0
    faces on cells with determinant < 0.001                : 0

Merging all points on surface that
- are used by only two boundary faces and
- make an angle with a cosine of more than 0.8660254038.

Removing 8314 straight edge points ...

Edge intersection testing:
    Number of edges             : 390773
    Number of edges to retest   : 45173
    Number of intersected edges : 24847

Undo iteration 0
----------------
Checking faces in error :
    non-orthogonality > 65  degrees                        : 0
    faces with face pyramid volume < 1e-13                 : 0
    faces with face-decomposition tet quality < 1e-15      : 0
    faces with concavity > 80  degrees                     : 0
    faces with skewness > 4   (internal) or 20  (boundary) : 0
    faces with interpolation weights (0..1)  < 0.02        : 0
    faces with volume ratio of neighbour cells < 0.01      : 0
    faces with face twist < 0.02                           : 0
    faces on cells with determinant < 0.001                : 0
Snapped mesh : cells:120120  faces:390773  points:155890
Cells per refinement level:
    0	8918
    1	16117
    2	66013
    3	29072
Writing mesh to time constant
Wrote mesh in = 4.677362 s.
Mesh snapped in = 68.49855 s.
Checking final mesh ...
Checking faces in error :
    non-orthogonality > 65  degrees                        : 0
    faces with face pyramid volume < 1e-13                 : 0
    faces with face-decomposition tet quality < 1e-15      : 0
    faces with concavity > 80  degrees                     : 0
    faces with skewness > 4   (internal) or 20  (boundary) : 0
    faces with interpolation weights (0..1)  < 0.02        : 0
    faces with volume ratio of neighbour cells < 0.01      : 0
    faces with face twist < 0.02                           : 0
    faces on cells with determinant < 0.001                : 0
Finished meshing without any errors
Finished meshing in = 104.524403 s.
End

