/*---------------------------------------------------------------------------*\
  =========                 |
  \\      /  F ield         | OpenFOAM: The Open Source CFD Toolbox
   \\    /   O peration     | Website:  https://openfoam.org
    \\  /    A nd           | Version:  13
     \\/     M anipulation  |
\*---------------------------------------------------------------------------*/
Build  : 13-441953dfbb42
Exec   : snappyHexMesh -overwrite
Date   : Apr 24 2026
Time   : 09:35:15
Host   : "DESKTOP-NKIGO8J"
PID    : 12513
I/O    : uncollated
Case   : /mnt/c/Users/СЂСЃ/Desktop/bulbop2/bulbai2/projects/case-c8f6a7a7/working/night_optimization/foam_candidates/candidate-cf1020b5/working/openfoam_case
nProcs : 1
sigFpe : Enabling floating point exception trapping (FOAM_SIGFPE).
fileModificationChecking : Monitoring run-time modified files using timeStampMaster (fileModificationSkew 10)
allowSystemOperations : Allowing user-supplied system call operations

// * * * * * * * * * * * * * * * * * * * * * * * * * * * * * * * * * * * * * //
Create time

Create mesh for time = 0

Read mesh in = 0.096718 s
Deprecated option 'overwrite' specified, this is now the default behaviour

Reading "snappyHexMeshDict"


Overall mesh bounding box  : (-12 -6 -6) (24 6 6)
Relative tolerance         : 1e-06
Absolute matching distance : 3.979949748e-05

Reading refinement surfaces...
Read refinement surfaces in = 0.024343 s

Reading refinement regions...
Read refinement regions in = 0.000194 s

Reading features...
Read features in = 0.000233 s


Determining initial surface intersections
-----------------------------------------

Edge intersection testing:
    Number of edges             : 50000
    Number of edges to retest   : 50000
    Number of intersected edges : 1907
Calculated surface intersections in = 0.202471 s

Initial mesh : cells:16000  faces:50000  points:18081
Cells per refinement level:
    0	16000

Adding patches for surface regions
----------------------------------

Patch Type                Region                        
----- ----                ------                        
hull:

3     wall                hull                          

Added patches in = 0.001911 s

Selecting distributor none
Cell selection insidePoints: 1((0 0 3))

Refinement phase
----------------

Found point (0 0 3) in cell 11573 on processor 0

Surface refinement iteration 0
------------------------------

Marked for refinement due to surface intersection          : 2161 cells.
Marked for refinement due to curvature/regions             : 0 cells.
Determined cells to refine in = 0.204593 s
Selected for refinement : 2161 cells (out of 16000)
Edge intersection testing:
    Number of edges             : 101300
    Number of edges to retest   : 66009
    Number of intersected edges : 7614
Refined mesh in = 0.260839 s
After refinement surface refinement iteration 0 : cells:31127  faces:101300  points:39220
Cells per refinement level:
    0	13839
    1	17288

Surface refinement iteration 1
------------------------------

Marked for refinement due to surface intersection          : 8692 cells.
Marked for refinement due to curvature/regions             : 0 cells.
Determined cells to refine in = 0.012334 s
Selected for refinement : 9595 cells (out of 31127)
Edge intersection testing:
    Number of edges             : 326183
    Number of edges to retest   : 290830
    Number of intersected edges : 30629
Refined mesh in = 1.194889 s
After refinement surface refinement iteration 1 : cells:98292  faces:326183  points:129964
Cells per refinement level:
    0	12911
    1	16045
    2	69336

Surface refinement iteration 2
------------------------------

Marked for refinement due to surface intersection          : 112 cells.
Marked for refinement due to curvature/regions             : 1591 cells.
Determined cells to refine in = 0.201503 s
Selected for refinement : 1896 cells (out of 98292)
Edge intersection testing:
    Number of edges             : 372575
    Number of edges to retest   : 77744
    Number of intersected edges : 36739
Refined mesh in = 0.667095 s
After refinement surface refinement iteration 2 : cells:111564  faces:372575  points:150498
Cells per refinement level:
    0	12866
    1	16145
    2	69825
    3	12728

Surface refinement iteration 3
------------------------------

Marked for refinement due to surface intersection          : 0 cells.
Marked for refinement due to curvature/regions             : 158 cells.
Determined cells to refine in = 0.16285 s
Selected for refinement : 183 cells (out of 111564)
Edge intersection testing:
    Number of edges             : 376817
    Number of edges to retest   : 12921
    Number of intersected edges : 37071
Refined mesh in = 0.651733 s
After refinement surface refinement iteration 3 : cells:112845  faces:376817  points:152180
Cells per refinement level:
    0	12861
    1	16165
    2	69827
    3	13992

Surface refinement iteration 4
------------------------------

Marked for refinement due to surface intersection          : 0 cells.
Marked for refinement due to curvature/regions             : 13 cells.
Determined cells to refine in = 0.303068 s
Selected for refinement : 15 cells (out of 112845)
Edge intersection testing:
    Number of edges             : 377150
    Number of edges to retest   : 1201
    Number of intersected edges : 37073
Refined mesh in = 0.600218 s
After refinement surface refinement iteration 4 : cells:112950  faces:377150  points:152301
Cells per refinement level:
    0	12861
    1	16163
    2	69830
    3	14096

Surface refinement iteration 5
------------------------------

Marked for refinement due to surface intersection          : 0 cells.
Marked for refinement due to curvature/regions             : 0 cells.
Determined cells to refine in = 0.188716 s
Selected for refinement : 0 cells (out of 112950)
Stopping refining since too few cells selected.


Removing mesh beyond surface intersections
------------------------------------------

Selecting all cells in regions containing any of the points in 1((0 0 3))
Selected: 97115 cells.
Edge intersection testing:
    Number of edges             : 335807
    Number of edges to retest   : 28269
    Number of intersected edges : 37073

Shell refinement iteration 0
----------------------------

Marked for refinement due to distance to explicit features : 0 cells.
Marked for refinement due to refinement shells             : 0 cells.
Determined cells to refine in = 2.718304 s
Selected for internal refinement : 9492 cells (out of 97115)
Edge intersection testing:
    Number of edges             : 542102
    Number of edges to retest   : 441413
    Number of intersected edges : 40989
Refined mesh in = 1.515295 s
After refinement shell refinement iteration 0 : cells:163559  faces:542102  points:215080
Cells per refinement level:
    0	9976
    1	13082
    2	99244
    3	41257

Shell refinement iteration 1
----------------------------

Marked for refinement due to distance to explicit features : 0 cells.
Marked for refinement due to refinement shells             : 0 cells.
Determined cells to refine in = 0.19805 s
Selected for internal refinement : 1970 cells (out of 163559)
Edge intersection testing:
    Number of edges             : 585521
    Number of edges to retest   : 138388
    Number of intersected edges : 42508
Refined mesh in = 1.008222 s
After refinement shell refinement iteration 1 : cells:177349  faces:585521  points:230953
Cells per refinement level:
    0	9458
    1	16939
    2	100375
    3	50577

Shell refinement iteration 2
----------------------------

Marked for refinement due to distance to explicit features : 0 cells.
Marked for refinement due to refinement shells             : 0 cells.
Determined cells to refine in = 0.22184 s
Selected for internal refinement : 259 cells (out of 177349)
Edge intersection testing:
    Number of edges             : 591011
    Number of edges to retest   : 21826
    Number of intersected edges : 42549
Refined mesh in = 1.091523 s
After refinement shell refinement iteration 2 : cells:179162  faces:591011  points:232819
Cells per refinement level:
    0	9406
    1	17177
    2	101770
    3	50809

Shell refinement iteration 3
----------------------------

Marked for refinement due to distance to explicit features : 0 cells.
Marked for refinement due to refinement shells             : 0 cells.
Determined cells to refine in = 0.436811 s
Selected for internal refinement : 21 cells (out of 179162)
Edge intersection testing:
    Number of edges             : 591473
    Number of edges to retest   : 1960
    Number of intersected edges : 42549
Refined mesh in = 1.124084 s
After refinement shell refinement iteration 3 : cells:179309  faces:591473  points:232988
Cells per refinement level:
    0	9385
    1	17345
    2	101770
    3	50809

Shell refinement iteration 4
----------------------------

Marked for refinement due to distance to explicit features : 0 cells.
Marked for refinement due to refinement shells             : 0 cells.
Determined cells to refine in = 0.319086 s
Selected for internal refinement : 0 cells (out of 179309)
Stopping refining since too few cells selected.


Dangling coarse cells refinement iteration 0
--------------------------------------------

Determined cells to refine in = 0.015994 s
Selected for refinement : 11 cells (out of 179309)
Edge intersection testing:
    Number of edges             : 591638
    Number of edges to retest   : 1333
    Number of intersected edges : 42549
Refined mesh in = 1.27377 s
After refinement coarse cell refinement iteration 0 : cells:179386  faces:591638  points:233010
Cells per refinement level:
    0	9385
    1	17337
    2	101831
    3	50833

Dangling coarse cells refinement iteration 1
--------------------------------------------

Determined cells to refine in = 0.012304 s
Selected for refinement : 0 cells (out of 179386)
Stopping refining since too few cells selected.


Dangling coarse cells refinement iteration 0
--------------------------------------------

Determined cells to refine in = 0.010753 s
Selected for refinement : 0 cells (out of 179386)
Stopping refining since too few cells selected.


Splitting mesh at surface intersections
---------------------------------------

Introducing baffles for 42549 faces that are intersected by the surface.

Edge intersection testing:
    Number of edges             : 634061
    Number of edges to retest   : 232934
    Number of intersected edges : 83982
Created baffles in = 1.192659 s


After introducing baffles : cells:179386  faces:634061  points:233010
Cells per refinement level:
    0	9385
    1	17337
    2	101831
    3	50833

Introducing baffles to block off problem cells
----------------------------------------------

markFacesOnProblemCells : marked 46345 additional internal faces to be converted into baffles.
Analyzed problem cells in = 0.803285 s


Introducing baffles to delete problem cells.

Edge intersection testing:
    Number of edges             : 680406
    Number of edges to retest   : 170353
    Number of intersected edges : 84067
Created baffles in = 1.100047 s


After introducing baffles : cells:179386  faces:680406  points:233010
Cells per refinement level:
    0	9385
    1	17337
    2	101831
    3	50833

Remove unreachable sections of mesh
-----------------------------------

Keeping all cells in regions containing any point in 1((0 0 3))
Selected for keeping : 120032 cells.
Edge intersection testing:
    Number of edges             : 407917
    Number of edges to retest   : 0
    Number of intersected edges : 41609
Split mesh in = 3.499223 s


After subsetting : cells:120032  faces:407917  points:168850
Cells per refinement level:
    0	8909
    1	16151
    2	65903
    3	29069

Handling cells with snap problems
---------------------------------

Introducing baffles for 41609 faces that are intersected by the surface.

Edge intersection testing:
    Number of edges             : 407917
    Number of edges to retest   : 115876
    Number of intersected edges : 41609
Created baffles in = 0.659571 s


After introducing baffles : cells:120032  faces:407917  points:168850
Cells per refinement level:
    0	8909
    1	16151
    2	65903
    3	29069

Introducing baffles to block off problem cells
----------------------------------------------

markFacesOnProblemCells : marked 0 additional internal faces to be converted into baffles.
Analyzed problem cells in = 0.437235 s


Introducing baffles to delete problem cells.

Edge intersection testing:
    Number of edges             : 407917
    Number of edges to retest   : 0
    Number of intersected edges : 41609
Created baffles in = 0.587247 s


After introducing baffles : cells:120032  faces:407917  points:168850
Cells per refinement level:
    0	8909
    1	16151
    2	65903
    3	29069

Remove unreachable sections of mesh
-----------------------------------

Split mesh in = 2.153027 s


After subsetting : cells:120032  faces:407917  points:168850
Cells per refinement level:
    0	8909
    1	16151
    2	65903
    3	29069

Merge free-standing baffles
---------------------------

freeStandingBaffles : detected 45 free-standing baffles out of 45

freeStandingBaffles : detected 20 planar (within 30 degrees) free-standing baffles out of 45

Detected free-standing baffles : 20
Edge intersection testing:
    Number of edges             : 407897
    Number of edges to retest   : 20
    Number of intersected edges : 41589

Introducing baffles to block off problem cells
----------------------------------------------

markFacesOnProblemCells : marked 0 additional internal faces to be converted into baffles.
Analyzed problem cells in = 0.888935 s


Introducing baffles to delete problem cells.

Edge intersection testing:
    Number of edges             : 407897
    Number of edges to retest   : 0
    Number of intersected edges : 41589
Created baffles in = 0.357933 s


After introducing baffles : cells:120032  faces:407897  points:168850
Cells per refinement level:
    0	8909
    1	16151
    2	65903
    3	29069
Merged free-standing baffles in = 0.001485 s


dupNonManifoldPoints : Found : 27 non-manifold points (out of 168850)
Edge intersection testing:
    Number of edges             : 407897
    Number of edges to retest   : 0
    Number of intersected edges : 41589
Detected unsplittable baffles : 0

Merge refined boundary faces
----------------------------

Merging 202 sets of faces.

Edge intersection testing:
    Number of edges             : 407503
    Number of edges to retest   : 1834
    Number of intersected edges : 41199

Undo iteration 0
----------------
Checking faces in error :
    non-orthogonality > 65  degrees                        : 0
    faces with face pyramid volume < 1e-13                 : 0
    faces with face-decomposition tet quality < 1e-15      : 0
    faces with concavity > 80  degrees                     : 0
    faces with skewness > 4   (internal) or 20  (boundary) : 0
    faces with interpolation weights (0..1)  < 0.02        : 0
    faces with volume ratio of neighbour cells < 0.01      : 0
    faces with face twist < 0.02                           : 0
    faces on cells with determinant < 0.001                : 0

Merging all points on surface that
- are used by only two boundary faces and
- make an angle with a cosine of more than 0.7071067812.

Removing 321 straight edge points ...

Edge intersection testing:
    Number of edges             : 407503
    Number of edges to retest   : 2301
    Number of intersected edges : 41199

Undo iteration 0
----------------
Checking faces in error :
    non-orthogonality > 65  degrees                        : 0
    faces with face pyramid volume < 1e-13                 : 0
    faces with face-decomposition tet quality < 1e-15      : 0
    faces with concavity > 80  degrees                     : 0
    faces with skewness > 4   (internal) or 20  (boundary) : 0
    faces with interpolation weights (0..1)  < 0.02        : 0
    faces with volume ratio of neighbour cells < 0.01      : 0
    faces with face twist < 0.02                           : 0
    faces on cells with determinant < 0.001                : 0
Refined mesh : cells:120032  faces:407503  points:168460
Cells per refinement level:
    0	8909
    1	16151
    2	65903
    3	29069
Writing mesh to time constant
Wrote mesh in = 4.007861 s.
Mesh refined in = 30.082126 s.

Morphing phase
--------------


Snapping to features in 10 iterations ...
Constructing mesh displacer ...
Using mesh parameters 
{
    maxNonOrtho     65;
    maxBoundarySkewness 20;
    maxInternalSkewness 4;
    maxConcave      80;
    minVol          1e-13;
    minTetQuality   1e-15;
    minArea         -1;
    minTwist        0.02;
    minDeterminant  0.001;
    minFaceWeight   0.02;
    minVolRatio     0.01;
    minTriangleTwist -1;
    nSmoothScale    4;
    errorReduction  0.75;
}


Checking initial mesh ...
Checking faces in error :
    non-orthogonality > 65  degrees                        : 0
    faces with face pyramid volume < 1e-13                 : 0
    faces with face-decomposition tet quality < 1e-15      : 0
    faces with concavity > 80  degrees                     : 0
    faces with skewness > 4   (internal) or 20  (boundary) : 0
    faces with interpolation weights (0..1)  < 0.02        : 0
    faces with volume ratio of neighbour cells < 0.01      : 0
    faces with face twist < 0.02                           : 0
    faces on cells with determinant < 0.001                : 0
Detected 0 illegal faces (concave, zero area or negative cell pyramid volume)
Checked initial mesh in = 1.112362 s


Smoothing patch points ...
Smoothing iteration 0
Found 54 non-manifold point(s).

Scaling iteration 0
Moving mesh using displacement scaling : min:1  max:1
Checking faces in error :
    non-orthogonality > 65  degrees                        : 0
    faces with face pyramid volume < 1e-13                 : 0
    faces with face-decomposition tet quality < 1e-15      : 0
    faces with concavity > 80  degrees                     : 0
    faces with skewness > 4   (internal) or 20  (boundary) : 0
    faces with interpolation weights (0..1)  < 0.02        : 0
    faces with volume ratio of neighbour cells < 0.01      : 0
    faces with face twist < 0.02                           : 0
    faces on cells with determinant < 0.001                : 0
Successfully moved mesh

Smoothing iteration 1
Found 0 non-manifold point(s).

Scaling iteration 0
Moving mesh using displacement scaling : min:1  max:1
Checking faces in error :
    non-orthogonality > 65  degrees                        : 0
    faces with face pyramid volume < 1e-13                 : 0
    faces with face-decomposition tet quality < 1e-15      : 0
    faces with concavity > 80  degrees                     : 0
    faces with skewness > 4   (internal) or 20  (boundary) : 0
    faces with interpolation weights (0..1)  < 0.02        : 0
    faces with volume ratio of neighbour cells < 0.01      : 0
    faces with face twist < 0.02                           : 0
    faces on cells with determinant < 0.001                : 0
Successfully moved mesh

Smoothing iteration 2
Found 0 non-manifold point(s).

Scaling iteration 0
Moving mesh using displacement scaling : min:1  max:1
Checking faces in error :
    non-orthogonality > 65  degrees                        : 0
    faces with face pyramid volume < 1e-13                 : 0
    faces with face-decomposition tet quality < 1e-15      : 1
    faces with concavity > 80  degrees                     : 0
    faces with skewness > 4   (internal) or 20  (boundary) : 0
    faces with interpolation weights (0..1)  < 0.02        : 0
    faces with volume ratio of neighbour cells < 0.01      : 0
    faces with face twist < 0.02                           : 0
    faces on cells with determinant < 0.001                : 0

Scaling iteration 1
Moving mesh using displacement scaling : min:0.75  max:1
Checking faces in error :
    non-orthogonality > 65  degrees                        : 0
    faces with face pyramid volume < 1e-13                 : 0
    faces with face-decomposition tet quality < 1e-15      : 1
    faces with concavity > 80  degrees                     : 0
    faces with skewness > 4   (internal) or 20  (boundary) : 0
    faces with interpolation weights (0..1)  < 0.02        : 0
    faces with volume ratio of neighbour cells < 0.01      : 0
    faces with face twist < 0.02                           : 0
    faces on cells with determinant < 0.001                : 0

Scaling iteration 2
Moving mesh using displacement scaling : min:0.5625  max:1
Checking faces in error :
    non-orthogonality > 65  degrees                        : 0
    faces with face pyramid volume < 1e-13                 : 0
    faces with face-decomposition tet quality < 1e-15      : 0
    faces with concavity > 80  degrees                     : 0
    faces with skewness > 4   (internal) or 20  (boundary) : 0
    faces with interpolation weights (0..1)  < 0.02        : 0
    faces with volume ratio of neighbour cells < 0.01      : 0
    faces with face twist < 0.02                           : 0
    faces on cells with determinant < 0.001                : 0
Successfully moved mesh

Patch points smoothed in = 3.95207 s



Morph iteration 0
-----------------
Calculating patchDisplacement as distance to nearest surface point ...
Wanted displacement : average:0.01835068511 min:3.534294506e-07 max:0.1078851184
Calculated surface displacement in = 0.090209 s


Detecting near surfaces ...
Overriding nearest with intersection of close gaps at 0 out of 42904 points.
Overriding displacement on features :
   implicit features    : false
   explicit features    : true
   multi-patch features : false

Detected 14 baffle edges out of 84809 edges.
Initially selected 2546 points out of 42904 for reverse attraction.
Selected 6766 points out of 42904 for reverse attraction.
Stringing feature edges : changed 0 points
Attraction:
     linear   : max:(-0.01182939238 0.07209640463 0.07938118602) avg:(0.0002811871338 0.006209886542 4.517383612e-05)
     feature  : max:(0 0 0) avg:(0 0 0)
Feature analysis : total master points:42904 attraction to :
    feature point   : 0
    feature edge    : 0
    nearest surface : 0
    rest            : 42904

--> FOAM Warning : Displacement (-6.599284725e-05 3.69110864e-05 -0.0001827032605) at mesh point 3684 coord (20.39723569 -0.014187747 -3.598634031) points through the surrounding patch faces
Smoothing displacement ...
Iteration 0
Iteration 10
Iteration 20
Displacement smoothed in = 1.397297 s


Moving mesh ...

Iteration 0
Moving mesh using displacement scaling : min:1  max:1
Checking faces in error :
    non-orthogonality > 65  degrees                        : 0
    faces with face pyramid volume < 1e-13                 : 0
    faces with face-decomposition tet quality < 1e-15      : 0
    faces with concavity > 80  degrees                     : 0
    faces with skewness > 4   (internal) or 20  (boundary) : 0
    faces with interpolation weights (0..1)  < 0.02        : 0
    faces with volume ratio of neighbour cells < 0.01      : 0
    faces with face twist < 0.02                           : 0
    faces on cells with determinant < 0.001                : 0
Successfully moved mesh
Moved mesh in = 0.587038 s



Morph iteration 1
-----------------
Calculating patchDisplacement as distance to nearest surface point ...
Wanted displacement : average:0.01710255199 min:2.347990702e-07 max:0.1056653344
Calculated surface displacement in = 0.088858 s


Detecting near surfaces ...
Overriding nearest with intersection of close gaps at 0 out of 42904 points.
Overriding displacement on features :
   implicit features    : false
   explicit features    : true
   multi-patch features : false

Detected 14 baffle edges out of 84809 edges.
Initially selected 2540 points out of 42904 for reverse attraction.
Selected 6749 points out of 42904 for reverse attraction.
Stringing feature edges : changed 0 points
Attraction:
     linear   : max:(-0.0115859974 0.07061298918 0.07774788298) avg:(0.0002570791944 0.005602159933 4.029437779e-05)
     feature  : max:(0 0 0) avg:(0 0 0)
Feature analysis : total master points:42904 attraction to :
    feature point   : 0
    feature edge    : 0
    nearest surface : 0
    rest            : 42904

--> FOAM Warning : Displacement (-0.0001696304687 0.0003441994232 -0.000452768318) at mesh point 3684 coord (20.39716969 -0.01415083592 -3.598816734) points through the surrounding patch faces
Smoothing displacement ...
Iteration 0
Iteration 10
Iteration 20
Displacement smoothed in = 1.215444 s


Moving mesh ...

Iteration 0
Moving mesh using displacement scaling : min:1  max:1
Checking faces in error :
    non-orthogonality > 65  degrees                        : 0
    faces with face pyramid volume < 1e-13                 : 0
    faces with face-decomposition tet quality < 1e-15      : 2
    faces with concavity > 80  degrees                     : 0
    faces with skewness > 4   (internal) or 20  (boundary) : 0
    faces with interpolation weights (0..1)  < 0.02        : 0
    faces with volume ratio of neighbour cells < 0.01      : 0
    faces with face twist < 0.02                           : 0
    faces on cells with determinant < 0.001                : 0

Iteration 1
Moving mesh using displacement scaling : min:0.75  max:1
Checking faces in error :
    non-orthogonality > 65  degrees                        : 0
    faces with face pyramid volume < 1e-13                 : 0
    faces with face-decomposition tet quality < 1e-15      : 0
    faces with concavity > 80  degrees                     : 0
    faces with skewness > 4   (internal) or 20  (boundary) : 0
    faces with interpolation weights (0..1)  < 0.02        : 0
    faces with volume ratio of neighbour cells < 0.01      : 0
    faces with face twist < 0.02                           : 0
    faces on cells with determinant < 0.001                : 0
Successfully moved mesh
Moved mesh in = 1.209123 s



Morph iteration 2
-----------------
Calculating patchDisplacement as distance to nearest surface point ...
Wanted displacement : average:0.01485199032 min:2.71369512e-07 max:0.1007154744
Calculated surface displacement in = 0.08862 s


Detecting near surfaces ...
Overriding nearest with intersection of close gaps at 0 out of 42904 points.
Overriding displacement on features :
   implicit features    : false
   explicit features    : true
   multi-patch features : false

Detected 14 baffle edges out of 84809 edges.
Initially selected 2542 points out of 42904 for reverse attraction.
Selected 6755 points out of 42904 for reverse attraction.
Stringing feature edges : changed 0 points
Attraction:
     linear   : max:(-0.01104325493 0.06730514549 0.07410580738) avg:(0.0002122497174 0.004505609369 3.309020265e-05)
     feature  : max:(0 0 0) avg:(0 0 0)
Feature analysis : total master points:42904 attraction to :
    feature point   : 0
    feature edge    : 0
    nearest surface : 0
    rest            : 42904

--> FOAM Warning : Displacement (-8.892598225e-05 -5.527330611e-05 8.632476465e-05) at mesh point 57373 coord (17.2528349 2.350894966 1.106410292) points through the surrounding patch faces
Smoothing displacement ...
Iteration 0
Iteration 10
Iteration 20
Displacement smoothed in = 1.402409 s


Moving mesh ...

Iteration 0
Moving mesh using displacement scaling : min:1  max:1
Checking faces in error :
    non-orthogonality > 65  degrees                        : 0
    faces with face pyramid volume < 1e-13                 : 0
    faces with face-decomposition tet quality < 1e-15      : 2
    faces with concavity > 80  degrees                     : 0
    faces with skewness > 4   (internal) or 20  (boundary) : 0
    faces with interpolation weights (0..1)  < 0.02        : 0
    faces with volume ratio of neighbour cells < 0.01      : 0
    faces with face twist < 0.02                           : 0
    faces on cells with determinant < 0.001                : 0

Iteration 1
Moving mesh using displacement scaling : min:0.75  max:1
Checking faces in error :
    non-orthogonality > 65  degrees                        : 0
    faces with face pyramid volume < 1e-13                 : 0
    faces with face-decomposition tet quality < 1e-15      : 2
    faces with concavity > 80  degrees                     : 0
    faces with skewness > 4   (internal) or 20  (boundary) : 0
    faces with interpolation weights (0..1)  < 0.02        : 0
    faces with volume ratio of neighbour cells < 0.01      : 0
    faces with face twist < 0.02                           : 0
    faces on cells with determinant < 0.001                : 0

Iteration 2
Moving mesh using displacement scaling : min:0.5625  max:1
Checking faces in error :
    non-orthogonality > 65  degrees                        : 0
    faces with face pyramid volume < 1e-13                 : 0
    faces with face-decomposition tet quality < 1e-15      : 2
    faces with concavity > 80  degrees                     : 0
    faces with skewness > 4   (internal) or 20  (boundary) : 0
    faces with interpolation weights (0..1)  < 0.02        : 0
    faces with volume ratio of neighbour cells < 0.01      : 0
    faces with face twist < 0.02                           : 0
    faces on cells with determinant < 0.001                : 0

Iteration 3
Moving mesh using displacement scaling : min:0.421875  max:1
Checking faces in error :
    non-orthogonality > 65  degrees                        : 0
    faces with face pyramid volume < 1e-13                 : 0
    faces with face-decomposition tet quality < 1e-15      : 1
    faces with concavity > 80  degrees                     : 0
    faces with skewness > 4   (internal) or 20  (boundary) : 0
    faces with interpolation weights (0..1)  < 0.02        : 0
    faces with volume ratio of neighbour cells < 0.01      : 0
    faces with face twist < 0.02                           : 0
    faces on cells with determinant < 0.001                : 0

Iteration 4
Moving mesh using displacement scaling : min:0.31640625  max:1
Checking faces in error :
    non-orthogonality > 65  degrees                        : 0
    faces with face pyramid volume < 1e-13                 : 0
    faces with face-decomposition tet quality < 1e-15      : 0
    faces with concavity > 80  degrees                     : 0
    faces with skewness > 4   (internal) or 20  (boundary) : 0
    faces with interpolation weights (0..1)  < 0.02        : 0
    faces with volume ratio of neighbour cells < 0.01      : 0
    faces with face twist < 0.02                           : 0
    faces on cells with determinant < 0.001                : 0
Successfully moved mesh
Moved mesh in = 3.293784 s



Morph iteration 3
-----------------
Calculating patchDisplacement as distance to nearest surface point ...
Wanted displacement : average:0.01208637822 min:2.234844611e-06 max:0.09481248693
Calculated surface displacement in = 0.090733 s


Detecting near surfaces ...
Overriding nearest with intersection of close gaps at 0 out of 42904 points.
Overriding displacement on features :
   implicit features    : false
   explicit features    : true
   multi-patch features : false

Detected 12 baffle edges out of 84809 edges.
Initially selected 2534 points out of 42904 for reverse attraction.
Selected 6736 points out of 42904 for reverse attraction.
Stringing feature edges : changed 0 points
Attraction:
     linear   : max:(-0.01324780399 0.05670745846 0.07482090298) avg:(0.0001574248493 0.003184833866 2.440931085e-05)
     feature  : max:(0 0 0) avg:(0 0 0)
Feature analysis : total master points:42904 attraction to :
    feature point   : 0
    feature edge    : 0
    nearest surface : 0
    rest            : 42904

--> FOAM Warning : Displacement (-3.467800514e-05 -0.0002231499918 0.0005236542815) at mesh point 79843 coord (17.47467133 2.345491914 1.107378931) points through the surrounding patch faces
Smoothing displacement ...
Iteration 0
Iteration 10
Iteration 20
Displacement smoothed in = 1.371687 s


Moving mesh ...

Iteration 0
Moving mesh using displacement scaling : min:1  max:1
Checking faces in error :
    non-orthogonality > 65  degrees                        : 0
    faces with face pyramid volume < 1e-13                 : 0
    faces with face-decomposition tet quality < 1e-15      : 6
    faces with concavity > 80  degrees                     : 0
    faces with skewness > 4   (internal) or 20  (boundary) : 0
    faces with interpolation weights (0..1)  < 0.02        : 0
    faces with volume ratio of neighbour cells < 0.01      : 0
    faces with face twist < 0.02                           : 0
    faces on cells with determinant < 0.001                : 0

Iteration 1
Moving mesh using displacement scaling : min:0.75  max:1
Checking faces in error :
    non-orthogonality > 65  degrees                        : 0
    faces with face pyramid volume < 1e-13                 : 0
    faces with face-decomposition tet quality < 1e-15      : 6
    faces with concavity > 80  degrees                     : 0
    faces with skewness > 4   (internal) or 20  (boundary) : 0
    faces with interpolation weights (0..1)  < 0.02        : 0
    faces with volume ratio of neighbour cells < 0.01      : 0
    faces with face twist < 0.02                           : 0
    faces on cells with determinant < 0.001                : 0

Iteration 2
Moving mesh using displacement scaling : min:0.5625  max:1
Checking faces in error :
    non-orthogonality > 65  degrees                        : 0
    faces with face pyramid volume < 1e-13                 : 0
    faces with face-decomposition tet quality < 1e-15      : 4
    faces with concavity > 80  degrees                     : 0
    faces with skewness > 4   (internal) or 20  (boundary) : 0
    faces with interpolation weights (0..1)  < 0.02        : 0
    faces with volume ratio of neighbour cells < 0.01      : 0
    faces with face twist < 0.02                           : 0
    faces on cells with determinant < 0.001                : 0

Iteration 3
Moving mesh using displacement scaling : min:0.421875  max:1
Checking faces in error :
    non-orthogonality > 65  degrees                        : 0
    faces with face pyramid volume < 1e-13                 : 0
    faces with face-decomposition tet quality < 1e-15      : 4
    faces with concavity > 80  degrees                     : 0
    faces with skewness > 4   (internal) or 20  (boundary) : 0
    faces with interpolation weights (0..1)  < 0.02        : 0
    faces with volume ratio of neighbour cells < 0.01      : 0
    faces with face twist < 0.02                           : 0
    faces on cells with determinant < 0.001                : 0

Iteration 4
Moving mesh using displacement scaling : min:0.31640625  max:1
Checking faces in error :
    non-orthogonality > 65  degrees                        : 0
    faces with face pyramid volume < 1e-13                 : 0
    faces with face-decomposition tet quality < 1e-15      : 2
    faces with concavity > 80  degrees                     : 0
    faces with skewness > 4   (internal) or 20  (boundary) : 0
    faces with interpolation weights (0..1)  < 0.02        : 0
    faces with volume ratio of neighbour cells < 0.01      : 0
    faces with face twist < 0.02                           : 0
    faces on cells with determinant < 0.001                : 0

Iteration 5
Displacement scaling for error reduction set to 0.
Moving mesh using displacement scaling : min:0.2373046875  max:1
Checking faces in error :
    non-orthogonality > 65  degrees                        : 0
    faces with face pyramid volume < 1e-13                 : 0
    faces with face-decomposition tet quality < 1e-15      : 2
    faces with concavity > 80  degrees                     : 0
    faces with skewness > 4   (internal) or 20  (boundary) : 0
    faces with interpolation weights (0..1)  < 0.02        : 0
    faces with volume ratio of neighbour cells < 0.01      : 0
    faces with face twist < 0.02                           : 0
    faces on cells with determinant < 0.001                : 0

Iteration 6
Moving mesh using displacement scaling : min:0  max:1
Checking faces in error :
    non-orthogonality > 65  degrees                        : 0
    faces with face pyramid volume < 1e-13                 : 0
    faces with face-decomposition tet quality < 1e-15      : 0
    faces with concavity > 80  degrees                     : 0
    faces with skewness > 4   (internal) or 20  (boundary) : 0
    faces with interpolation weights (0..1)  < 0.02        : 0
    faces with volume ratio of neighbour cells < 0.01      : 0
    faces with face twist < 0.02                           : 0
    faces on cells with determinant < 0.001                : 0
Successfully moved mesh
Moved mesh in = 5.145335 s



Morph iteration 4
-----------------
Calculating patchDisplacement as distance to nearest surface point ...
Wanted displacement : average:0.009217536188 min:1.106822467e-07 max:0.08626282622
Calculated surface displacement in = 0.085953 s


Detecting near surfaces ...
Overriding nearest with intersection of close gaps at 0 out of 42904 points.
Overriding displacement on features :
   implicit features    : false
   explicit features    : true
   multi-patch features : false

Detected 10 baffle edges out of 84809 edges.
Initially selected 2533 points out of 42904 for reverse attraction.
Selected 6746 points out of 42904 for reverse attraction.
Stringing feature edges : changed 0 points
Attraction:
     linear   : max:(-0.01205319099 0.05159389647 0.06807397169) avg:(0.0001022067816 0.001944748424 1.531171799e-05)
     feature  : max:(0 0 0) avg:(0 0 0)
Feature analysis : total master points:42904 attraction to :
    feature point   : 0
    feature edge    : 0
    nearest surface : 0
    rest            : 42904

--> FOAM Warning : Displacement (0.0007755703744 0.0002860464965 -0.0005376573409) at mesh point 29984 coord (18.46543464 2.564215631 -1.405413302) points through the surrounding patch faces
Smoothing displacement ...
Iteration 0
Iteration 10
Iteration 20
Displacement smoothed in = 1.224417 s


Moving mesh ...

Iteration 0
Moving mesh using displacement scaling : min:1  max:1
Checking faces in error :
    non-orthogonality > 65  degrees                        : 0
    faces with face pyramid volume < 1e-13                 : 0
    faces with face-decomposition tet quality < 1e-15      : 6
    faces with concavity > 80  degrees                     : 0
    faces with skewness > 4   (internal) or 20  (boundary) : 0
    faces with interpolation weights (0..1)  < 0.02        : 0
    faces with volume ratio of neighbour cells < 0.01      : 0
    faces with face twist < 0.02                           : 0
    faces on cells with determinant < 0.001                : 0

Iteration 1
Moving mesh using displacement scaling : min:0.75  max:1
Checking faces in error :
    non-orthogonality > 65  degrees                        : 0
    faces with face pyramid volume < 1e-13                 : 0
    faces with face-decomposition tet quality < 1e-15      : 6
    faces with concavity > 80  degrees                     : 0
    faces with skewness > 4   (internal) or 20  (boundary) : 0
    faces with interpolation weights (0..1)  < 0.02        : 0
    faces with volume ratio of neighbour cells < 0.01      : 0
    faces with face twist < 0.02                           : 0
    faces on cells with determinant < 0.001                : 0

Iteration 2
Moving mesh using displacement scaling : min:0.5625  max:1
Checking faces in error :
    non-orthogonality > 65  degrees                        : 0
    faces with face pyramid volume < 1e-13                 : 0
    faces with face-decomposition tet quality < 1e-15      : 6
    faces with concavity > 80  degrees                     : 0
    faces with skewness > 4   (internal) or 20  (boundary) : 0
    faces with interpolation weights (0..1)  < 0.02        : 0
    faces with volume ratio of neighbour cells < 0.01      : 0
    faces with face twist < 0.02                           : 0
    faces on cells with determinant < 0.001                : 0

Iteration 3
Moving mesh using displacement scaling : min:0.421875  max:1
Checking faces in error :
    non-orthogonality > 65  degrees                        : 0
    faces with face pyramid volume < 1e-13                 : 0
    faces with face-decomposition tet quality < 1e-15      : 6
    faces with concavity > 80  degrees                     : 0
    faces with skewness > 4   (internal) or 20  (boundary) : 0
    faces with interpolation weights (0..1)  < 0.02        : 0
    faces with volume ratio of neighbour cells < 0.01      : 0
    faces with face twist < 0.02                           : 0
    faces on cells with determinant < 0.001                : 0

Iteration 4
Moving mesh using displacement scaling : min:0.31640625  max:1
Checking faces in error :
    non-orthogonality > 65  degrees                        : 0
    faces with face pyramid volume < 1e-13                 : 0
    faces with face-decomposition tet quality < 1e-15      : 6
    faces with concavity > 80  degrees                     : 0
    faces with skewness > 4   (internal) or 20  (boundary) : 0
    faces with interpolation weights (0..1)  < 0.02        : 0
    faces with volume ratio of neighbour cells < 0.01      : 0
    faces with face twist < 0.02                           : 0
    faces on cells with determinant < 0.001                : 0

Iteration 5
Displacement scaling for error reduction set to 0.
Moving mesh using displacement scaling : min:0.2373046875  max:1
Checking faces in error :
    non-orthogonality > 65  degrees                        : 0
    faces with face pyramid volume < 1e-13                 : 0
    faces with face-decomposition tet quality < 1e-15      : 6
    faces with concavity > 80  degrees                     : 0
    faces with skewness > 4   (internal) or 20  (boundary) : 0
    faces with interpolation weights (0..1)  < 0.02        : 0
    faces with volume ratio of neighbour cells < 0.01      : 0
    faces with face twist < 0.02                           : 0
    faces on cells with determinant < 0.001                : 0

Iteration 6
Moving mesh using displacement scaling : min:0  max:1
Checking faces in error :
    non-orthogonality > 65  degrees                        : 0
    faces with face pyramid volume < 1e-13                 : 0
    faces with face-decomposition tet quality < 1e-15      : 0
    faces with concavity > 80  degrees                     : 0
    faces with skewness > 4   (internal) or 20  (boundary) : 0
    faces with interpolation weights (0..1)  < 0.02        : 0
    faces with volume ratio of neighbour cells < 0.01      : 0
    faces with face twist < 0.02                           : 0
    faces on cells with determinant < 0.001                : 0
Successfully moved mesh
Moved mesh in = 4.729199 s



Morph iteration 5
-----------------
Calculating patchDisplacement as distance to nearest surface point ...
Wanted displacement : average:0.006472583814 min:3.27896978e-07 max:0.07478279745
Calculated surface displacement in = 0.088844 s


Detecting near surfaces ...
Overriding nearest with intersection of close gaps at 0 out of 42904 points.
Overriding displacement on features :
   implicit features    : false
   explicit features    : true
   multi-patch features : false

Detected 6 baffle edges out of 84809 edges.
Initially selected 2521 points out of 42904 for reverse attraction.
Selected 6727 points out of 42904 for reverse attraction.
Stringing feature edges : changed 0 points
Attraction:
     linear   : max:(-0.01044912832 0.04472767794 0.05901455192) avg:(5.626249809e-05 0.00100576398 7.285334266e-06)
     feature  : max:(0 0 0) avg:(0 0 0)
Feature analysis : total master points:42904 attraction to :
    feature point   : 0
    feature edge    : 0
    nearest surface : 0
    rest            : 42904

--> FOAM Warning : Displacement (-5.605001623e-05 0.0003049844485 0.000127789213) at mesh point 95464 coord (9.704336148 -1.119815241 0.6206243609) points through the surrounding patch faces
Smoothing displacement ...
Iteration 0
Iteration 10
Iteration 20
Displacement smoothed in = 0.983645 s


Moving mesh ...

Iteration 0
Moving mesh using displacement scaling : min:1  max:1
Checking faces in error :
    non-orthogonality > 65  degrees                        : 0
    faces with face pyramid volume < 1e-13                 : 0
    faces with face-decomposition tet quality < 1e-15      : 6
    faces with concavity > 80  degrees                     : 0
    faces with skewness > 4   (internal) or 20  (boundary) : 0
    faces with interpolation weights (0..1)  < 0.02        : 0
    faces with volume ratio of neighbour cells < 0.01      : 0
    faces with face twist < 0.02                           : 0
    faces on cells with determinant < 0.001                : 0

Iteration 1
Moving mesh using displacement scaling : min:0.75  max:1
Checking faces in error :
    non-orthogonality > 65  degrees                        : 0
    faces with face pyramid volume < 1e-13                 : 0
    faces with face-decomposition tet quality < 1e-15      : 6
    faces with concavity > 80  degrees                     : 0
    faces with skewness > 4   (internal) or 20  (boundary) : 0
    faces with interpolation weights (0..1)  < 0.02        : 0
    faces with volume ratio of neighbour cells < 0.01      : 0
    faces with face twist < 0.02                           : 0
    faces on cells with determinant < 0.001                : 0

Iteration 2
Moving mesh using displacement scaling : min:0.5625  max:1
Checking faces in error :
    non-orthogonality > 65  degrees                        : 0
    faces with face pyramid volume < 1e-13                 : 0
    faces with face-decomposition tet quality < 1e-15      : 6
    faces with concavity > 80  degrees                     : 0
    faces with skewness > 4   (internal) or 20  (boundary) : 0
    faces with interpolation weights (0..1)  < 0.02        : 0
    faces with volume ratio of neighbour cells < 0.01      : 0
    faces with face twist < 0.02                           : 0
    faces on cells with determinant < 0.001                : 0

Iteration 3
Moving mesh using displacement scaling : min:0.421875  max:1
Checking faces in error :
    non-orthogonality > 65  degrees                        : 0
    faces with face pyramid volume < 1e-13                 : 0
    faces with face-decomposition tet quality < 1e-15      : 6
    faces with concavity > 80  degrees                     : 0
    faces with skewness > 4   (internal) or 20  (boundary) : 0
    faces with interpolation weights (0..1)  < 0.02        : 0
    faces with volume ratio of neighbour cells < 0.01      : 0
    faces with face twist < 0.02                           : 0
    faces on cells with determinant < 0.001                : 0

Iteration 4
Moving mesh using displacement scaling : min:0.31640625  max:1
Checking faces in error :
    non-orthogonality > 65  degrees                        : 0
    faces with face pyramid volume < 1e-13                 : 0
    faces with face-decomposition tet quality < 1e-15      : 6
    faces with concavity > 80  degrees                     : 0
    faces with skewness > 4   (internal) or 20  (boundary) : 0
    faces with interpolation weights (0..1)  < 0.02        : 0
    faces with volume ratio of neighbour cells < 0.01      : 0
    faces with face twist < 0.02                           : 0
    faces on cells with determinant < 0.001                : 0

Iteration 5
Displacement scaling for error reduction set to 0.
Moving mesh using displacement scaling : min:0.2373046875  max:1
Checking faces in error :
    non-orthogonality > 65  degrees                        : 0
    faces with face pyramid volume < 1e-13                 : 0
    faces with face-decomposition tet quality < 1e-15      : 6
    faces with concavity > 80  degrees                     : 0
    faces with skewness > 4   (internal) or 20  (boundary) : 0
    faces with interpolation weights (0..1)  < 0.02        : 0
    faces with volume ratio of neighbour cells < 0.01      : 0
    faces with face twist < 0.02                           : 0
    faces on cells with determinant < 0.001                : 0

Iteration 6
Moving mesh using displacement scaling : min:0  max:1
Checking faces in error :
    non-orthogonality > 65  degrees                        : 0
    faces with face pyramid volume < 1e-13                 : 0
    faces with face-decomposition tet quality < 1e-15      : 0
    faces with concavity > 80  degrees                     : 0
    faces with skewness > 4   (internal) or 20  (boundary) : 0
    faces with interpolation weights (0..1)  < 0.02        : 0
    faces with volume ratio of neighbour cells < 0.01      : 0
    faces with face twist < 0.02                           : 0
    faces on cells with determinant < 0.001                : 0
Successfully moved mesh
Moved mesh in = 5.212724 s



Morph iteration 6
-----------------
Calculating patchDisplacement as distance to nearest surface point ...
Wanted displacement : average:0.00400221943 min:1.475733197e-07 max:0.06081384851
Calculated surface displacement in = 0.084327 s


Detecting near surfaces ...
Overriding nearest with intersection of close gaps at 0 out of 42904 points.
Overriding displacement on features :
   implicit features    : false
   explicit features    : true
   multi-patch features : false

Detected 6 baffle edges out of 84809 edges.
Initially selected 2530 points out of 42904 for reverse attraction.
Selected 6733 points out of 42904 for reverse attraction.
Stringing feature edges : changed 0 points
Attraction:
     linear   : max:(-0.008497297889 0.03637283337 0.04799101053) avg:(2.541457645e-05 0.0004296830475 2.829136733e-06)
     feature  : max:(0 0 0) avg:(0 0 0)
Feature analysis : total master points:42904 attraction to :
    feature point   : 0
    feature edge    : 0
    nearest surface : 0
    rest            : 42904

--> FOAM Warning : Displacement (-0.0001961837894 0.0003844440435 0.0006998388458) at mesh point 95464 coord (9.704280098 -1.119510257 0.6207521502) points through the surrounding patch faces
Smoothing displacement ...
Iteration 0
Iteration 10
Iteration 20
Displacement smoothed in = 1.022041 s


Moving mesh ...

Iteration 0
Moving mesh using displacement scaling : min:1  max:1
Checking faces in error :
    non-orthogonality > 65  degrees                        : 1
    faces with face pyramid volume < 1e-13                 : 0
    faces with face-decomposition tet quality < 1e-15      : 8
    faces with concavity > 80  degrees                     : 0
    faces with skewness > 4   (internal) or 20  (boundary) : 0
    faces with interpolation weights (0..1)  < 0.02        : 0
    faces with volume ratio of neighbour cells < 0.01      : 0
    faces with face twist < 0.02                           : 0
    faces on cells with determinant < 0.001                : 0

Iteration 1
Moving mesh using displacement scaling : min:0.75  max:1
Checking faces in error :
    non-orthogonality > 65  degrees                        : 1
    faces with face pyramid volume < 1e-13                 : 0
    faces with face-decomposition tet quality < 1e-15      : 6
    faces with concavity > 80  degrees                     : 0
    faces with skewness > 4   (internal) or 20  (boundary) : 0
    faces with interpolation weights (0..1)  < 0.02        : 0
    faces with volume ratio of neighbour cells < 0.01      : 0
    faces with face twist < 0.02                           : 1
    faces on cells with determinant < 0.001                : 0

Iteration 2
Moving mesh using displacement scaling : min:0.5625  max:1
Checking faces in error :
    non-orthogonality > 65  degrees                        : 1
    faces with face pyramid volume < 1e-13                 : 0
    faces with face-decomposition tet quality < 1e-15      : 6
    faces with concavity > 80  degrees                     : 0
    faces with skewness > 4   (internal) or 20  (boundary) : 0
    faces with interpolation weights (0..1)  < 0.02        : 0
    faces with volume ratio of neighbour cells < 0.01      : 0
    faces with face twist < 0.02                           : 0
    faces on cells with determinant < 0.001                : 0

Iteration 3
Moving mesh using displacement scaling : min:0.421875  max:1
Checking faces in error :
    non-orthogonality > 65  degrees                        : 1
    faces with face pyramid volume < 1e-13                 : 0
    faces with face-decomposition tet quality < 1e-15      : 6
    faces with concavity > 80  degrees                     : 0
    faces with skewness > 4   (internal) or 20  (boundary) : 0
    faces with interpolation weights (0..1)  < 0.02        : 0
    faces with volume ratio of neighbour cells < 0.01      : 0
    faces with face twist < 0.02                           : 0
    faces on cells with determinant < 0.001                : 0

Iteration 4
Moving mesh using displacement scaling : min:0.31640625  max:1
Checking faces in error :
    non-orthogonality > 65  degrees                        : 1
    faces with face pyramid volume < 1e-13                 : 0
    faces with face-decomposition tet quality < 1e-15      : 6
    faces with concavity > 80  degrees                     : 0
    faces with skewness > 4   (internal) or 20  (boundary) : 0
    faces with interpolation weights (0..1)  < 0.02        : 0
    faces with volume ratio of neighbour cells < 0.01      : 0
    faces with face twist < 0.02                           : 0
    faces on cells with determinant < 0.001                : 0

Iteration 5
Displacement scaling for error reduction set to 0.
Moving mesh using displacement scaling : min:0.2373046875  max:1
Checking faces in error :
    non-orthogonality > 65  degrees                        : 1
    faces with face pyramid volume < 1e-13                 : 0
    faces with face-decomposition tet quality < 1e-15      : 6
    faces with concavity > 80  degrees                     : 0
    faces with skewness > 4   (internal) or 20  (boundary) : 0
    faces with interpolation weights (0..1)  < 0.02        : 0
    faces with volume ratio of neighbour cells < 0.01      : 0
    faces with face twist < 0.02                           : 0
    faces on cells with determinant < 0.001                : 0

Iteration 6
Moving mesh using displacement scaling : min:0  max:1
Checking faces in error :
    non-orthogonality > 65  degrees                        : 0
    faces with face pyramid volume < 1e-13                 : 0
    faces with face-decomposition tet quality < 1e-15      : 0
    faces with concavity > 80  degrees                     : 0
    faces with skewness > 4   (internal) or 20  (boundary) : 0
    faces with interpolation weights (0..1)  < 0.02        : 0
    faces with volume ratio of neighbour cells < 0.01      : 0
    faces with face twist < 0.02                           : 0
    faces on cells with determinant < 0.001                : 0
Successfully moved mesh
Moved mesh in = 5.153864 s



Morph iteration 7
-----------------
Calculating patchDisplacement as distance to nearest surface point ...
Wanted displacement : average:0.002037513073 min:7.583346596e-08 max:0.0456644452
Calculated surface displacement in = 0.083339 s


Detecting near surfaces ...
Overriding nearest with intersection of close gaps at 0 out of 42904 points.
Overriding displacement on features :
   implicit features    : false
   explicit features    : true
   multi-patch features : false

Detected 2 baffle edges out of 84809 edges.
Initially selected 2527 points out of 42904 for reverse attraction.
Selected 6725 points out of 42904 for reverse attraction.
Stringing feature edges : changed 0 points
Attraction:
     linear   : max:(-0.006380526859 0.02731195767 0.03603591821) avg:(8.042118825e-06 0.0001510100223 9.232125922e-07)
     feature  : max:(0 0 0) avg:(0 0 0)
Feature analysis : total master points:42904 attraction to :
    feature point   : 0
    feature edge    : 0
    nearest surface : 0
    rest            : 42904

--> FOAM Warning : Displacement (-0.000232172762 0.0003158823129 0.0008853970609) at mesh point 95464 coord (9.704083914 -1.119125813 0.621451989) points through the surrounding patch faces
Smoothing displacement ...
Iteration 0
Iteration 10
Iteration 20
Displacement smoothed in = 0.986066 s


Moving mesh ...

Iteration 0
Moving mesh using displacement scaling : min:1  max:1
Checking faces in error :
    non-orthogonality > 65  degrees                        : 1
    faces with face pyramid volume < 1e-13                 : 0
    faces with face-decomposition tet quality < 1e-15      : 37
    faces with concavity > 80  degrees                     : 0
    faces with skewness > 4   (internal) or 20  (boundary) : 0
    faces with interpolation weights (0..1)  < 0.02        : 0
    faces with volume ratio of neighbour cells < 0.01      : 0
    faces with face twist < 0.02                           : 4
    faces on cells with determinant < 0.001                : 0

Iteration 1
Moving mesh using displacement scaling : min:0.75  max:1
Checking faces in error :
    non-orthogonality > 65  degrees                        : 1
    faces with face pyramid volume < 1e-13                 : 0
    faces with face-decomposition tet quality < 1e-15      : 15
    faces with concavity > 80  degrees                     : 0
    faces with skewness > 4   (internal) or 20  (boundary) : 0
    faces with interpolation weights (0..1)  < 0.02        : 0
    faces with volume ratio of neighbour cells < 0.01      : 0
    faces with face twist < 0.02                           : 6
    faces on cells with determinant < 0.001                : 0

Iteration 2
Moving mesh using displacement scaling : min:0.5625  max:1
Checking faces in error :
    non-orthogonality > 65  degrees                        : 1
    faces with face pyramid volume < 1e-13                 : 0
    faces with face-decomposition tet quality < 1e-15      : 13
    faces with concavity > 80  degrees                     : 0
    faces with skewness > 4   (internal) or 20  (boundary) : 0
    faces with interpolation weights (0..1)  < 0.02        : 0
    faces with volume ratio of neighbour cells < 0.01      : 0
    faces with face twist < 0.02                           : 3
    faces on cells with determinant < 0.001                : 0

Iteration 3
Moving mesh using displacement scaling : min:0.421875  max:1
Checking faces in error :
    non-orthogonality > 65  degrees                        : 1
    faces with face pyramid volume < 1e-13                 : 0
    faces with face-decomposition tet quality < 1e-15      : 10
    faces with concavity > 80  degrees                     : 0
    faces with skewness > 4   (internal) or 20  (boundary) : 0
    faces with interpolation weights (0..1)  < 0.02        : 0
    faces with volume ratio of neighbour cells < 0.01      : 0
    faces with face twist < 0.02                           : 3
    faces on cells with determinant < 0.001                : 0

Iteration 4
Moving mesh using displacement scaling : min:0.31640625  max:1
Checking faces in error :
    non-orthogonality > 65  degrees                        : 1
    faces with face pyramid volume < 1e-13                 : 0
    faces with face-decomposition tet quality < 1e-15      : 9
    faces with concavity > 80  degrees                     : 0
    faces with skewness > 4   (internal) or 20  (boundary) : 0
    faces with interpolation weights (0..1)  < 0.02        : 0
    faces with volume ratio of neighbour cells < 0.01      : 0
    faces with face twist < 0.02                           : 3
    faces on cells with determinant < 0.001                : 0

Iteration 5
Displacement scaling for error reduction set to 0.
Moving mesh using displacement scaling : min:0.2373046875  max:1
Checking faces in error :
    non-orthogonality > 65  degrees                        : 1
    faces with face pyramid volume < 1e-13                 : 0
    faces with face-decomposition tet quality < 1e-15      : 8
    faces with concavity > 80  degrees                     : 0
    faces with skewness > 4   (internal) or 20  (boundary) : 0
    faces with interpolation weights (0..1)  < 0.02        : 0
    faces with volume ratio of neighbour cells < 0.01      : 0
    faces with face twist < 0.02                           : 2
    faces on cells with determinant < 0.001                : 0

Iteration 6
Moving mesh using displacement scaling : min:0  max:1
Checking faces in error :
    non-orthogonality > 65  degrees                        : 0
    faces with face pyramid volume < 1e-13                 : 0
    faces with face-decomposition tet quality < 1e-15      : 0
    faces with concavity > 80  degrees                     : 0
    faces with skewness > 4   (internal) or 20  (boundary) : 0
    faces with interpolation weights (0..1)  < 0.02        : 0
    faces with volume ratio of neighbour cells < 0.01      : 0
    faces with face twist < 0.02                           : 0
    faces on cells with determinant < 0.001                : 0
Successfully moved mesh
Moved mesh in = 5.027577 s



Morph iteration 8
-----------------
Calculating patchDisplacement as distance to nearest surface point ...
Wanted displacement : average:0.0007784294162 min:2.17693002e-08 max:0.03625983056
Calculated surface displacement in = 0.08507 s


Detecting near surfaces ...
Overriding nearest with intersection of close gaps at 1 out of 42904 points.
Overriding displacement on features :
   implicit features    : false
   explicit features    : true
   multi-patch features : false

Detected 2 baffle edges out of 84809 edges.
Initially selected 2527 points out of 42904 for reverse attraction.
Selected 6724 points out of 42904 for reverse attraction.
Stringing feature edges : changed 0 points
Attraction:
     linear   : max:(0.006022029764 0.03554543001 -0.003877225168) avg:(5.22495152e-07 4.723973058e-05 3.696209691e-07)
     feature  : max:(0 0 0) avg:(0 0 0)
Feature analysis : total master points:42904 attraction to :
    feature point   : 0
    feature edge    : 0
    nearest surface : 0
    rest            : 42904

--> FOAM Warning : Displacement (-0.0002373886604 0.0002487653593 0.0009236135022) at mesh point 95464 coord (9.703953317 -1.118948129 0.6219500249) points through the surrounding patch faces
Smoothing displacement ...
Iteration 0
Iteration 10
Iteration 20
Displacement smoothed in = 1.001216 s


Moving mesh ...

Iteration 0
Moving mesh using displacement scaling : min:1  max:1
Checking faces in error :
    non-orthogonality > 65  degrees                        : 1
    faces with face pyramid volume < 1e-13                 : 1
    faces with face-decomposition tet quality < 1e-15      : 85
    faces with concavity > 80  degrees                     : 0
    faces with skewness > 4   (internal) or 20  (boundary) : 0
    faces with interpolation weights (0..1)  < 0.02        : 0
    faces with volume ratio of neighbour cells < 0.01      : 0
    faces with face twist < 0.02                           : 5
    faces on cells with determinant < 0.001                : 0

Iteration 1
Moving mesh using displacement scaling : min:0.75  max:1
Checking faces in error :
    non-orthogonality > 65  degrees                        : 1
    faces with face pyramid volume < 1e-13                 : 0
    faces with face-decomposition tet quality < 1e-15      : 76
    faces with concavity > 80  degrees                     : 0
    faces with skewness > 4   (internal) or 20  (boundary) : 0
    faces with interpolation weights (0..1)  < 0.02        : 0
    faces with volume ratio of neighbour cells < 0.01      : 0
    faces with face twist < 0.02                           : 4
    faces on cells with determinant < 0.001                : 0

Iteration 2
Moving mesh using displacement scaling : min:0.5625  max:1
Checking faces in error :
    non-orthogonality > 65  degrees                        : 1
    faces with face pyramid volume < 1e-13                 : 0
    faces with face-decomposition tet quality < 1e-15      : 70
    faces with concavity > 80  degrees                     : 0
    faces with skewness > 4   (internal) or 20  (boundary) : 0
    faces with interpolation weights (0..1)  < 0.02        : 0
    faces with volume ratio of neighbour cells < 0.01      : 0
    faces with face twist < 0.02                           : 5
    faces on cells with determinant < 0.001                : 0

Iteration 3
Moving mesh using displacement scaling : min:0.421875  max:1
Checking faces in error :
    non-orthogonality > 65  degrees                        : 1
    faces with face pyramid volume < 1e-13                 : 0
    faces with face-decomposition tet quality < 1e-15      : 61
    faces with concavity > 80  degrees                     : 0
    faces with skewness > 4   (internal) or 20  (boundary) : 0
    faces with interpolation weights (0..1)  < 0.02        : 0
    faces with volume ratio of neighbour cells < 0.01      : 0
    faces with face twist < 0.02                           : 8
    faces on cells with determinant < 0.001                : 0

Iteration 4
Moving mesh using displacement scaling : min:0.31640625  max:1
Checking faces in error :
    non-orthogonality > 65  degrees                        : 1
    faces with face pyramid volume < 1e-13                 : 0
    faces with face-decomposition tet quality < 1e-15      : 51
    faces with concavity > 80  degrees                     : 0
    faces with skewness > 4   (internal) or 20  (boundary) : 0
    faces with interpolation weights (0..1)  < 0.02        : 0
    faces with volume ratio of neighbour cells < 0.01      : 0
    faces with face twist < 0.02                           : 11
    faces on cells with determinant < 0.001                : 0

Iteration 5
Displacement scaling for error reduction set to 0.
Moving mesh using displacement scaling : min:0.2373046875  max:1
Checking faces in error :
    non-orthogonality > 65  degrees                        : 1
    faces with face pyramid volume < 1e-13                 : 0
    faces with face-decomposition tet quality < 1e-15      : 37
    faces with concavity > 80  degrees                     : 0
    faces with skewness > 4   (internal) or 20  (boundary) : 0
    faces with interpolation weights (0..1)  < 0.02        : 0
    faces with volume ratio of neighbour cells < 0.01      : 0
    faces with face twist < 0.02                           : 12
    faces on cells with determinant < 0.001                : 0

Iteration 6
Moving mesh using displacement scaling : min:0  max:1
Checking faces in error :
    non-orthogonality > 65  degrees                        : 0
    faces with face pyramid volume < 1e-13                 : 0
    faces with face-decomposition tet quality < 1e-15      : 0
    faces with concavity > 80  degrees                     : 0
    faces with skewness > 4   (internal) or 20  (boundary) : 0
    faces with interpolation weights (0..1)  < 0.02        : 0
    faces with volume ratio of neighbour cells < 0.01      : 0
    faces with face twist < 0.02                           : 0
    faces on cells with determinant < 0.001                : 0
Successfully moved mesh
Moved mesh in = 5.586308 s



Morph iteration 9
-----------------
Calculating patchDisplacement as distance to nearest surface point ...
Wanted displacement : average:0.0002141179764 min:1.062808203e-08 max:0.03625983056
Calculated surface displacement in = 0.085068 s


Detecting near surfaces ...
Overriding nearest with intersection of close gaps at 2 out of 42904 points.
Overriding displacement on features :
   implicit features    : false
   explicit features    : true
   multi-patch features : false

Detected 2 baffle edges out of 84809 edges.
Initially selected 2527 points out of 42904 for reverse attraction.
Selected 6724 points out of 42904 for reverse attraction.
Stringing feature edges : changed 0 points
Attraction:
     linear   : max:(0.006022029764 0.03554543001 -0.003877225168) avg:(-1.114225785e-06 1.616256409e-05 -1.583783044e-08)
     feature  : max:(0 0 0) avg:(0 0 0)
Feature analysis : total master points:42904 attraction to :
    feature point   : 0
    feature edge    : 0
    nearest surface : 0
    rest            : 42904

--> FOAM Warning : Displacement (-0.0002732210841 -0.0002761856638 0.001283828391) at mesh point 95464 coord (9.703953317 -1.118948129 0.6219500249) points through the surrounding patch faces
Smoothing displacement ...
Iteration 0
Iteration 10
Iteration 20
Displacement smoothed in = 1.133991 s


Moving mesh ...

Iteration 0
Moving mesh using displacement scaling : min:1  max:1
Checking faces in error :
    non-orthogonality > 65  degrees                        : 1
    faces with face pyramid volume < 1e-13                 : 2
    faces with face-decomposition tet quality < 1e-15      : 91
    faces with concavity > 80  degrees                     : 0
    faces with skewness > 4   (internal) or 20  (boundary) : 0
    faces with interpolation weights (0..1)  < 0.02        : 0
    faces with volume ratio of neighbour cells < 0.01      : 0
    faces with face twist < 0.02                           : 5
    faces on cells with determinant < 0.001                : 0

Iteration 1
Moving mesh using displacement scaling : min:0.75  max:1
Checking faces in error :
    non-orthogonality > 65  degrees                        : 1
    faces with face pyramid volume < 1e-13                 : 0
    faces with face-decomposition tet quality < 1e-15      : 89
    faces with concavity > 80  degrees                     : 0
    faces with skewness > 4   (internal) or 20  (boundary) : 0
    faces with interpolation weights (0..1)  < 0.02        : 0
    faces with volume ratio of neighbour cells < 0.01      : 0
    faces with face twist < 0.02                           : 5
    faces on cells with determinant < 0.001                : 0

Iteration 2
Moving mesh using displacement scaling : min:0.5625  max:1
Checking faces in error :
    non-orthogonality > 65  degrees                        : 1
    faces with face pyramid volume < 1e-13                 : 0
    faces with face-decomposition tet quality < 1e-15      : 82
    faces with concavity > 80  degrees                     : 0
    faces with skewness > 4   (internal) or 20  (boundary) : 0
    faces with interpolation weights (0..1)  < 0.02        : 0
    faces with volume ratio of neighbour cells < 0.01      : 0
    faces with face twist < 0.02                           : 8
    faces on cells with determinant < 0.001                : 0

Iteration 3
Moving mesh using displacement scaling : min:0.421875  max:1
Checking faces in error :
    non-orthogonality > 65  degrees                        : 1
    faces with face pyramid volume < 1e-13                 : 0
    faces with face-decomposition tet quality < 1e-15      : 78
    faces with concavity > 80  degrees                     : 0
    faces with skewness > 4   (internal) or 20  (boundary) : 0
    faces with interpolation weights (0..1)  < 0.02        : 0
    faces with volume ratio of neighbour cells < 0.01      : 0
    faces with face twist < 0.02                           : 9
    faces on cells with determinant < 0.001                : 0

Iteration 4
Moving mesh using displacement scaling : min:0.31640625  max:1
Checking faces in error :
    non-orthogonality > 65  degrees                        : 1
    faces with face pyramid volume < 1e-13                 : 0
    faces with face-decomposition tet quality < 1e-15      : 73
    faces with concavity > 80  degrees                     : 0
    faces with skewness > 4   (internal) or 20  (boundary) : 0
    faces with interpolation weights (0..1)  < 0.02        : 0
    faces with volume ratio of neighbour cells < 0.01      : 0
    faces with face twist < 0.02                           : 12
    faces on cells with determinant < 0.001                : 0

Iteration 5
Displacement scaling for error reduction set to 0.
Moving mesh using displacement scaling : min:0.2373046875  max:1
Checking faces in error :
    non-orthogonality > 65  degrees                        : 1
    faces with face pyramid volume < 1e-13                 : 0
    faces with face-decomposition tet quality < 1e-15      : 68
    faces with concavity > 80  degrees                     : 0
    faces with skewness > 4   (internal) or 20  (boundary) : 0
    faces with interpolation weights (0..1)  < 0.02        : 0
    faces with volume ratio of neighbour cells < 0.01      : 0
    faces with face twist < 0.02                           : 15
    faces on cells with determinant < 0.001                : 0

Iteration 6
Moving mesh using displacement scaling : min:0  max:1
Checking faces in error :
    non-orthogonality > 65  degrees                        : 0
    faces with face pyramid volume < 1e-13                 : 0
    faces with face-decomposition tet quality < 1e-15      : 0
    faces with concavity > 80  degrees                     : 0
    faces with skewness > 4   (internal) or 20  (boundary) : 0
    faces with interpolation weights (0..1)  < 0.02        : 0
    faces with volume ratio of neighbour cells < 0.01      : 0
    faces with face twist < 0.02                           : 0
    faces on cells with determinant < 0.001                : 0
Successfully moved mesh
Moved mesh in = 5.618207 s


Repatching faces according to nearest surface ...
Repatched 0 faces in = 0.210238 s


Edge intersection testing:
    Number of edges             : 407503
    Number of edges to retest   : 139528
    Number of intersected edges : 41909
Merging 12750 sets of faces.

Edge intersection testing:
    Number of edges             : 390442
    Number of edges to retest   : 51644
    Number of intersected edges : 24828

Undo iteration 0
----------------
Checking faces in error :
    non-orthogonality > 65  degrees                        : 0
    faces with face pyramid volume < 1e-13                 : 0
    faces with face-decomposition tet quality < 1e-15      : 2
    faces with concavity > 80  degrees                     : 0
    faces with skewness > 4   (internal) or 20  (boundary) : 0
    faces with interpolation weights (0..1)  < 0.02        : 0
    faces with volume ratio of neighbour cells < 0.01      : 0
    faces with face twist < 0.02                           : 0
    faces on cells with determinant < 0.001                : 0
Masters that need to be restored:3
Edge intersection testing:
    Number of edges             : 390450
    Number of edges to retest   : 23
    Number of intersected edges : 24836


Undo iteration 1
----------------
Checking faces in error :
    non-orthogonality > 65  degrees                        : 0
    faces with face pyramid volume < 1e-13                 : 0
    faces with face-decomposition tet quality < 1e-15      : 0
    faces with concavity > 80  degrees                     : 0
    faces with skewness > 4   (internal) or 20  (boundary) : 0
    faces with interpolation weights (0..1)  < 0.02        : 0
    faces with volume ratio of neighbour cells < 0.01      : 0
    faces with face twist < 0.02                           : 0
    faces on cells with determinant < 0.001                : 0

Merging all points on surface that
- are used by only two boundary faces and
- make an angle with a cosine of more than 0.8660254038.

Removing 8385 straight edge points ...

Edge intersection testing:
    Number of edges             : 390450
    Number of edges to retest   : 45529
    Number of intersected edges : 24825

Undo iteration 0
----------------
Checking faces in error :
    non-orthogonality > 65  degrees                        : 0
    faces with face pyramid volume < 1e-13                 : 0
    faces with face-decomposition tet quality < 1e-15      : 0
    faces with concavity > 80  degrees                     : 0
    faces with skewness > 4   (internal) or 20  (boundary) : 0
    faces with interpolation weights (0..1)  < 0.02        : 0
    faces with volume ratio of neighbour cells < 0.01      : 0
    faces with face twist < 0.02                           : 0
    faces on cells with determinant < 0.001                : 0
Snapped mesh : cells:120032  faces:390450  points:155767
Cells per refinement level:
    0	8909
    1	16151
    2	65903
    3	29069
Writing mesh to time constant
Wrote mesh in = 5.483247 s.
Mesh snapped in = 64.930302 s.
Checking final mesh ...
Checking faces in error :
    non-orthogonality > 65  degrees                        : 0
    faces with face pyramid volume < 1e-13                 : 0
    faces with face-decomposition tet quality < 1e-15      : 0
    faces with concavity > 80  degrees                     : 0
    faces with skewness > 4   (internal) or 20  (boundary) : 0
    faces with interpolation weights (0..1)  < 0.02        : 0
    faces with volume ratio of neighbour cells < 0.01      : 0
    faces with face twist < 0.02                           : 0
    faces on cells with determinant < 0.001                : 0
Finished meshing without any errors
Finished meshing in = 95.902506 s.
End

