/*---------------------------------------------------------------------------*\
  =========                 |
  \\      /  F ield         | OpenFOAM: The Open Source CFD Toolbox
   \\    /   O peration     | Website:  https://openfoam.org
    \\  /    A nd           | Version:  13
     \\/     M anipulation  |
\*---------------------------------------------------------------------------*/
Build  : 13-441953dfbb42
Exec   : blockMesh
Date   : Apr 24 2026
Time   : 09:25:25
Host   : "DESKTOP-NKIGO8J"
PID    : 2559
I/O    : uncollated
Case   : /mnt/c/Users/СЂСЃ/Desktop/bulbop2/bulbai2/projects/case-c8f6a7a7/working/night_optimization/foam_candidates/candidate-30315050/working/openfoam_case
nProcs : 1
sigFpe : Enabling floating point exception trapping (FOAM_SIGFPE).
fileModificationChecking : Monitoring run-time modified files using timeStampMaster (fileModificationSkew 10)
allowSystemOperations : Allowing user-supplied system call operations

// * * * * * * * * * * * * * * * * * * * * * * * * * * * * * * * * * * * * * //
Create time

Reading "blockMeshDict"

Creating block mesh from
    "system/blockMeshDict"
No non-linear block edges defined
No non-planar block faces defined
Creating topology blocks
Creating topology patches

Creating block mesh topology

Basic statistics
    Number of internal faces : 0
    Number of boundary faces : 6
    Number of defined boundary faces : 6
    Number of undefined boundary faces : 0

Checking topology
Creating block offsets
Creating merge list .

Creating polyMesh from blockMesh
Creating patches
Creating cells
Creating points with scale 1
    Block 0 cell size :
        i : 0.9 .. 0.9
        j : 0.6 .. 0.6
        k : 0.6

No patch pairs to merge

Writing polyMesh
----------------
Mesh Information
----------------
  boundingBox: (-12 -6 -6) (24 6 6)
  nPoints: 18081
  nCells: 16000
  nFaces: 50000
  nInternalFaces: 46000
----------------
Patches
----------------
  patch 0 (start: 46000 size: 400) name: inlet
  patch 1 (start: 46400 size: 400) name: outlet
  patch 2 (start: 46800 size: 3200) name: farField

End

