/*---------------------------------------------------------------------------*\
  =========                 |
  \\      /  F ield         | OpenFOAM: The Open Source CFD Toolbox
   \\    /   O peration     | Website:  https://openfoam.org
    \\  /    A nd           | Version:  13
     \\/     M anipulation  |
\*---------------------------------------------------------------------------*/
Build  : 13-441953dfbb42
Exec   : checkMesh
Date   : Apr 24 2026
Time   : 09:27:03
Host   : "DESKTOP-NKIGO8J"
PID    : 3666
I/O    : uncollated
Case   : /mnt/c/Users/СЂСЃ/Desktop/bulbop2/bulbai2/projects/case-c8f6a7a7/working/night_optimization/foam_candidates/candidate-30315050/working/openfoam_case
nProcs : 1
sigFpe : Enabling floating point exception trapping (FOAM_SIGFPE).
fileModificationChecking : Monitoring run-time modified files using timeStampMaster (fileModificationSkew 10)
allowSystemOperations : Allowing user-supplied system call operations

// * * * * * * * * * * * * * * * * * * * * * * * * * * * * * * * * * * * * * //
Create time

Create mesh for time = 0

Time = 0s

Mesh stats
    points:           157774
    faces:            395420
    internal faces:   364120
    cells:            121560
    faces per cell:   6.248272458
    boundary patches: 4
    point zones:      0
    face zones:       0
    cell zones:       0

Overall number of cells of each type:
    hexahedra:     93753
    prisms:        5041
    wedges:        0
    pyramids:      0
    tet wedges:    95
    tetrahedra:    0
    polyhedra:     22671
    Breakdown of polyhedra by number of faces:
        faces   number of cells
            4   4222
            5   3340
            6   5755
            7   42
            8   49
            9   4397
           10   19
           11   16
           12   3368
           13   4
           14   15
           15   1325
           17   1
           18   118

Checking topology...
    Boundary definition OK.
    Cell to face addressing OK.
    Point usage OK.
    Upper triangular ordering OK.
    Face vertices OK.
    Number of regions: 1 (OK).

Checking patch topology for multiply connected surfaces...
                   Patch    Faces   Points                  Surface topology
                   inlet      673      786  ok (non-closed singly connected)
                  outlet     1099     1329  ok (non-closed singly connected)
                farField     4346     4761  ok (non-closed singly connected)
                    hull    25182    30639  ok (non-closed singly connected)

Checking geometry...
    Overall domain bounding box (-12 -6.000000537 -6.010782811) (24 6.045666285 6.011083381)
    Mesh has 3 geometric (non-empty/wedge) directions (1 1 1)
    Mesh has 3 solution (non-empty) directions (1 1 1)
    Max cell openness = 3.844232263e-16 OK.
    Max aspect ratio = 6.198325275 OK.
    Minimum face area = 0.001604609251. Maximum face area = 0.555322607.  Face area magnitudes OK.
    Min volume = 0.0001073891355. Max volume = 0.3340322299.  Total volume = 3875.49957.  Cell volumes OK.
    Mesh non-orthogonality Max: 58.04145958 average: 13.50662725
    Non-orthogonality check OK.
    Face pyramids OK.
    Max skewness = 2.762662411 OK.
    Coupled point location match (average 0) OK.

Mesh OK.

End

