/*---------------------------------------------------------------------------*\
  =========                 |
  \\      /  F ield         | OpenFOAM: The Open Source CFD Toolbox
   \\    /   O peration     | Website:  https://openfoam.org
    \\  /    A nd           | Version:  13
     \\/     M anipulation  |
\*---------------------------------------------------------------------------*/
Build  : 13-441953dfbb42
Exec   : snappyHexMesh -overwrite
Date   : Apr 24 2026
Time   : 10:04:30
Host   : "DESKTOP-NKIGO8J"
PID    : 34649
I/O    : uncollated
Case   : /mnt/c/Users/СЂСЃ/Desktop/bulbop2/bulbai2/projects/case-c8f6a7a7/working/night_optimization/foam_candidates/candidate-c02b517f/working/openfoam_case
nProcs : 1
sigFpe : Enabling floating point exception trapping (FOAM_SIGFPE).
fileModificationChecking : Monitoring run-time modified files using timeStampMaster (fileModificationSkew 10)
allowSystemOperations : Allowing user-supplied system call operations

// * * * * * * * * * * * * * * * * * * * * * * * * * * * * * * * * * * * * * //
Create time

Create mesh for time = 0

Read mesh in = 0.100188 s
Deprecated option 'overwrite' specified, this is now the default behaviour

Reading "snappyHexMeshDict"


Overall mesh bounding box  : (-12 -6 -6) (24 6 6)
Relative tolerance         : 1e-06
Absolute matching distance : 3.979949748e-05

Reading refinement surfaces...
Read refinement surfaces in = 0.022061 s

Reading refinement regions...
Read refinement regions in = 6.9e-05 s

Reading features...
Read features in = 7.2e-05 s


Determining initial surface intersections
-----------------------------------------

Edge intersection testing:
    Number of edges             : 50000
    Number of edges to retest   : 50000
    Number of intersected edges : 1910
Calculated surface intersections in = 0.158119 s

Initial mesh : cells:16000  faces:50000  points:18081
Cells per refinement level:
    0	16000

Adding patches for surface regions
----------------------------------

Patch Type                Region                        
----- ----                ------                        
hull:

3     wall                hull                          

Added patches in = 0.001463 s

Selecting distributor none
Cell selection insidePoints: 1((0 0 3))

Refinement phase
----------------

Found point (0 0 3) in cell 11573 on processor 0

Surface refinement iteration 0
------------------------------

Marked for refinement due to surface intersection          : 2159 cells.
Marked for refinement due to curvature/regions             : 0 cells.
Determined cells to refine in = 0.134094 s
Selected for refinement : 2159 cells (out of 16000)
Edge intersection testing:
    Number of edges             : 101279
    Number of edges to retest   : 65997
    Number of intersected edges : 7644
Refined mesh in = 0.209373 s
After refinement surface refinement iteration 0 : cells:31113  faces:101279  points:39225
Cells per refinement level:
    0	13841
    1	17272

Surface refinement iteration 1
------------------------------

Marked for refinement due to surface intersection          : 8704 cells.
Marked for refinement due to curvature/regions             : 0 cells.
Determined cells to refine in = 0.007232 s
Selected for refinement : 9588 cells (out of 31113)
Edge intersection testing:
    Number of edges             : 326090
    Number of edges to retest   : 290731
    Number of intersected edges : 30652
Refined mesh in = 0.763235 s
After refinement surface refinement iteration 1 : cells:98229  faces:326090  points:129997
Cells per refinement level:
    0	12926
    1	15919
    2	69384

Surface refinement iteration 2
------------------------------

Marked for refinement due to surface intersection          : 140 cells.
Marked for refinement due to curvature/regions             : 1621 cells.
Determined cells to refine in = 0.14188 s
Selected for refinement : 1956 cells (out of 98229)
Edge intersection testing:
    Number of edges             : 373880
    Number of edges to retest   : 81001
    Number of intersected edges : 36811
Refined mesh in = 0.78076 s
After refinement surface refinement iteration 2 : cells:111921  faces:373880  points:151104
Cells per refinement level:
    0	12873
    1	16061
    2	70019
    3	12968

Surface refinement iteration 3
------------------------------

Marked for refinement due to surface intersection          : 0 cells.
Marked for refinement due to curvature/regions             : 168 cells.
Determined cells to refine in = 0.149333 s
Selected for refinement : 192 cells (out of 111921)
Edge intersection testing:
    Number of edges             : 378341
    Number of edges to retest   : 13475
    Number of intersected edges : 37150
Refined mesh in = 0.543272 s
After refinement surface refinement iteration 3 : cells:113265  faces:378341  points:152863
Cells per refinement level:
    0	12867
    1	16091
    2	69995
    3	14312

Surface refinement iteration 4
------------------------------

Marked for refinement due to surface intersection          : 0 cells.
Marked for refinement due to curvature/regions             : 10 cells.
Determined cells to refine in = 0.165194 s
Selected for refinement : 14 cells (out of 113265)
Edge intersection testing:
    Number of edges             : 378653
    Number of edges to retest   : 1232
    Number of intersected edges : 37163
Refined mesh in = 0.672169 s
After refinement surface refinement iteration 4 : cells:113363  faces:378653  points:152975
Cells per refinement level:
    0	12867
    1	16087
    2	70017
    3	14392

Surface refinement iteration 5
------------------------------

Marked for refinement due to surface intersection          : 0 cells.
Marked for refinement due to curvature/regions             : 0 cells.
Determined cells to refine in = 0.179193 s
Selected for refinement : 0 cells (out of 113363)
Stopping refining since too few cells selected.


Removing mesh beyond surface intersections
------------------------------------------

Selecting all cells in regions containing any of the points in 1((0 0 3))
Selected: 97268 cells.
Edge intersection testing:
    Number of edges             : 336507
    Number of edges to retest   : 28547
    Number of intersected edges : 37163

Shell refinement iteration 0
----------------------------

Marked for refinement due to distance to explicit features : 0 cells.
Marked for refinement due to refinement shells             : 0 cells.
Determined cells to refine in = 2.459382 s
Selected for internal refinement : 9533 cells (out of 97268)
Edge intersection testing:
    Number of edges             : 543537
    Number of edges to retest   : 443240
    Number of intersected edges : 41148
Refined mesh in = 1.563941 s
After refinement shell refinement iteration 0 : cells:163999  faces:543537  points:215653
Cells per refinement level:
    0	9965
    1	13042
    2	99398
    3	41594

Shell refinement iteration 1
----------------------------

Marked for refinement due to distance to explicit features : 0 cells.
Marked for refinement due to refinement shells             : 0 cells.
Determined cells to refine in = 0.200153 s
Selected for internal refinement : 1999 cells (out of 163999)
Edge intersection testing:
    Number of edges             : 587661
    Number of edges to retest   : 139508
    Number of intersected edges : 42661
Refined mesh in = 0.97923 s
After refinement shell refinement iteration 1 : cells:177992  faces:587661  points:231814
Cells per refinement level:
    0	9434
    1	16996
    2	100576
    3	50986

Shell refinement iteration 2
----------------------------

Marked for refinement due to distance to explicit features : 0 cells.
Marked for refinement due to refinement shells             : 0 cells.
Determined cells to refine in = 0.207791 s
Selected for internal refinement : 255 cells (out of 177992)
Edge intersection testing:
    Number of edges             : 593076
    Number of edges to retest   : 21458
    Number of intersected edges : 42680
Refined mesh in = 1.033751 s
After refinement shell refinement iteration 2 : cells:179777  faces:593076  points:233661
Cells per refinement level:
    0	9377
    1	17273
    2	101989
    3	51138

Shell refinement iteration 3
----------------------------

Marked for refinement due to distance to explicit features : 0 cells.
Marked for refinement due to refinement shells             : 0 cells.
Determined cells to refine in = 0.210932 s
Selected for internal refinement : 20 cells (out of 179777)
Edge intersection testing:
    Number of edges             : 593523
    Number of edges to retest   : 1962
    Number of intersected edges : 42680
Refined mesh in = 0.772984 s
After refinement shell refinement iteration 3 : cells:179917  faces:593523  points:233829
Cells per refinement level:
    0	9358
    1	17424
    2	101997
    3	51138

Shell refinement iteration 4
----------------------------

Marked for refinement due to distance to explicit features : 0 cells.
Marked for refinement due to refinement shells             : 0 cells.
Determined cells to refine in = 0.361497 s
Selected for internal refinement : 0 cells (out of 179917)
Stopping refining since too few cells selected.


Dangling coarse cells refinement iteration 0
--------------------------------------------

Determined cells to refine in = 0.025305 s
Selected for refinement : 20 cells (out of 179917)
Edge intersection testing:
    Number of edges             : 593823
    Number of edges to retest   : 2402
    Number of intersected edges : 42680
Refined mesh in = 1.164863 s
After refinement coarse cell refinement iteration 0 : cells:180057  faces:593823  points:233869
Cells per refinement level:
    0	9358
    1	17410
    2	102103
    3	51186

Dangling coarse cells refinement iteration 1
--------------------------------------------

Determined cells to refine in = 0.011609 s
Selected for refinement : 0 cells (out of 180057)
Stopping refining since too few cells selected.


Dangling coarse cells refinement iteration 0
--------------------------------------------

Determined cells to refine in = 0.008818 s
Selected for refinement : 0 cells (out of 180057)
Stopping refining since too few cells selected.


Splitting mesh at surface intersections
---------------------------------------

Introducing baffles for 42680 faces that are intersected by the surface.

Edge intersection testing:
    Number of edges             : 636376
    Number of edges to retest   : 234001
    Number of intersected edges : 84228
Created baffles in = 1.152982 s


After introducing baffles : cells:180057  faces:636376  points:233869
Cells per refinement level:
    0	9358
    1	17410
    2	102103
    3	51186

Introducing baffles to block off problem cells
----------------------------------------------

markFacesOnProblemCells : marked 46976 additional internal faces to be converted into baffles.
Analyzed problem cells in = 0.528302 s


Introducing baffles to delete problem cells.

Edge intersection testing:
    Number of edges             : 683352
    Number of edges to retest   : 171414
    Number of intersected edges : 84307
Created baffles in = 1.171018 s


After introducing baffles : cells:180057  faces:683352  points:233869
Cells per refinement level:
    0	9358
    1	17410
    2	102103
    3	51186

Remove unreachable sections of mesh
-----------------------------------

Keeping all cells in regions containing any point in 1((0 0 3))
Selected for keeping : 120704 cells.
Edge intersection testing:
    Number of edges             : 410057
    Number of edges to retest   : 0
    Number of intersected edges : 41712
Split mesh in = 3.521065 s


After subsetting : cells:120704  faces:410057  points:169649
Cells per refinement level:
    0	8881
    1	16204
    2	66242
    3	29377

Handling cells with snap problems
---------------------------------

Introducing baffles for 41712 faces that are intersected by the surface.

Edge intersection testing:
    Number of edges             : 410057
    Number of edges to retest   : 116411
    Number of intersected edges : 41712
Created baffles in = 0.686905 s


After introducing baffles : cells:120704  faces:410057  points:169649
Cells per refinement level:
    0	8881
    1	16204
    2	66242
    3	29377

Introducing baffles to block off problem cells
----------------------------------------------

markFacesOnProblemCells : marked 0 additional internal faces to be converted into baffles.
Analyzed problem cells in = 0.596245 s


Introducing baffles to delete problem cells.

Edge intersection testing:
    Number of edges             : 410057
    Number of edges to retest   : 0
    Number of intersected edges : 41712
Created baffles in = 1.136144 s


After introducing baffles : cells:120704  faces:410057  points:169649
Cells per refinement level:
    0	8881
    1	16204
    2	66242
    3	29377

Remove unreachable sections of mesh
-----------------------------------

Split mesh in = 2.299905 s


After subsetting : cells:120704  faces:410057  points:169649
Cells per refinement level:
    0	8881
    1	16204
    2	66242
    3	29377

Merge free-standing baffles
---------------------------

freeStandingBaffles : detected 43 free-standing baffles out of 43

freeStandingBaffles : detected 17 planar (within 30 degrees) free-standing baffles out of 43

Detected free-standing baffles : 17
Edge intersection testing:
    Number of edges             : 410040
    Number of edges to retest   : 17
    Number of intersected edges : 41695

Introducing baffles to block off problem cells
----------------------------------------------

markFacesOnProblemCells : marked 0 additional internal faces to be converted into baffles.
Analyzed problem cells in = 0.95529 s


Introducing baffles to delete problem cells.

Edge intersection testing:
    Number of edges             : 410040
    Number of edges to retest   : 0
    Number of intersected edges : 41695
Created baffles in = 0.358013 s


After introducing baffles : cells:120704  faces:410040  points:169649
Cells per refinement level:
    0	8881
    1	16204
    2	66242
    3	29377
Merged free-standing baffles in = 0.00203 s


dupNonManifoldPoints : Found : 28 non-manifold points (out of 169649)
Edge intersection testing:
    Number of edges             : 410040
    Number of edges to retest   : 0
    Number of intersected edges : 41695
Detected unsplittable baffles : 1
Edge intersection testing:
    Number of edges             : 410039
    Number of edges to retest   : 1
    Number of intersected edges : 41694
Merged free-standing baffles in = 3.487198 s.

Merge refined boundary faces
----------------------------

Merging 197 sets of faces.

Edge intersection testing:
    Number of edges             : 409654
    Number of edges to retest   : 1772
    Number of intersected edges : 41322

Undo iteration 0
----------------
Checking faces in error :
    non-orthogonality > 65  degrees                        : 0
    faces with face pyramid volume < 1e-13                 : 0
    faces with face-decomposition tet quality < 1e-15      : 0
    faces with concavity > 80  degrees                     : 0
    faces with skewness > 4   (internal) or 20  (boundary) : 0
    faces with interpolation weights (0..1)  < 0.02        : 0
    faces with volume ratio of neighbour cells < 0.01      : 0
    faces with face twist < 0.02                           : 0
    faces on cells with determinant < 0.001                : 0

Merging all points on surface that
- are used by only two boundary faces and
- make an angle with a cosine of more than 0.7071067812.

Removing 305 straight edge points ...

Edge intersection testing:
    Number of edges             : 409654
    Number of edges to retest   : 2280
    Number of intersected edges : 41322

Undo iteration 0
----------------
Checking faces in error :
    non-orthogonality > 65  degrees                        : 0
    faces with face pyramid volume < 1e-13                 : 0
    faces with face-decomposition tet quality < 1e-15      : 0
    faces with concavity > 80  degrees                     : 0
    faces with skewness > 4   (internal) or 20  (boundary) : 0
    faces with interpolation weights (0..1)  < 0.02        : 0
    faces with volume ratio of neighbour cells < 0.01      : 0
    faces with face twist < 0.02                           : 0
    faces on cells with determinant < 0.001                : 0
Refined mesh : cells:120704  faces:409654  points:169278
Cells per refinement level:
    0	8881
    1	16204
    2	66242
    3	29377
Writing mesh to time constant
Wrote mesh in = 3.195569 s.
Mesh refined in = 31.836493 s.

Morphing phase
--------------


Snapping to features in 10 iterations ...
Constructing mesh displacer ...
Using mesh parameters 
{
    maxNonOrtho     65;
    maxBoundarySkewness 20;
    maxInternalSkewness 4;
    maxConcave      80;
    minVol          1e-13;
    minTetQuality   1e-15;
    minArea         -1;
    minTwist        0.02;
    minDeterminant  0.001;
    minFaceWeight   0.02;
    minVolRatio     0.01;
    minTriangleTwist -1;
    nSmoothScale    4;
    errorReduction  0.75;
}


Checking initial mesh ...
Checking faces in error :
    non-orthogonality > 65  degrees                        : 0
    faces with face pyramid volume < 1e-13                 : 0
    faces with face-decomposition tet quality < 1e-15      : 0
    faces with concavity > 80  degrees                     : 0
    faces with skewness > 4   (internal) or 20  (boundary) : 0
    faces with interpolation weights (0..1)  < 0.02        : 0
    faces with volume ratio of neighbour cells < 0.01      : 0
    faces with face twist < 0.02                           : 0
    faces on cells with determinant < 0.001                : 0
Detected 0 illegal faces (concave, zero area or negative cell pyramid volume)
Checked initial mesh in = 1.313035 s


Smoothing patch points ...
Smoothing iteration 0
Found 56 non-manifold point(s).

Scaling iteration 0
Moving mesh using displacement scaling : min:1  max:1
Checking faces in error :
    non-orthogonality > 65  degrees                        : 0
    faces with face pyramid volume < 1e-13                 : 0
    faces with face-decomposition tet quality < 1e-15      : 0
    faces with concavity > 80  degrees                     : 0
    faces with skewness > 4   (internal) or 20  (boundary) : 0
    faces with interpolation weights (0..1)  < 0.02        : 0
    faces with volume ratio of neighbour cells < 0.01      : 0
    faces with face twist < 0.02                           : 0
    faces on cells with determinant < 0.001                : 0
Successfully moved mesh

Smoothing iteration 1
Found 0 non-manifold point(s).

Scaling iteration 0
Moving mesh using displacement scaling : min:1  max:1
Checking faces in error :
    non-orthogonality > 65  degrees                        : 0
    faces with face pyramid volume < 1e-13                 : 0
    faces with face-decomposition tet quality < 1e-15      : 0
    faces with concavity > 80  degrees                     : 0
    faces with skewness > 4   (internal) or 20  (boundary) : 0
    faces with interpolation weights (0..1)  < 0.02        : 0
    faces with volume ratio of neighbour cells < 0.01      : 0
    faces with face twist < 0.02                           : 0
    faces on cells with determinant < 0.001                : 0
Successfully moved mesh

Smoothing iteration 2
Found 0 non-manifold point(s).

Scaling iteration 0
Moving mesh using displacement scaling : min:1  max:1
Checking faces in error :
    non-orthogonality > 65  degrees                        : 0
    faces with face pyramid volume < 1e-13                 : 0
    faces with face-decomposition tet quality < 1e-15      : 0
    faces with concavity > 80  degrees                     : 0
    faces with skewness > 4   (internal) or 20  (boundary) : 0
    faces with interpolation weights (0..1)  < 0.02        : 0
    faces with volume ratio of neighbour cells < 0.01      : 0
    faces with face twist < 0.02                           : 0
    faces on cells with determinant < 0.001                : 0
Successfully moved mesh

Patch points smoothed in = 2.330307 s



Morph iteration 0
-----------------
Calculating patchDisplacement as distance to nearest surface point ...
Wanted displacement : average:0.01852874859 min:2.401986227e-07 max:0.1078851184
Calculated surface displacement in = 0.174243 s


Detecting near surfaces ...
Overriding nearest with intersection of close gaps at 0 out of 43050 points.
Overriding displacement on features :
   implicit features    : false
   explicit features    : true
   multi-patch features : false

Detected 14 baffle edges out of 85096 edges.
Initially selected 2544 points out of 43050 for reverse attraction.
Selected 6803 points out of 43050 for reverse attraction.
Stringing feature edges : changed 0 points
Attraction:
     linear   : max:(-0.01182939238 0.07209640463 0.07938118602) avg:(0.0003573092179 0.006045379374 0.0001578332685)
     feature  : max:(0 0 0) avg:(0 0 0)
Feature analysis : total master points:43050 attraction to :
    feature point   : 0
    feature edge    : 0
    nearest surface : 0
    rest            : 43050

--> FOAM Warning : Displacement (-5.298363932e-05 6.54123096e-05 -0.0001784736032) at mesh point 3685 coord (20.40078268 -0.01951238575 -3.582994985) points through the surrounding patch faces
Smoothing displacement ...
Iteration 0
Iteration 10
Iteration 20
Displacement smoothed in = 1.61122 s


Moving mesh ...

Iteration 0
Moving mesh using displacement scaling : min:1  max:1
Checking faces in error :
    non-orthogonality > 65  degrees                        : 0
    faces with face pyramid volume < 1e-13                 : 0
    faces with face-decomposition tet quality < 1e-15      : 0
    faces with concavity > 80  degrees                     : 0
    faces with skewness > 4   (internal) or 20  (boundary) : 0
    faces with interpolation weights (0..1)  < 0.02        : 0
    faces with volume ratio of neighbour cells < 0.01      : 0
    faces with face twist < 0.02                           : 0
    faces on cells with determinant < 0.001                : 0
Successfully moved mesh
Moved mesh in = 0.677427 s



Morph iteration 1
-----------------
Calculating patchDisplacement as distance to nearest surface point ...
Wanted displacement : average:0.0172517131 min:1.291112731e-06 max:0.1056653344
Calculated surface displacement in = 0.103648 s


Detecting near surfaces ...
Overriding nearest with intersection of close gaps at 0 out of 43050 points.
Overriding displacement on features :
   implicit features    : false
   explicit features    : true
   multi-patch features : false

Detected 14 baffle edges out of 85096 edges.
Initially selected 2540 points out of 43050 for reverse attraction.
Selected 6799 points out of 43050 for reverse attraction.
Stringing feature edges : changed 0 points
Attraction:
     linear   : max:(-0.0115859974 0.07061298918 0.07774788298) avg:(0.0003266417551 0.005453724823 0.0001411754382)
     feature  : max:(0 0 0) avg:(0 0 0)
Feature analysis : total master points:43050 attraction to :
    feature point   : 0
    feature edge    : 0
    nearest surface : 0
    rest            : 43050

--> FOAM Warning : Displacement (-0.0001454090439 0.0004072942888 -0.000515893005) at mesh point 3685 coord (20.40072969 -0.01944697344 -3.583173459) points through the surrounding patch faces
Smoothing displacement ...
Iteration 0
Iteration 10
Iteration 20
Displacement smoothed in = 1.093094 s


Moving mesh ...

Iteration 0
Moving mesh using displacement scaling : min:1  max:1
Checking faces in error :
    non-orthogonality > 65  degrees                        : 0
    faces with face pyramid volume < 1e-13                 : 0
    faces with face-decomposition tet quality < 1e-15      : 1
    faces with concavity > 80  degrees                     : 0
    faces with skewness > 4   (internal) or 20  (boundary) : 0
    faces with interpolation weights (0..1)  < 0.02        : 0
    faces with volume ratio of neighbour cells < 0.01      : 0
    faces with face twist < 0.02                           : 0
    faces on cells with determinant < 0.001                : 0

Iteration 1
Moving mesh using displacement scaling : min:0.75  max:1
Checking faces in error :
    non-orthogonality > 65  degrees                        : 0
    faces with face pyramid volume < 1e-13                 : 0
    faces with face-decomposition tet quality < 1e-15      : 0
    faces with concavity > 80  degrees                     : 0
    faces with skewness > 4   (internal) or 20  (boundary) : 0
    faces with interpolation weights (0..1)  < 0.02        : 0
    faces with volume ratio of neighbour cells < 0.01      : 0
    faces with face twist < 0.02                           : 0
    faces on cells with determinant < 0.001                : 0
Successfully moved mesh
Moved mesh in = 1.545306 s



Morph iteration 2
-----------------
Calculating patchDisplacement as distance to nearest surface point ...
Wanted displacement : average:0.0149480042 min:5.389493728e-07 max:0.1007154744
Calculated surface displacement in = 0.099841 s


Detecting near surfaces ...
Overriding nearest with intersection of close gaps at 0 out of 43050 points.
Overriding displacement on features :
   implicit features    : false
   explicit features    : true
   multi-patch features : false

Detected 14 baffle edges out of 85096 edges.
Initially selected 2543 points out of 43050 for reverse attraction.
Selected 6801 points out of 43050 for reverse attraction.
Stringing feature edges : changed 0 points
Attraction:
     linear   : max:(-0.01104325493 0.06730514549 0.07410580738) avg:(0.0002694994134 0.004386118808 0.0001135013627)
     feature  : max:(0 0 0) avg:(0 0 0)
Feature analysis : total master points:43050 attraction to :
    feature point   : 0
    feature edge    : 0
    nearest surface : 0
    rest            : 43050

--> FOAM Warning : Displacement (-0.0002708310867 0.001002401556 -0.0009810518947) at mesh point 3685 coord (20.40058428 -0.01903967915 -3.583689352) points through the surrounding patch faces
Smoothing displacement ...
Iteration 0
Iteration 10
Iteration 20
Displacement smoothed in = 1.564827 s


Moving mesh ...

Iteration 0
Moving mesh using displacement scaling : min:1  max:1
Checking faces in error :
    non-orthogonality > 65  degrees                        : 0
    faces with face pyramid volume < 1e-13                 : 0
    faces with face-decomposition tet quality < 1e-15      : 4
    faces with concavity > 80  degrees                     : 0
    faces with skewness > 4   (internal) or 20  (boundary) : 0
    faces with interpolation weights (0..1)  < 0.02        : 0
    faces with volume ratio of neighbour cells < 0.01      : 0
    faces with face twist < 0.02                           : 0
    faces on cells with determinant < 0.001                : 0

Iteration 1
Moving mesh using displacement scaling : min:0.75  max:1
Checking faces in error :
    non-orthogonality > 65  degrees                        : 0
    faces with face pyramid volume < 1e-13                 : 0
    faces with face-decomposition tet quality < 1e-15      : 2
    faces with concavity > 80  degrees                     : 0
    faces with skewness > 4   (internal) or 20  (boundary) : 0
    faces with interpolation weights (0..1)  < 0.02        : 0
    faces with volume ratio of neighbour cells < 0.01      : 0
    faces with face twist < 0.02                           : 0
    faces on cells with determinant < 0.001                : 0

Iteration 2
Moving mesh using displacement scaling : min:0.5625  max:1
Checking faces in error :
    non-orthogonality > 65  degrees                        : 0
    faces with face pyramid volume < 1e-13                 : 0
    faces with face-decomposition tet quality < 1e-15      : 2
    faces with concavity > 80  degrees                     : 0
    faces with skewness > 4   (internal) or 20  (boundary) : 0
    faces with interpolation weights (0..1)  < 0.02        : 0
    faces with volume ratio of neighbour cells < 0.01      : 0
    faces with face twist < 0.02                           : 0
    faces on cells with determinant < 0.001                : 0

Iteration 3
Moving mesh using displacement scaling : min:0.421875  max:1
Checking faces in error :
    non-orthogonality > 65  degrees                        : 0
    faces with face pyramid volume < 1e-13                 : 0
    faces with face-decomposition tet quality < 1e-15      : 2
    faces with concavity > 80  degrees                     : 0
    faces with skewness > 4   (internal) or 20  (boundary) : 0
    faces with interpolation weights (0..1)  < 0.02        : 0
    faces with volume ratio of neighbour cells < 0.01      : 0
    faces with face twist < 0.02                           : 0
    faces on cells with determinant < 0.001                : 0

Iteration 4
Moving mesh using displacement scaling : min:0.31640625  max:1
Checking faces in error :
    non-orthogonality > 65  degrees                        : 0
    faces with face pyramid volume < 1e-13                 : 0
    faces with face-decomposition tet quality < 1e-15      : 0
    faces with concavity > 80  degrees                     : 0
    faces with skewness > 4   (internal) or 20  (boundary) : 0
    faces with interpolation weights (0..1)  < 0.02        : 0
    faces with volume ratio of neighbour cells < 0.01      : 0
    faces with face twist < 0.02                           : 0
    faces on cells with determinant < 0.001                : 0
Successfully moved mesh
Moved mesh in = 3.983724 s



Morph iteration 3
-----------------
Calculating patchDisplacement as distance to nearest surface point ...
Wanted displacement : average:0.01212670679 min:2.86075542e-07 max:0.09484804467
Calculated surface displacement in = 0.111794 s


Detecting near surfaces ...
Overriding nearest with intersection of close gaps at 0 out of 43050 points.
Overriding displacement on features :
   implicit features    : false
   explicit features    : true
   multi-patch features : false

Detected 12 baffle edges out of 85096 edges.
Initially selected 2540 points out of 43050 for reverse attraction.
Selected 6795 points out of 43050 for reverse attraction.
Stringing feature edges : changed 0 points
Attraction:
     linear   : max:(-0.01325277235 0.05672872558 0.07484896322) avg:(0.0001985573455 0.003101145663 7.988090727e-05)
     feature  : max:(0 0 0) avg:(0 0 0)
Feature analysis : total master points:43050 attraction to :
    feature point   : 0
    feature edge    : 0
    nearest surface : 0
    rest            : 43050

--> FOAM Warning : Displacement (1.473267753e-05 6.214888247e-06 -3.922843087e-05) at mesh point 93897 coord (9.823990455 -0.900877264 -0.5432903412) points through the surrounding patch faces
Smoothing displacement ...
Iteration 0
Iteration 10
Iteration 20
Displacement smoothed in = 1.223813 s


Moving mesh ...

Iteration 0
Moving mesh using displacement scaling : min:1  max:1
Checking faces in error :
    non-orthogonality > 65  degrees                        : 0
    faces with face pyramid volume < 1e-13                 : 0
    faces with face-decomposition tet quality < 1e-15      : 5
    faces with concavity > 80  degrees                     : 0
    faces with skewness > 4   (internal) or 20  (boundary) : 0
    faces with interpolation weights (0..1)  < 0.02        : 0
    faces with volume ratio of neighbour cells < 0.01      : 0
    faces with face twist < 0.02                           : 0
    faces on cells with determinant < 0.001                : 0

Iteration 1
Moving mesh using displacement scaling : min:0.75  max:1
Checking faces in error :
    non-orthogonality > 65  degrees                        : 0
    faces with face pyramid volume < 1e-13                 : 0
    faces with face-decomposition tet quality < 1e-15      : 5
    faces with concavity > 80  degrees                     : 0
    faces with skewness > 4   (internal) or 20  (boundary) : 0
    faces with interpolation weights (0..1)  < 0.02        : 0
    faces with volume ratio of neighbour cells < 0.01      : 0
    faces with face twist < 0.02                           : 0
    faces on cells with determinant < 0.001                : 0

Iteration 2
Moving mesh using displacement scaling : min:0.5625  max:1
Checking faces in error :
    non-orthogonality > 65  degrees                        : 0
    faces with face pyramid volume < 1e-13                 : 0
    faces with face-decomposition tet quality < 1e-15      : 4
    faces with concavity > 80  degrees                     : 0
    faces with skewness > 4   (internal) or 20  (boundary) : 0
    faces with interpolation weights (0..1)  < 0.02        : 0
    faces with volume ratio of neighbour cells < 0.01      : 0
    faces with face twist < 0.02                           : 0
    faces on cells with determinant < 0.001                : 0

Iteration 3
Moving mesh using displacement scaling : min:0.421875  max:1
Checking faces in error :
    non-orthogonality > 65  degrees                        : 0
    faces with face pyramid volume < 1e-13                 : 0
    faces with face-decomposition tet quality < 1e-15      : 3
    faces with concavity > 80  degrees                     : 0
    faces with skewness > 4   (internal) or 20  (boundary) : 0
    faces with interpolation weights (0..1)  < 0.02        : 0
    faces with volume ratio of neighbour cells < 0.01      : 0
    faces with face twist < 0.02                           : 0
    faces on cells with determinant < 0.001                : 0

Iteration 4
Moving mesh using displacement scaling : min:0.31640625  max:1
Checking faces in error :
    non-orthogonality > 65  degrees                        : 0
    faces with face pyramid volume < 1e-13                 : 0
    faces with face-decomposition tet quality < 1e-15      : 2
    faces with concavity > 80  degrees                     : 0
    faces with skewness > 4   (internal) or 20  (boundary) : 0
    faces with interpolation weights (0..1)  < 0.02        : 0
    faces with volume ratio of neighbour cells < 0.01      : 0
    faces with face twist < 0.02                           : 0
    faces on cells with determinant < 0.001                : 0

Iteration 5
Displacement scaling for error reduction set to 0.
Moving mesh using displacement scaling : min:0.2373046875  max:1
Checking faces in error :
    non-orthogonality > 65  degrees                        : 0
    faces with face pyramid volume < 1e-13                 : 0
    faces with face-decomposition tet quality < 1e-15      : 2
    faces with concavity > 80  degrees                     : 0
    faces with skewness > 4   (internal) or 20  (boundary) : 0
    faces with interpolation weights (0..1)  < 0.02        : 0
    faces with volume ratio of neighbour cells < 0.01      : 0
    faces with face twist < 0.02                           : 0
    faces on cells with determinant < 0.001                : 0

Iteration 6
Moving mesh using displacement scaling : min:0  max:1
Checking faces in error :
    non-orthogonality > 65  degrees                        : 0
    faces with face pyramid volume < 1e-13                 : 0
    faces with face-decomposition tet quality < 1e-15      : 0
    faces with concavity > 80  degrees                     : 0
    faces with skewness > 4   (internal) or 20  (boundary) : 0
    faces with interpolation weights (0..1)  < 0.02        : 0
    faces with volume ratio of neighbour cells < 0.01      : 0
    faces with face twist < 0.02                           : 0
    faces on cells with determinant < 0.001                : 0
Successfully moved mesh
Moved mesh in = 6.099008 s



Morph iteration 4
-----------------
Calculating patchDisplacement as distance to nearest surface point ...
Wanted displacement : average:0.009215986884 min:2.225406337e-07 max:0.08630341119
Calculated surface displacement in = 0.201741 s


Detecting near surfaces ...
Overriding nearest with intersection of close gaps at 0 out of 43050 points.
Overriding displacement on features :
   implicit features    : false
   explicit features    : true
   multi-patch features : false

Detected 10 baffle edges out of 85096 edges.
Initially selected 2532 points out of 43050 for reverse attraction.
Selected 6801 points out of 43050 for reverse attraction.
Stringing feature edges : changed 0 points
Attraction:
     linear   : max:(-0.01205886178 0.05161817039 0.06810599916) avg:(0.0001286663492 0.00189493802 4.923026671e-05)
     feature  : max:(0 0 0) avg:(0 0 0)
Feature analysis : total master points:43050 attraction to :
    feature point   : 0
    feature edge    : 0
    nearest surface : 0
    rest            : 43050

--> FOAM Warning : Displacement (-0.0001714722261 -0.0002063298212 -0.0001407430909) at mesh point 75975 coord (14.76747898 2.690028504 -1.395174636) points through the surrounding patch faces
Smoothing displacement ...
Iteration 0
Iteration 10
Iteration 20
Displacement smoothed in = 1.146283 s


Moving mesh ...

Iteration 0
Moving mesh using displacement scaling : min:1  max:1
Checking faces in error :
    non-orthogonality > 65  degrees                        : 0
    faces with face pyramid volume < 1e-13                 : 0
    faces with face-decomposition tet quality < 1e-15      : 6
    faces with concavity > 80  degrees                     : 0
    faces with skewness > 4   (internal) or 20  (boundary) : 0
    faces with interpolation weights (0..1)  < 0.02        : 0
    faces with volume ratio of neighbour cells < 0.01      : 0
    faces with face twist < 0.02                           : 0
    faces on cells with determinant < 0.001                : 0

Iteration 1
Moving mesh using displacement scaling : min:0.75  max:1
Checking faces in error :
    non-orthogonality > 65  degrees                        : 0
    faces with face pyramid volume < 1e-13                 : 0
    faces with face-decomposition tet quality < 1e-15      : 6
    faces with concavity > 80  degrees                     : 0
    faces with skewness > 4   (internal) or 20  (boundary) : 0
    faces with interpolation weights (0..1)  < 0.02        : 0
    faces with volume ratio of neighbour cells < 0.01      : 0
    faces with face twist < 0.02                           : 0
    faces on cells with determinant < 0.001                : 0

Iteration 2
Moving mesh using displacement scaling : min:0.5625  max:1
Checking faces in error :
    non-orthogonality > 65  degrees                        : 0
    faces with face pyramid volume < 1e-13                 : 0
    faces with face-decomposition tet quality < 1e-15      : 5
    faces with concavity > 80  degrees                     : 0
    faces with skewness > 4   (internal) or 20  (boundary) : 0
    faces with interpolation weights (0..1)  < 0.02        : 0
    faces with volume ratio of neighbour cells < 0.01      : 0
    faces with face twist < 0.02                           : 0
    faces on cells with determinant < 0.001                : 0

Iteration 3
Moving mesh using displacement scaling : min:0.421875  max:1
Checking faces in error :
    non-orthogonality > 65  degrees                        : 0
    faces with face pyramid volume < 1e-13                 : 0
    faces with face-decomposition tet quality < 1e-15      : 5
    faces with concavity > 80  degrees                     : 0
    faces with skewness > 4   (internal) or 20  (boundary) : 0
    faces with interpolation weights (0..1)  < 0.02        : 0
    faces with volume ratio of neighbour cells < 0.01      : 0
    faces with face twist < 0.02                           : 0
    faces on cells with determinant < 0.001                : 0

Iteration 4
Moving mesh using displacement scaling : min:0.31640625  max:1
Checking faces in error :
    non-orthogonality > 65  degrees                        : 0
    faces with face pyramid volume < 1e-13                 : 0
    faces with face-decomposition tet quality < 1e-15      : 5
    faces with concavity > 80  degrees                     : 0
    faces with skewness > 4   (internal) or 20  (boundary) : 0
    faces with interpolation weights (0..1)  < 0.02        : 0
    faces with volume ratio of neighbour cells < 0.01      : 0
    faces with face twist < 0.02                           : 0
    faces on cells with determinant < 0.001                : 0

Iteration 5
Displacement scaling for error reduction set to 0.
Moving mesh using displacement scaling : min:0.2373046875  max:1
Checking faces in error :
    non-orthogonality > 65  degrees                        : 0
    faces with face pyramid volume < 1e-13                 : 0
    faces with face-decomposition tet quality < 1e-15      : 4
    faces with concavity > 80  degrees                     : 0
    faces with skewness > 4   (internal) or 20  (boundary) : 0
    faces with interpolation weights (0..1)  < 0.02        : 0
    faces with volume ratio of neighbour cells < 0.01      : 0
    faces with face twist < 0.02                           : 0
    faces on cells with determinant < 0.001                : 0

Iteration 6
Moving mesh using displacement scaling : min:0  max:1
Checking faces in error :
    non-orthogonality > 65  degrees                        : 0
    faces with face pyramid volume < 1e-13                 : 0
    faces with face-decomposition tet quality < 1e-15      : 0
    faces with concavity > 80  degrees                     : 0
    faces with skewness > 4   (internal) or 20  (boundary) : 0
    faces with interpolation weights (0..1)  < 0.02        : 0
    faces with volume ratio of neighbour cells < 0.01      : 0
    faces with face twist < 0.02                           : 0
    faces on cells with determinant < 0.001                : 0
Successfully moved mesh
Moved mesh in = 5.584849 s



Morph iteration 5
-----------------
Calculating patchDisplacement as distance to nearest surface point ...
Wanted displacement : average:0.006450957205 min:4.214423587e-07 max:0.07482928679
Calculated surface displacement in = 0.089274 s


Detecting near surfaces ...
Overriding nearest with intersection of close gaps at 0 out of 43050 points.
Overriding displacement on features :
   implicit features    : false
   explicit features    : true
   multi-patch features : false

Detected 6 baffle edges out of 85096 edges.
Initially selected 2530 points out of 43050 for reverse attraction.
Selected 6806 points out of 43050 for reverse attraction.
Stringing feature edges : changed 0 points
Attraction:
     linear   : max:(-0.01045562411 0.04475548326 0.05905123879) avg:(7.078820958e-05 0.0009801440372 2.526243312e-05)
     feature  : max:(0 0 0) avg:(0 0 0)
Feature analysis : total master points:43050 attraction to :
    feature point   : 0
    feature edge    : 0
    nearest surface : 0
    rest            : 43050

--> FOAM Warning : Displacement (-8.434646483e-05 0.0002782610111 0.0002845679584) at mesh point 95443 coord (9.704331669 -1.120079927 0.6208445508) points through the surrounding patch faces
Smoothing displacement ...
Iteration 0
Iteration 10
Iteration 20
Displacement smoothed in = 1.450028 s


Moving mesh ...

Iteration 0
Moving mesh using displacement scaling : min:1  max:1
Checking faces in error :
    non-orthogonality > 65  degrees                        : 0
    faces with face pyramid volume < 1e-13                 : 0
    faces with face-decomposition tet quality < 1e-15      : 6
    faces with concavity > 80  degrees                     : 0
    faces with skewness > 4   (internal) or 20  (boundary) : 0
    faces with interpolation weights (0..1)  < 0.02        : 0
    faces with volume ratio of neighbour cells < 0.01      : 0
    faces with face twist < 0.02                           : 0
    faces on cells with determinant < 0.001                : 0

Iteration 1
Moving mesh using displacement scaling : min:0.75  max:1
Checking faces in error :
    non-orthogonality > 65  degrees                        : 0
    faces with face pyramid volume < 1e-13                 : 0
    faces with face-decomposition tet quality < 1e-15      : 6
    faces with concavity > 80  degrees                     : 0
    faces with skewness > 4   (internal) or 20  (boundary) : 0
    faces with interpolation weights (0..1)  < 0.02        : 0
    faces with volume ratio of neighbour cells < 0.01      : 0
    faces with face twist < 0.02                           : 0
    faces on cells with determinant < 0.001                : 0

Iteration 2
Moving mesh using displacement scaling : min:0.5625  max:1
Checking faces in error :
    non-orthogonality > 65  degrees                        : 0
    faces with face pyramid volume < 1e-13                 : 0
    faces with face-decomposition tet quality < 1e-15      : 6
    faces with concavity > 80  degrees                     : 0
    faces with skewness > 4   (internal) or 20  (boundary) : 0
    faces with interpolation weights (0..1)  < 0.02        : 0
    faces with volume ratio of neighbour cells < 0.01      : 0
    faces with face twist < 0.02                           : 0
    faces on cells with determinant < 0.001                : 0

Iteration 3
Moving mesh using displacement scaling : min:0.421875  max:1
Checking faces in error :
    non-orthogonality > 65  degrees                        : 0
    faces with face pyramid volume < 1e-13                 : 0
    faces with face-decomposition tet quality < 1e-15      : 6
    faces with concavity > 80  degrees                     : 0
    faces with skewness > 4   (internal) or 20  (boundary) : 0
    faces with interpolation weights (0..1)  < 0.02        : 0
    faces with volume ratio of neighbour cells < 0.01      : 0
    faces with face twist < 0.02                           : 0
    faces on cells with determinant < 0.001                : 0

Iteration 4
Moving mesh using displacement scaling : min:0.31640625  max:1
Checking faces in error :
    non-orthogonality > 65  degrees                        : 0
    faces with face pyramid volume < 1e-13                 : 0
    faces with face-decomposition tet quality < 1e-15      : 6
    faces with concavity > 80  degrees                     : 0
    faces with skewness > 4   (internal) or 20  (boundary) : 0
    faces with interpolation weights (0..1)  < 0.02        : 0
    faces with volume ratio of neighbour cells < 0.01      : 0
    faces with face twist < 0.02                           : 0
    faces on cells with determinant < 0.001                : 0

Iteration 5
Displacement scaling for error reduction set to 0.
Moving mesh using displacement scaling : min:0.2373046875  max:1
Checking faces in error :
    non-orthogonality > 65  degrees                        : 0
    faces with face pyramid volume < 1e-13                 : 0
    faces with face-decomposition tet quality < 1e-15      : 6
    faces with concavity > 80  degrees                     : 0
    faces with skewness > 4   (internal) or 20  (boundary) : 0
    faces with interpolation weights (0..1)  < 0.02        : 0
    faces with volume ratio of neighbour cells < 0.01      : 0
    faces with face twist < 0.02                           : 0
    faces on cells with determinant < 0.001                : 0

Iteration 6
Moving mesh using displacement scaling : min:0  max:1
Checking faces in error :
    non-orthogonality > 65  degrees                        : 0
    faces with face pyramid volume < 1e-13                 : 0
    faces with face-decomposition tet quality < 1e-15      : 0
    faces with concavity > 80  degrees                     : 0
    faces with skewness > 4   (internal) or 20  (boundary) : 0
    faces with interpolation weights (0..1)  < 0.02        : 0
    faces with volume ratio of neighbour cells < 0.01      : 0
    faces with face twist < 0.02                           : 0
    faces on cells with determinant < 0.001                : 0
Successfully moved mesh
Moved mesh in = 5.561408 s



Morph iteration 6
-----------------
Calculating patchDisplacement as distance to nearest surface point ...
Wanted displacement : average:0.003981684679 min:2.296876778e-07 max:0.06086593484
Calculated surface displacement in = 0.08548 s


Detecting near surfaces ...
Overriding nearest with intersection of close gaps at 0 out of 43050 points.
Overriding displacement on features :
   implicit features    : false
   explicit features    : true
   multi-patch features : false

Detected 6 baffle edges out of 85096 edges.
Initially selected 2534 points out of 43050 for reverse attraction.
Selected 6804 points out of 43050 for reverse attraction.
Stringing feature edges : changed 0 points
Attraction:
     linear   : max:(-0.008504575723 0.03640398626 0.04803211426) avg:(3.192367822e-05 0.0004199924356 1.055363793e-05)
     feature  : max:(0 0 0) avg:(0 0 0)
Feature analysis : total master points:43050 attraction to :
    feature point   : 0
    feature edge    : 0
    nearest surface : 0
    rest            : 43050

--> FOAM Warning : Displacement (-0.0002231569256 0.0003644452576 0.0008441578358) at mesh point 95443 coord (9.704247323 -1.119801666 0.6211291188) points through the surrounding patch faces
Smoothing displacement ...
Iteration 0
Iteration 10
Iteration 20
Displacement smoothed in = 1.424145 s


Moving mesh ...

Iteration 0
Moving mesh using displacement scaling : min:1  max:1
Checking faces in error :
    non-orthogonality > 65  degrees                        : 0
    faces with face pyramid volume < 1e-13                 : 0
    faces with face-decomposition tet quality < 1e-15      : 7
    faces with concavity > 80  degrees                     : 1
    faces with skewness > 4   (internal) or 20  (boundary) : 0
    faces with interpolation weights (0..1)  < 0.02        : 0
    faces with volume ratio of neighbour cells < 0.01      : 0
    faces with face twist < 0.02                           : 2
    faces on cells with determinant < 0.001                : 0

Iteration 1
Moving mesh using displacement scaling : min:0.75  max:1
Checking faces in error :
    non-orthogonality > 65  degrees                        : 0
    faces with face pyramid volume < 1e-13                 : 0
    faces with face-decomposition tet quality < 1e-15      : 7
    faces with concavity > 80  degrees                     : 1
    faces with skewness > 4   (internal) or 20  (boundary) : 0
    faces with interpolation weights (0..1)  < 0.02        : 0
    faces with volume ratio of neighbour cells < 0.01      : 0
    faces with face twist < 0.02                           : 1
    faces on cells with determinant < 0.001                : 0

Iteration 2
Moving mesh using displacement scaling : min:0.5625  max:1
Checking faces in error :
    non-orthogonality > 65  degrees                        : 0
    faces with face pyramid volume < 1e-13                 : 0
    faces with face-decomposition tet quality < 1e-15      : 7
    faces with concavity > 80  degrees                     : 0
    faces with skewness > 4   (internal) or 20  (boundary) : 0
    faces with interpolation weights (0..1)  < 0.02        : 0
    faces with volume ratio of neighbour cells < 0.01      : 0
    faces with face twist < 0.02                           : 0
    faces on cells with determinant < 0.001                : 0

Iteration 3
Moving mesh using displacement scaling : min:0.421875  max:1
Checking faces in error :
    non-orthogonality > 65  degrees                        : 0
    faces with face pyramid volume < 1e-13                 : 0
    faces with face-decomposition tet quality < 1e-15      : 7
    faces with concavity > 80  degrees                     : 0
    faces with skewness > 4   (internal) or 20  (boundary) : 0
    faces with interpolation weights (0..1)  < 0.02        : 0
    faces with volume ratio of neighbour cells < 0.01      : 0
    faces with face twist < 0.02                           : 0
    faces on cells with determinant < 0.001                : 0

Iteration 4
Moving mesh using displacement scaling : min:0.31640625  max:1
Checking faces in error :
    non-orthogonality > 65  degrees                        : 0
    faces with face pyramid volume < 1e-13                 : 0
    faces with face-decomposition tet quality < 1e-15      : 7
    faces with concavity > 80  degrees                     : 0
    faces with skewness > 4   (internal) or 20  (boundary) : 0
    faces with interpolation weights (0..1)  < 0.02        : 0
    faces with volume ratio of neighbour cells < 0.01      : 0
    faces with face twist < 0.02                           : 0
    faces on cells with determinant < 0.001                : 0

Iteration 5
Displacement scaling for error reduction set to 0.
Moving mesh using displacement scaling : min:0.2373046875  max:1
Checking faces in error :
    non-orthogonality > 65  degrees                        : 0
    faces with face pyramid volume < 1e-13                 : 0
    faces with face-decomposition tet quality < 1e-15      : 7
    faces with concavity > 80  degrees                     : 0
    faces with skewness > 4   (internal) or 20  (boundary) : 0
    faces with interpolation weights (0..1)  < 0.02        : 0
    faces with volume ratio of neighbour cells < 0.01      : 0
    faces with face twist < 0.02                           : 0
    faces on cells with determinant < 0.001                : 0

Iteration 6
Moving mesh using displacement scaling : min:0  max:1
Checking faces in error :
    non-orthogonality > 65  degrees                        : 0
    faces with face pyramid volume < 1e-13                 : 0
    faces with face-decomposition tet quality < 1e-15      : 0
    faces with concavity > 80  degrees                     : 0
    faces with skewness > 4   (internal) or 20  (boundary) : 0
    faces with interpolation weights (0..1)  < 0.02        : 0
    faces with volume ratio of neighbour cells < 0.01      : 0
    faces with face twist < 0.02                           : 0
    faces on cells with determinant < 0.001                : 0
Successfully moved mesh
Moved mesh in = 6.164064 s



Morph iteration 7
-----------------
Calculating patchDisplacement as distance to nearest surface point ...
Wanted displacement : average:0.00202544841 min:1.027148152e-07 max:0.04571986083
Calculated surface displacement in = 0.094952 s


Detecting near surfaces ...
Overriding nearest with intersection of close gaps at 0 out of 43050 points.
Overriding displacement on features :
   implicit features    : false
   explicit features    : true
   multi-patch features : false

Detected 2 baffle edges out of 85096 edges.
Initially selected 2533 points out of 43050 for reverse attraction.
Selected 6801 points out of 43050 for reverse attraction.
Stringing feature edges : changed 0 points
Attraction:
     linear   : max:(-0.006388269883 0.02734510182 0.03607964923) avg:(1.012433616e-05 0.0001487024302 3.759581561e-06)
     feature  : max:(0 0 0) avg:(0 0 0)
Feature analysis : total master points:43050 attraction to :
    feature point   : 0
    feature edge    : 0
    nearest surface : 0
    rest            : 43050

--> FOAM Warning : Displacement (-0.0002492176393 0.0002988866259 0.0009798921172) at mesh point 95443 coord (9.704024166 -1.119437221 0.6219732766) points through the surrounding patch faces
Smoothing displacement ...
Iteration 0
Iteration 10
Iteration 20
Displacement smoothed in = 1.472295 s


Moving mesh ...

Iteration 0
Moving mesh using displacement scaling : min:1  max:1
Checking faces in error :
    non-orthogonality > 65  degrees                        : 0
    faces with face pyramid volume < 1e-13                 : 0
    faces with face-decomposition tet quality < 1e-15      : 36
    faces with concavity > 80  degrees                     : 1
    faces with skewness > 4   (internal) or 20  (boundary) : 0
    faces with interpolation weights (0..1)  < 0.02        : 0
    faces with volume ratio of neighbour cells < 0.01      : 0
    faces with face twist < 0.02                           : 6
    faces on cells with determinant < 0.001                : 0

Iteration 1
Moving mesh using displacement scaling : min:0.75  max:1
Checking faces in error :
    non-orthogonality > 65  degrees                        : 0
    faces with face pyramid volume < 1e-13                 : 0
    faces with face-decomposition tet quality < 1e-15      : 17
    faces with concavity > 80  degrees                     : 1
    faces with skewness > 4   (internal) or 20  (boundary) : 0
    faces with interpolation weights (0..1)  < 0.02        : 0
    faces with volume ratio of neighbour cells < 0.01      : 0
    faces with face twist < 0.02                           : 5
    faces on cells with determinant < 0.001                : 0

Iteration 2
Moving mesh using displacement scaling : min:0.5625  max:1
Checking faces in error :
    non-orthogonality > 65  degrees                        : 0
    faces with face pyramid volume < 1e-13                 : 0
    faces with face-decomposition tet quality < 1e-15      : 14
    faces with concavity > 80  degrees                     : 1
    faces with skewness > 4   (internal) or 20  (boundary) : 0
    faces with interpolation weights (0..1)  < 0.02        : 0
    faces with volume ratio of neighbour cells < 0.01      : 0
    faces with face twist < 0.02                           : 1
    faces on cells with determinant < 0.001                : 0

Iteration 3
Moving mesh using displacement scaling : min:0.421875  max:1
Checking faces in error :
    non-orthogonality > 65  degrees                        : 0
    faces with face pyramid volume < 1e-13                 : 0
    faces with face-decomposition tet quality < 1e-15      : 9
    faces with concavity > 80  degrees                     : 1
    faces with skewness > 4   (internal) or 20  (boundary) : 0
    faces with interpolation weights (0..1)  < 0.02        : 0
    faces with volume ratio of neighbour cells < 0.01      : 0
    faces with face twist < 0.02                           : 3
    faces on cells with determinant < 0.001                : 0

Iteration 4
Moving mesh using displacement scaling : min:0.31640625  max:1
Checking faces in error :
    non-orthogonality > 65  degrees                        : 0
    faces with face pyramid volume < 1e-13                 : 0
    faces with face-decomposition tet quality < 1e-15      : 9
    faces with concavity > 80  degrees                     : 1
    faces with skewness > 4   (internal) or 20  (boundary) : 0
    faces with interpolation weights (0..1)  < 0.02        : 0
    faces with volume ratio of neighbour cells < 0.01      : 0
    faces with face twist < 0.02                           : 2
    faces on cells with determinant < 0.001                : 0

Iteration 5
Displacement scaling for error reduction set to 0.
Moving mesh using displacement scaling : min:0.2373046875  max:1
Checking faces in error :
    non-orthogonality > 65  degrees                        : 0
    faces with face pyramid volume < 1e-13                 : 0
    faces with face-decomposition tet quality < 1e-15      : 8
    faces with concavity > 80  degrees                     : 1
    faces with skewness > 4   (internal) or 20  (boundary) : 0
    faces with interpolation weights (0..1)  < 0.02        : 0
    faces with volume ratio of neighbour cells < 0.01      : 0
    faces with face twist < 0.02                           : 2
    faces on cells with determinant < 0.001                : 0

Iteration 6
Moving mesh using displacement scaling : min:0  max:1
Checking faces in error :
    non-orthogonality > 65  degrees                        : 0
    faces with face pyramid volume < 1e-13                 : 0
    faces with face-decomposition tet quality < 1e-15      : 0
    faces with concavity > 80  degrees                     : 0
    faces with skewness > 4   (internal) or 20  (boundary) : 0
    faces with interpolation weights (0..1)  < 0.02        : 0
    faces with volume ratio of neighbour cells < 0.01      : 0
    faces with face twist < 0.02                           : 0
    faces on cells with determinant < 0.001                : 0
Successfully moved mesh
Moved mesh in = 5.806219 s



Morph iteration 8
-----------------
Calculating patchDisplacement as distance to nearest surface point ...
Wanted displacement : average:0.0007731471093 min:4.125703208e-08 max:0.03949093553
Calculated surface displacement in = 0.089814 s


Detecting near surfaces ...
Overriding nearest with intersection of close gaps at 1 out of 43050 points.
Overriding displacement on features :
   implicit features    : false
   explicit features    : true
   multi-patch features : false

Detected 2 baffle edges out of 85096 edges.
Initially selected 2532 points out of 43050 for reverse attraction.
Selected 6796 points out of 43050 for reverse attraction.
Stringing feature edges : changed 0 points
Attraction:
     linear   : max:(0.006858549455 0.03884491683 -0.001888577456) avg:(7.932612296e-07 4.753073334e-05 1.403852294e-06)
     feature  : max:(0 0 0) avg:(0 0 0)
Feature analysis : total master points:43050 attraction to :
    feature point   : 0
    feature edge    : 0
    nearest surface : 0
    rest            : 43050

--> FOAM Warning : Displacement (-0.0002498701074 0.0002378288202 0.0009928901599) at mesh point 95443 coord (9.703883981 -1.119269097 0.6225244659) points through the surrounding patch faces
Smoothing displacement ...
Iteration 0
Iteration 10
Iteration 20
Displacement smoothed in = 1.382803 s


Moving mesh ...

Iteration 0
Moving mesh using displacement scaling : min:1  max:1
Checking faces in error :
    non-orthogonality > 65  degrees                        : 0
    faces with face pyramid volume < 1e-13                 : 2
    faces with face-decomposition tet quality < 1e-15      : 89
    faces with concavity > 80  degrees                     : 4
    faces with skewness > 4   (internal) or 20  (boundary) : 0
    faces with interpolation weights (0..1)  < 0.02        : 0
    faces with volume ratio of neighbour cells < 0.01      : 0
    faces with face twist < 0.02                           : 2
    faces on cells with determinant < 0.001                : 0

Iteration 1
Moving mesh using displacement scaling : min:0.75  max:1
Checking faces in error :
    non-orthogonality > 65  degrees                        : 0
    faces with face pyramid volume < 1e-13                 : 0
    faces with face-decomposition tet quality < 1e-15      : 81
    faces with concavity > 80  degrees                     : 3
    faces with skewness > 4   (internal) or 20  (boundary) : 0
    faces with interpolation weights (0..1)  < 0.02        : 0
    faces with volume ratio of neighbour cells < 0.01      : 0
    faces with face twist < 0.02                           : 2
    faces on cells with determinant < 0.001                : 0

Iteration 2
Moving mesh using displacement scaling : min:0.5625  max:1
Checking faces in error :
    non-orthogonality > 65  degrees                        : 0
    faces with face pyramid volume < 1e-13                 : 0
    faces with face-decomposition tet quality < 1e-15      : 71
    faces with concavity > 80  degrees                     : 3
    faces with skewness > 4   (internal) or 20  (boundary) : 0
    faces with interpolation weights (0..1)  < 0.02        : 0
    faces with volume ratio of neighbour cells < 0.01      : 0
    faces with face twist < 0.02                           : 6
    faces on cells with determinant < 0.001                : 0

Iteration 3
Moving mesh using displacement scaling : min:0.421875  max:1
Checking faces in error :
    non-orthogonality > 65  degrees                        : 0
    faces with face pyramid volume < 1e-13                 : 0
    faces with face-decomposition tet quality < 1e-15      : 62
    faces with concavity > 80  degrees                     : 3
    faces with skewness > 4   (internal) or 20  (boundary) : 0
    faces with interpolation weights (0..1)  < 0.02        : 0
    faces with volume ratio of neighbour cells < 0.01      : 0
    faces with face twist < 0.02                           : 6
    faces on cells with determinant < 0.001                : 0

Iteration 4
Moving mesh using displacement scaling : min:0.31640625  max:1
Checking faces in error :
    non-orthogonality > 65  degrees                        : 0
    faces with face pyramid volume < 1e-13                 : 0
    faces with face-decomposition tet quality < 1e-15      : 49
    faces with concavity > 80  degrees                     : 3
    faces with skewness > 4   (internal) or 20  (boundary) : 0
    faces with interpolation weights (0..1)  < 0.02        : 0
    faces with volume ratio of neighbour cells < 0.01      : 0
    faces with face twist < 0.02                           : 11
    faces on cells with determinant < 0.001                : 0

Iteration 5
Displacement scaling for error reduction set to 0.
Moving mesh using displacement scaling : min:0.2373046875  max:1
Checking faces in error :
    non-orthogonality > 65  degrees                        : 0
    faces with face pyramid volume < 1e-13                 : 0
    faces with face-decomposition tet quality < 1e-15      : 37
    faces with concavity > 80  degrees                     : 2
    faces with skewness > 4   (internal) or 20  (boundary) : 0
    faces with interpolation weights (0..1)  < 0.02        : 0
    faces with volume ratio of neighbour cells < 0.01      : 0
    faces with face twist < 0.02                           : 11
    faces on cells with determinant < 0.001                : 0

Iteration 6
Moving mesh using displacement scaling : min:0  max:1
Checking faces in error :
    non-orthogonality > 65  degrees                        : 0
    faces with face pyramid volume < 1e-13                 : 0
    faces with face-decomposition tet quality < 1e-15      : 0
    faces with concavity > 80  degrees                     : 0
    faces with skewness > 4   (internal) or 20  (boundary) : 0
    faces with interpolation weights (0..1)  < 0.02        : 0
    faces with volume ratio of neighbour cells < 0.01      : 0
    faces with face twist < 0.02                           : 0
    faces on cells with determinant < 0.001                : 0
Successfully moved mesh
Moved mesh in = 6.307182 s



Morph iteration 9
-----------------
Calculating patchDisplacement as distance to nearest surface point ...
Wanted displacement : average:0.0002116973036 min:1.831067649e-08 max:0.03949093553
Calculated surface displacement in = 0.088393 s


Detecting near surfaces ...
Overriding nearest with intersection of close gaps at 2 out of 43050 points.
Overriding displacement on features :
   implicit features    : false
   explicit features    : true
   multi-patch features : false

Detected 2 baffle edges out of 85096 edges.
Initially selected 2532 points out of 43050 for reverse attraction.
Selected 6796 points out of 43050 for reverse attraction.
Stringing feature edges : changed 0 points
Attraction:
     linear   : max:(0.006858549455 0.03884491683 -0.001888577456) avg:(-1.308369896e-06 1.717435998e-05 5.676357133e-07)
     feature  : max:(0 0 0) avg:(0 0 0)
Feature analysis : total master points:43050 attraction to :
    feature point   : 0
    feature edge    : 0
    nearest surface : 0
    rest            : 43050

--> FOAM Warning : Displacement (-0.0002902082369 -0.0002903057052 0.001359330596) at mesh point 95443 coord (9.703883981 -1.119269097 0.6225244659) points through the surrounding patch faces
Smoothing displacement ...
Iteration 0
Iteration 10
Iteration 20
Displacement smoothed in = 1.162478 s


Moving mesh ...

Iteration 0
Moving mesh using displacement scaling : min:1  max:1
Checking faces in error :
    non-orthogonality > 65  degrees                        : 0
    faces with face pyramid volume < 1e-13                 : 3
    faces with face-decomposition tet quality < 1e-15      : 92
    faces with concavity > 80  degrees                     : 4
    faces with skewness > 4   (internal) or 20  (boundary) : 0
    faces with interpolation weights (0..1)  < 0.02        : 0
    faces with volume ratio of neighbour cells < 0.01      : 0
    faces with face twist < 0.02                           : 5
    faces on cells with determinant < 0.001                : 0

Iteration 1
Moving mesh using displacement scaling : min:0.75  max:1
Checking faces in error :
    non-orthogonality > 65  degrees                        : 0
    faces with face pyramid volume < 1e-13                 : 0
    faces with face-decomposition tet quality < 1e-15      : 90
    faces with concavity > 80  degrees                     : 4
    faces with skewness > 4   (internal) or 20  (boundary) : 0
    faces with interpolation weights (0..1)  < 0.02        : 0
    faces with volume ratio of neighbour cells < 0.01      : 0
    faces with face twist < 0.02                           : 8
    faces on cells with determinant < 0.001                : 0

Iteration 2
Moving mesh using displacement scaling : min:0.5625  max:1
Checking faces in error :
    non-orthogonality > 65  degrees                        : 0
    faces with face pyramid volume < 1e-13                 : 0
    faces with face-decomposition tet quality < 1e-15      : 86
    faces with concavity > 80  degrees                     : 4
    faces with skewness > 4   (internal) or 20  (boundary) : 0
    faces with interpolation weights (0..1)  < 0.02        : 0
    faces with volume ratio of neighbour cells < 0.01      : 0
    faces with face twist < 0.02                           : 8
    faces on cells with determinant < 0.001                : 0

Iteration 3
Moving mesh using displacement scaling : min:0.421875  max:1
Checking faces in error :
    non-orthogonality > 65  degrees                        : 0
    faces with face pyramid volume < 1e-13                 : 0
    faces with face-decomposition tet quality < 1e-15      : 82
    faces with concavity > 80  degrees                     : 4
    faces with skewness > 4   (internal) or 20  (boundary) : 0
    faces with interpolation weights (0..1)  < 0.02        : 0
    faces with volume ratio of neighbour cells < 0.01      : 0
    faces with face twist < 0.02                           : 7
    faces on cells with determinant < 0.001                : 0

Iteration 4
Moving mesh using displacement scaling : min:0.31640625  max:1
Checking faces in error :
    non-orthogonality > 65  degrees                        : 0
    faces with face pyramid volume < 1e-13                 : 0
    faces with face-decomposition tet quality < 1e-15      : 77
    faces with concavity > 80  degrees                     : 4
    faces with skewness > 4   (internal) or 20  (boundary) : 0
    faces with interpolation weights (0..1)  < 0.02        : 0
    faces with volume ratio of neighbour cells < 0.01      : 0
    faces with face twist < 0.02                           : 9
    faces on cells with determinant < 0.001                : 0

Iteration 5
Displacement scaling for error reduction set to 0.
Moving mesh using displacement scaling : min:0.2373046875  max:1
Checking faces in error :
    non-orthogonality > 65  degrees                        : 0
    faces with face pyramid volume < 1e-13                 : 0
    faces with face-decomposition tet quality < 1e-15      : 71
    faces with concavity > 80  degrees                     : 4
    faces with skewness > 4   (internal) or 20  (boundary) : 0
    faces with interpolation weights (0..1)  < 0.02        : 0
    faces with volume ratio of neighbour cells < 0.01      : 0
    faces with face twist < 0.02                           : 12
    faces on cells with determinant < 0.001                : 0

Iteration 6
Moving mesh using displacement scaling : min:0  max:1
Checking faces in error :
    non-orthogonality > 65  degrees                        : 0
    faces with face pyramid volume < 1e-13                 : 0
    faces with face-decomposition tet quality < 1e-15      : 0
    faces with concavity > 80  degrees                     : 0
    faces with skewness > 4   (internal) or 20  (boundary) : 0
    faces with interpolation weights (0..1)  < 0.02        : 0
    faces with volume ratio of neighbour cells < 0.01      : 0
    faces with face twist < 0.02                           : 0
    faces on cells with determinant < 0.001                : 0
Successfully moved mesh
Moved mesh in = 6.445519 s


Repatching faces according to nearest surface ...
Repatched 0 faces in = 0.260384 s


Edge intersection testing:
    Number of edges             : 409654
    Number of edges to retest   : 140147
    Number of intersected edges : 42047
Merging 12741 sets of faces.

Edge intersection testing:
    Number of edges             : 392561
    Number of edges to retest   : 51632
    Number of intersected edges : 24935

Undo iteration 0
----------------
Checking faces in error :
    non-orthogonality > 65  degrees                        : 0
    faces with face pyramid volume < 1e-13                 : 0
    faces with face-decomposition tet quality < 1e-15      : 4
    faces with concavity > 80  degrees                     : 0
    faces with skewness > 4   (internal) or 20  (boundary) : 0
    faces with interpolation weights (0..1)  < 0.02        : 0
    faces with volume ratio of neighbour cells < 0.01      : 0
    faces with face twist < 0.02                           : 0
    faces on cells with determinant < 0.001                : 0
Masters that need to be restored:5
Edge intersection testing:
    Number of edges             : 392573
    Number of edges to retest   : 35
    Number of intersected edges : 24948


Undo iteration 1
----------------
Checking faces in error :
    non-orthogonality > 65  degrees                        : 0
    faces with face pyramid volume < 1e-13                 : 0
    faces with face-decomposition tet quality < 1e-15      : 0
    faces with concavity > 80  degrees                     : 0
    faces with skewness > 4   (internal) or 20  (boundary) : 0
    faces with interpolation weights (0..1)  < 0.02        : 0
    faces with volume ratio of neighbour cells < 0.01      : 0
    faces with face twist < 0.02                           : 0
    faces on cells with determinant < 0.001                : 0

Merging all points on surface that
- are used by only two boundary faces and
- make an angle with a cosine of more than 0.8660254038.

Removing 8339 straight edge points ...

Edge intersection testing:
    Number of edges             : 392573
    Number of edges to retest   : 45436
    Number of intersected edges : 24938

Undo iteration 0
----------------
Checking faces in error :
    non-orthogonality > 65  degrees                        : 0
    faces with face pyramid volume < 1e-13                 : 0
    faces with face-decomposition tet quality < 1e-15      : 0
    faces with concavity > 80  degrees                     : 0
    faces with skewness > 4   (internal) or 20  (boundary) : 0
    faces with interpolation weights (0..1)  < 0.02        : 0
    faces with volume ratio of neighbour cells < 0.01      : 0
    faces with face twist < 0.02                           : 0
    faces on cells with determinant < 0.001                : 0
Snapped mesh : cells:120704  faces:392573  points:156593
Cells per refinement level:
    0	8881
    1	16204
    2	66242
    3	29377
Writing mesh to time constant
Wrote mesh in = 6.395785 s.
Mesh snapped in = 73.144367 s.
Checking final mesh ...
Checking faces in error :
    non-orthogonality > 65  degrees                        : 0
    faces with face pyramid volume < 1e-13                 : 0
    faces with face-decomposition tet quality < 1e-15      : 0
    faces with concavity > 80  degrees                     : 0
    faces with skewness > 4   (internal) or 20  (boundary) : 0
    faces with interpolation weights (0..1)  < 0.02        : 0
    faces with volume ratio of neighbour cells < 0.01      : 0
    faces with face twist < 0.02                           : 0
    faces on cells with determinant < 0.001                : 0
Finished meshing without any errors
Finished meshing in = 106.026296 s.
End

